Archive member included because of file (symbol)

/home/shihyu/data/STM32F4/gcc-arm-none-eabi-4_8-2013q4/bin/../lib/gcc/arm-none-eabi/4.8.3/../../../../arm-none-eabi/lib/armv7e-m/softfp/libc.a(lib_a-exit.o)
                              /home/shihyu/data/STM32F4/gcc-arm-none-eabi-4_8-2013q4/bin/../lib/gcc/arm-none-eabi/4.8.3/../../../../arm-none-eabi/lib/armv7e-m/softfp/crt0.o (exit)
/home/shihyu/data/STM32F4/gcc-arm-none-eabi-4_8-2013q4/bin/../lib/gcc/arm-none-eabi/4.8.3/../../../../arm-none-eabi/lib/armv7e-m/softfp/libc.a(lib_a-impure.o)
                              /home/shihyu/data/STM32F4/gcc-arm-none-eabi-4_8-2013q4/bin/../lib/gcc/arm-none-eabi/4.8.3/../../../../arm-none-eabi/lib/armv7e-m/softfp/libc.a(lib_a-exit.o) (_global_impure_ptr)
/home/shihyu/data/STM32F4/gcc-arm-none-eabi-4_8-2013q4/bin/../lib/gcc/arm-none-eabi/4.8.3/../../../../arm-none-eabi/lib/armv7e-m/softfp/libc.a(lib_a-init.o)
                              /home/shihyu/data/STM32F4/gcc-arm-none-eabi-4_8-2013q4/bin/../lib/gcc/arm-none-eabi/4.8.3/../../../../arm-none-eabi/lib/armv7e-m/softfp/crt0.o (__libc_init_array)
/home/shihyu/data/STM32F4/gcc-arm-none-eabi-4_8-2013q4/bin/../lib/gcc/arm-none-eabi/4.8.3/../../../../arm-none-eabi/lib/armv7e-m/softfp/libc.a(lib_a-malloc.o)
                              obj/src/modbus.o (malloc)
/home/shihyu/data/STM32F4/gcc-arm-none-eabi-4_8-2013q4/bin/../lib/gcc/arm-none-eabi/4.8.3/../../../../arm-none-eabi/lib/armv7e-m/softfp/libc.a(lib_a-mallocr.o)
                              /home/shihyu/data/STM32F4/gcc-arm-none-eabi-4_8-2013q4/bin/../lib/gcc/arm-none-eabi/4.8.3/../../../../arm-none-eabi/lib/armv7e-m/softfp/libc.a(lib_a-malloc.o) (_malloc_r)
/home/shihyu/data/STM32F4/gcc-arm-none-eabi-4_8-2013q4/bin/../lib/gcc/arm-none-eabi/4.8.3/../../../../arm-none-eabi/lib/armv7e-m/softfp/libc.a(lib_a-memcmp.o)
                              obj/src/modbus.o (memcmp)
/home/shihyu/data/STM32F4/gcc-arm-none-eabi-4_8-2013q4/bin/../lib/gcc/arm-none-eabi/4.8.3/../../../../arm-none-eabi/lib/armv7e-m/softfp/libc.a(lib_a-memcpy.o)
                              obj/FreeRTOS/Source/queue.o (memcpy)
/home/shihyu/data/STM32F4/gcc-arm-none-eabi-4_8-2013q4/bin/../lib/gcc/arm-none-eabi/4.8.3/../../../../arm-none-eabi/lib/armv7e-m/softfp/libc.a(lib_a-memset.o)
                              /home/shihyu/data/STM32F4/gcc-arm-none-eabi-4_8-2013q4/bin/../lib/gcc/arm-none-eabi/4.8.3/../../../../arm-none-eabi/lib/armv7e-m/softfp/crt0.o (memset)
/home/shihyu/data/STM32F4/gcc-arm-none-eabi-4_8-2013q4/bin/../lib/gcc/arm-none-eabi/4.8.3/../../../../arm-none-eabi/lib/armv7e-m/softfp/libc.a(lib_a-printf.o)
                              obj/src/modbus.o (printf)
/home/shihyu/data/STM32F4/gcc-arm-none-eabi-4_8-2013q4/bin/../lib/gcc/arm-none-eabi/4.8.3/../../../../arm-none-eabi/lib/armv7e-m/softfp/libc.a(lib_a-sprintf.o)
                              obj/FreeRTOS/Source/tasks.o (sprintf)
/home/shihyu/data/STM32F4/gcc-arm-none-eabi-4_8-2013q4/bin/../lib/gcc/arm-none-eabi/4.8.3/../../../../arm-none-eabi/lib/armv7e-m/softfp/libc.a(lib_a-strcat.o)
                              obj/FreeRTOS/Source/tasks.o (strcat)
/home/shihyu/data/STM32F4/gcc-arm-none-eabi-4_8-2013q4/bin/../lib/gcc/arm-none-eabi/4.8.3/../../../../arm-none-eabi/lib/armv7e-m/softfp/libc.a(lib_a-strcpy.o)
                              /home/shihyu/data/STM32F4/gcc-arm-none-eabi-4_8-2013q4/bin/../lib/gcc/arm-none-eabi/4.8.3/../../../../arm-none-eabi/lib/armv7e-m/softfp/libc.a(lib_a-strcat.o) (strcpy)
/home/shihyu/data/STM32F4/gcc-arm-none-eabi-4_8-2013q4/bin/../lib/gcc/arm-none-eabi/4.8.3/../../../../arm-none-eabi/lib/armv7e-m/softfp/libc.a(lib_a-strlen.o)
                              obj/FreeRTOS/Source/tasks.o (strlen)
/home/shihyu/data/STM32F4/gcc-arm-none-eabi-4_8-2013q4/bin/../lib/gcc/arm-none-eabi/4.8.3/../../../../arm-none-eabi/lib/armv7e-m/softfp/libc.a(lib_a-strncpy.o)
                              obj/FreeRTOS/Source/tasks.o (strncpy)
/home/shihyu/data/STM32F4/gcc-arm-none-eabi-4_8-2013q4/bin/../lib/gcc/arm-none-eabi/4.8.3/../../../../arm-none-eabi/lib/armv7e-m/softfp/libc.a(lib_a-svfprintf.o)
                              /home/shihyu/data/STM32F4/gcc-arm-none-eabi-4_8-2013q4/bin/../lib/gcc/arm-none-eabi/4.8.3/../../../../arm-none-eabi/lib/armv7e-m/softfp/libc.a(lib_a-sprintf.o) (_svfprintf_r)
/home/shihyu/data/STM32F4/gcc-arm-none-eabi-4_8-2013q4/bin/../lib/gcc/arm-none-eabi/4.8.3/../../../../arm-none-eabi/lib/armv7e-m/softfp/libc.a(lib_a-vfprintf.o)
                              /home/shihyu/data/STM32F4/gcc-arm-none-eabi-4_8-2013q4/bin/../lib/gcc/arm-none-eabi/4.8.3/../../../../arm-none-eabi/lib/armv7e-m/softfp/libc.a(lib_a-printf.o) (_vfprintf_r)
/home/shihyu/data/STM32F4/gcc-arm-none-eabi-4_8-2013q4/bin/../lib/gcc/arm-none-eabi/4.8.3/../../../../arm-none-eabi/lib/armv7e-m/softfp/libc.a(lib_a-wsetup.o)
[...]
Memory Configuration

Name             Origin             Length             Attributes
FLASH            0x08000000         0x00100000         xr
RAM              0x20000000         0x00020000         xrw
MEMORY_B1        0x60000000         0x00000000         xr
*default*        0x00000000         0xffffffff

Linker script and memory map

LOAD /home/shihyu/data/STM32F4/gcc-arm-none-eabi-4_8-2013q4/bin/../lib/gcc/arm-none-eabi/4.8.3/armv7e-m/softfp/crti.o
LOAD /home/shihyu/data/STM32F4/gcc-arm-none-eabi-4_8-2013q4/bin/../lib/gcc/arm-none-eabi/4.8.3/armv7e-m/softfp/crtbegin.o
LOAD /home/shihyu/data/STM32F4/gcc-arm-none-eabi-4_8-2013q4/bin/../lib/gcc/arm-none-eabi/4.8.3/../../../../arm-none-eabi/lib/armv7e-m/softfp/crt0.o
LOAD obj/src/uart.o
LOAD obj/src/ustime.o
LOAD obj/src/main.o
LOAD obj/src/startup_stm32f4xx.o
LOAD obj/src/system_stm32f4xx.o
LOAD obj/src/syscalls.o
LOAD obj/src/modbus.o
LOAD obj/src/test.o
LOAD obj/FreeRTOS/Source/tasks.o
LOAD obj/FreeRTOS/Source/queue.o
LOAD obj/FreeRTOS/Source/list.o
LOAD obj/FreeRTOS/Source/croutine.o
LOAD obj/FreeRTOS/Source/portable/GCC/ARM_CM4F/port.o
LOAD obj/libs/STM32F4xx_StdPeriph_Driver/src/misc.o
LOAD obj/libs/STM32F4xx_StdPeriph_Driver/src/stm32f4xx_adc.o
LOAD obj/libs/STM32F4xx_StdPeriph_Driver/src/stm32f4xx_can.o
LOAD obj/libs/STM32F4xx_StdPeriph_Driver/src/stm32f4xx_crc.o
LOAD obj/libs/STM32F4xx_StdPeriph_Driver/src/stm32f4xx_cryp.o
LOAD obj/libs/STM32F4xx_StdPeriph_Driver/src/stm32f4xx_cryp_aes.o
LOAD obj/libs/STM32F4xx_StdPeriph_Driver/src/stm32f4xx_cryp_des.o
LOAD obj/libs/STM32F4xx_StdPeriph_Driver/src/stm32f4xx_cryp_tdes.o
LOAD obj/libs/STM32F4xx_StdPeriph_Driver/src/stm32f4xx_dac.o
LOAD obj/libs/STM32F4xx_StdPeriph_Driver/src/stm32f4xx_dbgmcu.o
LOAD obj/libs/STM32F4xx_StdPeriph_Driver/src/stm32f4xx_dcmi.o
LOAD obj/libs/STM32F4xx_StdPeriph_Driver/src/stm32f4xx_dma.o
LOAD obj/libs/STM32F4xx_StdPeriph_Driver/src/stm32f4xx_exti.o
LOAD obj/libs/STM32F4xx_StdPeriph_Driver/src/stm32f4xx_flash.o
LOAD obj/libs/STM32F4xx_StdPeriph_Driver/src/stm32f4xx_fsmc.o
LOAD obj/libs/STM32F4xx_StdPeriph_Driver/src/stm32f4xx_gpio.o
LOAD obj/libs/STM32F4xx_StdPeriph_Driver/src/stm32f4xx_hash.o
LOAD obj/libs/STM32F4xx_StdPeriph_Driver/src/stm32f4xx_hash_md5.o
LOAD obj/libs/STM32F4xx_StdPeriph_Driver/src/stm32f4xx_hash_sha1.o
LOAD obj/libs/STM32F4xx_StdPeriph_Driver/src/stm32f4xx_i2c.o
LOAD obj/libs/STM32F4xx_StdPeriph_Driver/src/stm32f4xx_iwdg.o
LOAD obj/libs/STM32F4xx_StdPeriph_Driver/src/stm32f4xx_pwr.o
LOAD obj/libs/STM32F4xx_StdPeriph_Driver/src/stm32f4xx_rcc.o
LOAD obj/libs/STM32F4xx_StdPeriph_Driver/src/stm32f4xx_rng.o
LOAD obj/libs/STM32F4xx_StdPeriph_Driver/src/stm32f4xx_rtc.o
LOAD obj/libs/STM32F4xx_StdPeriph_Driver/src/stm32f4xx_sdio.o
LOAD obj/libs/STM32F4xx_StdPeriph_Driver/src/stm32f4xx_spi.o
LOAD obj/libs/STM32F4xx_StdPeriph_Driver/src/stm32f4xx_syscfg.o
LOAD obj/libs/STM32F4xx_StdPeriph_Driver/src/stm32f4xx_tim.o
LOAD obj/libs/STM32F4xx_StdPeriph_Driver/src/stm32f4xx_usart.o
LOAD obj/libs/STM32F4xx_StdPeriph_Driver/src/stm32f4xx_wwdg.o
LOAD /home/shihyu/data/STM32F4/gcc-arm-none-eabi-4_8-2013q4/bin/../lib/gcc/arm-none-eabi/4.8.3/../../../../arm-none-eabi/lib/armv7e-m/softfp/libm.a
START GROUP
LOAD /home/shihyu/data/STM32F4/gcc-arm-none-eabi-4_8-2013q4/bin/../lib/gcc/arm-none-eabi/4.8.3/armv7e-m/softfp/libgcc.a
LOAD /home/shihyu/data/STM32F4/gcc-arm-none-eabi-4_8-2013q4/bin/../lib/gcc/arm-none-eabi/4.8.3/../../../../arm-none-eabi/lib/armv7e-m/softfp/libc.a
END GROUP
LOAD /home/shihyu/data/STM32F4/gcc-arm-none-eabi-4_8-2013q4/bin/../lib/gcc/arm-none-eabi/4.8.3/armv7e-m/softfp/crtend.o
LOAD /home/shihyu/data/STM32F4/gcc-arm-none-eabi-4_8-2013q4/bin/../lib/gcc/arm-none-eabi/4.8.3/armv7e-m/softfp/crtn.o
                0x20020000                _estack = 0x20020000
                0x00000000                _Min_Heap_Size = 0x0
                0x00000400                _Min_Stack_Size = 0x400

.isr_vector     0x08000000      0x188
                0x08000000                . = ALIGN (0x4)
 *(.isr_vector)
 .isr_vector    0x08000000      0x188 obj/src/startup_stm32f4xx.o
                0x08000000                g_pfnVectors
                0x08000188                . = ALIGN (0x4)

.text           0x08000188     0x2010
                0x08000188                . = ALIGN (0x4)
 *(.text)
 .text          0x08000188       0x54 /home/shihyu/data/STM32F4/gcc-arm-none-eabi-4_8-2013q4/bin/../lib/gcc/arm-none-eabi/4.8.3/armv7e-m/softfp/crtbegin.o
 *(.text*)
 .text.rb_getc  0x080001dc       0x64 obj/src/uart.o
 .text.rb_putc  0x08000240       0x64 obj/src/uart.o
 .text.USART1_IRQHandler
                0x080002a4       0x98 obj/src/uart.o
                0x080002a4                USART1_IRQHandler
 .text.get_us_time
                0x0800033c       0x6c obj/src/ustime.o
                0x0800033c                get_us_time
 .text.init_us_timer
                0x080003a8       0x50 obj/src/ustime.o
                0x080003a8                init_us_timer
 .text.UsartTask
                0x080003f8       0x5c obj/src/main.o
 .text.initx    0x08000454       0xb4 obj/src/main.o
                0x08000454                initx
 .text.main     0x08000508       0x3c obj/src/main.o
                0x08000508                main
 .text.Reset_Handler
                0x08000544       0x60 obj/src/startup_stm32f4xx.o
                0x08000544                Reset_Handler
 .text.Default_Handler
                0x080005a4        0x4 obj/src/startup_stm32f4xx.o
                0x080005a4                RTC_Alarm_IRQHandler
                0x080005a4                HASH_RNG_IRQHandler
                0x080005a4                EXTI2_IRQHandler
                0x080005a4                TIM8_CC_IRQHandler
                0x080005a4                DebugMon_Handler
                0x080005a4                TIM1_CC_IRQHandler
                0x080005a4                DMA2_Stream5_IRQHandler
                0x080005a4                HardFault_Handler
                0x080005a4                DMA1_Stream5_IRQHandler
                0x080005a4                PVD_IRQHandler
                0x080005a4                SDIO_IRQHandler
                0x080005a4                TAMP_STAMP_IRQHandler
                0x080005a4                NMI_Handler
                0x080005a4                CAN2_RX1_IRQHandler
                0x080005a4                EXTI3_IRQHandler
                0x080005a4                TIM8_TRG_COM_TIM14_IRQHandler
                0x080005a4                TIM1_UP_TIM10_IRQHandler
                0x080005a4                TIM8_UP_TIM13_IRQHandler
                0x080005a4                I2C3_ER_IRQHandler
                0x080005a4                EXTI0_IRQHandler
                0x080005a4                I2C2_EV_IRQHandler
                0x080005a4                DMA1_Stream2_IRQHandler
                0x080005a4                CAN1_RX0_IRQHandler
                0x080005a4                FPU_IRQHandler
                0x080005a4                OTG_HS_WKUP_IRQHandler
                0x080005a4                UsageFault_Handler
                0x080005a4                CAN2_SCE_IRQHandler
                0x080005a4                DMA2_Stream2_IRQHandler
                0x080005a4                SPI1_IRQHandler
                0x080005a4                TIM6_DAC_IRQHandler
                0x080005a4                TIM1_BRK_TIM9_IRQHandler
                0x080005a4                DCMI_IRQHandler
                0x080005a4                CAN2_RX0_IRQHandler
                0x080005a4                DMA2_Stream3_IRQHandler
                0x080005a4                USART6_IRQHandler
                0x080005a4                USART3_IRQHandler
                0x080005a4                CRYP_IRQHandler
                0x080005a4                CAN1_RX1_IRQHandler
                0x080005a4                UART5_IRQHandler
                0x080005a4                DMA2_Stream0_IRQHandler
                0x080005a4                TIM4_IRQHandler
                0x080005a4                I2C1_EV_IRQHandler
                0x080005a4                DMA1_Stream6_IRQHandler
                0x080005a4                DMA1_Stream1_IRQHandler
                0x080005a4                UART4_IRQHandler
                0x080005a4                TIM3_IRQHandler
                0x080005a4                RCC_IRQHandler
                0x080005a4                TIM8_BRK_TIM12_IRQHandler
                0x080005a4                Default_Handler
                0x080005a4                EXTI15_10_IRQHandler
                0x080005a4                ADC_IRQHandler
                0x080005a4                DMA1_Stream7_IRQHandler
                0x080005a4                TIM7_IRQHandler
                0x080005a4                CAN2_TX_IRQHandler
                0x080005a4                TIM5_IRQHandler
                0x080005a4                DMA2_Stream7_IRQHandler
                0x080005a4                I2C3_EV_IRQHandler
                0x080005a4                EXTI9_5_IRQHandler
                0x080005a4                RTC_WKUP_IRQHandler
                0x080005a4                ETH_WKUP_IRQHandler
                0x080005a4                SPI2_IRQHandler
                0x080005a4                OTG_HS_EP1_IN_IRQHandler
                0x080005a4                MemManage_Handler
                0x080005a4                DMA1_Stream0_IRQHandler
                0x080005a4                CAN1_TX_IRQHandler
                0x080005a4                EXTI4_IRQHandler
                0x080005a4                FSMC_IRQHandler
                0x080005a4                ETH_IRQHandler
                0x080005a4                OTG_HS_EP1_OUT_IRQHandler
                0x080005a4                WWDG_IRQHandler
                0x080005a4                TIM2_IRQHandler
                0x080005a4                OTG_FS_WKUP_IRQHandler
                0x080005a4                TIM1_TRG_COM_TIM11_IRQHandler
                0x080005a4                OTG_HS_IRQHandler
                0x080005a4                EXTI1_IRQHandler
                0x080005a4                USART2_IRQHandler
                0x080005a4                I2C2_ER_IRQHandler
                0x080005a4                DMA2_Stream1_IRQHandler
                0x080005a4                CAN1_SCE_IRQHandler
                0x080005a4                FLASH_IRQHandler
                0x080005a4                DMA2_Stream4_IRQHandler
                0x080005a4                BusFault_Handler
                0x080005a4                OTG_FS_IRQHandler
                0x080005a4                SPI3_IRQHandler
                0x080005a4                DMA1_Stream4_IRQHandler
                0x080005a4                I2C1_ER_IRQHandler
                0x080005a4                DMA2_Stream6_IRQHandler
                0x080005a4                DMA1_Stream3_IRQHandler
 .text.SystemInit
                0x080005a8       0x58 obj/src/system_stm32f4xx.o
                0x080005a8                SystemInit
 .text.SetSysClock
                0x08000600      0x128 obj/src/system_stm32f4xx.o
 .text._sbrk_r  0x08000728       0x6c obj/src/syscalls.o
                0x08000728                _sbrk_r
 .text.__malloc_lock
                0x08000794       0x14 obj/src/syscalls.o
                0x08000794                __malloc_lock
 .text.__malloc_unlock
                0x080007a8       0x14 obj/src/syscalls.o
                0x080007a8                __malloc_unlock
 .text.xTaskGenericCreate
                0x080007bc      0x150 obj/FreeRTOS/Source/tasks.o
                0x080007bc                xTaskGenericCreate
 .text.vTaskStartScheduler
                0x0800090c       0x64 obj/FreeRTOS/Source/tasks.o
                0x0800090c                vTaskStartScheduler
 .text.vTaskSuspendAll
                0x08000970       0x1c obj/FreeRTOS/Source/tasks.o
                0x08000970                vTaskSuspendAll
 .text.xTaskResumeAll
                0x0800098c       0xf4 obj/FreeRTOS/Source/tasks.o
                0x0800098c                xTaskResumeAll
 .text.vTaskIncrementTick
                0x08000a80      0x12c obj/FreeRTOS/Source/tasks.o
                0x08000a80                vTaskIncrementTick
 .text.vTaskSwitchContext
                0x08000bac       0xc4 obj/FreeRTOS/Source/tasks.o
                0x08000bac                vTaskSwitchContext
 .text.prvIdleTask
                0x08000c70       0x20 obj/FreeRTOS/Source/tasks.o
 .text.prvInitialiseTCBVariables
                0x08000c90       0x78 obj/FreeRTOS/Source/tasks.o
 .text.prvInitialiseTaskLists
                0x08000d08       0x7c obj/FreeRTOS/Source/tasks.o
 .text.prvCheckTasksWaitingTermination
                0x08000d84       0x74 obj/FreeRTOS/Source/tasks.o
 .text.prvAllocateTCBAndStack
                0x08000df8       0x68 obj/FreeRTOS/Source/tasks.o
 .text.prvDeleteTCB
                0x08000e60       0x20 obj/FreeRTOS/Source/tasks.o
 .text.vListInitialise
                0x08000e80       0x40 obj/FreeRTOS/Source/list.o
                0x08000e80                vListInitialise
 .text.vListInitialiseItem
                0x08000ec0       0x18 obj/FreeRTOS/Source/list.o
                0x08000ec0                vListInitialiseItem
 .text.vListInsertEnd
                0x08000ed8       0x50 obj/FreeRTOS/Source/list.o
                0x08000ed8                vListInsertEnd
 .text.vListRemove
                0x08000f28       0x50 obj/FreeRTOS/Source/list.o
                0x08000f28                vListRemove
 .text.pxPortInitialiseStack
                0x08000f78       0x60 obj/FreeRTOS/Source/portable/GCC/ARM_CM4F/port.o
                0x08000f78                pxPortInitialiseStack
 .text.SVC_Handler
                0x08000fd8       0x1c obj/FreeRTOS/Source/portable/GCC/ARM_CM4F/port.o
                0x08000fd8                SVC_Handler
 .text.vPortStartFirstTask
                0x08000ff4       0x14 obj/FreeRTOS/Source/portable/GCC/ARM_CM4F/port.o
 .text.xPortStartScheduler
                0x08001008       0x4c obj/FreeRTOS/Source/portable/GCC/ARM_CM4F/port.o
                0x08001008                xPortStartScheduler
 .text.vPortYieldFromISR
                0x08001054       0x18 obj/FreeRTOS/Source/portable/GCC/ARM_CM4F/port.o
                0x08001054                vPortYieldFromISR
 .text.vPortEnterCritical
                0x0800106c       0x24 obj/FreeRTOS/Source/portable/GCC/ARM_CM4F/port.o
                0x0800106c                vPortEnterCritical
 .text.vPortExitCritical
                0x08001090       0x2c obj/FreeRTOS/Source/portable/GCC/ARM_CM4F/port.o
                0x08001090                vPortExitCritical
 .text.PendSV_Handler
                0x080010bc       0x50 obj/FreeRTOS/Source/portable/GCC/ARM_CM4F/port.o
                0x080010bc                PendSV_Handler
 .text.SysTick_Handler
                0x0800110c       0x30 obj/FreeRTOS/Source/portable/GCC/ARM_CM4F/port.o
                0x0800110c                SysTick_Handler
 .text.prvSetupTimerInterrupt
                0x0800113c       0x34 obj/FreeRTOS/Source/portable/GCC/ARM_CM4F/port.o
 .text.vPortEnableVFP
                0x08001170       0x14 obj/FreeRTOS/Source/portable/GCC/ARM_CM4F/port.o
 .text.GPIO_Init
                0x08001184      0x11c obj/libs/STM32F4xx_StdPeriph_Driver/src/stm32f4xx_gpio.o
                0x08001184                GPIO_Init
 .text.GPIO_PinAFConfig
                0x080012a0       0x8c obj/libs/STM32F4xx_StdPeriph_Driver/src/stm32f4xx_gpio.o
                0x080012a0                GPIO_PinAFConfig
 .text.RCC_GetClocksFreq
                0x0800132c      0x154 obj/libs/STM32F4xx_StdPeriph_Driver/src/stm32f4xx_rcc.o
                0x0800132c                RCC_GetClocksFreq
 .text.RCC_AHB1PeriphClockCmd
                0x08001480       0x3c obj/libs/STM32F4xx_StdPeriph_Driver/src/stm32f4xx_rcc.o
                0x08001480                RCC_AHB1PeriphClockCmd
 .text.RCC_APB1PeriphClockCmd
                0x080014bc       0x3c obj/libs/STM32F4xx_StdPeriph_Driver/src/stm32f4xx_rcc.o
                0x080014bc                RCC_APB1PeriphClockCmd
 .text.USART_Init
                0x080014f8      0x174 obj/libs/STM32F4xx_StdPeriph_Driver/src/stm32f4xx_usart.o
                0x080014f8                USART_Init
 .text.USART_Cmd
                0x0800166c       0x40 obj/libs/STM32F4xx_StdPeriph_Driver/src/stm32f4xx_usart.o
                0x0800166c                USART_Cmd
 .text.USART_SendData
                0x080016ac       0x24 obj/libs/STM32F4xx_StdPeriph_Driver/src/stm32f4xx_usart.o
                0x080016ac                USART_SendData
 .text.USART_ReceiveData
                0x080016d0       0x20 obj/libs/STM32F4xx_StdPeriph_Driver/src/stm32f4xx_usart.o
                0x080016d0                USART_ReceiveData
 .text.USART_GetFlagStatus
                0x080016f0       0x38 obj/libs/STM32F4xx_StdPeriph_Driver/src/stm32f4xx_usart.o
                0x080016f0                USART_GetFlagStatus
 .text.__libc_init_array
                0x08001728       0x50 /home/shihyu/data/STM32F4/gcc-arm-none-eabi-4_8-2013q4/bin/../lib/gcc/arm-none-eabi/4.8.3/../../../../arm-none-eabi/lib/armv7e-m/softfp/libc.a(lib_a-init.o)
                0x08001728                __libc_init_array
 .text.malloc   0x08001778       0x10 /home/shihyu/data/STM32F4/gcc-arm-none-eabi-4_8-2013q4/bin/../lib/gcc/arm-none-eabi/4.8.3/../../../../arm-none-eabi/lib/armv7e-m/softfp/libc.a(lib_a-malloc.o)
                0x08001778                malloc
 .text.free     0x08001788       0x10 /home/shihyu/data/STM32F4/gcc-arm-none-eabi-4_8-2013q4/bin/../lib/gcc/arm-none-eabi/4.8.3/../../../../arm-none-eabi/lib/armv7e-m/softfp/libc.a(lib_a-malloc.o)
                0x08001788                free
 .text._malloc_r
                0x08001798      0x538 /home/shihyu/data/STM32F4/gcc-arm-none-eabi-4_8-2013q4/bin/../lib/gcc/arm-none-eabi/4.8.3/../../../../arm-none-eabi/lib/armv7e-m/softfp/libc.a(lib_a-mallocr.o)
                0x08001798                _malloc_r
 .text.memset   0x08001cd0       0x94 /home/shihyu/data/STM32F4/gcc-arm-none-eabi-4_8-2013q4/bin/../lib/gcc/arm-none-eabi/4.8.3/../../../../arm-none-eabi/lib/armv7e-m/softfp/libc.a(lib_a-memset.o)
                0x08001cd0                memset
 .text.strncpy  0x08001d64       0x64 /home/shihyu/data/STM32F4/gcc-arm-none-eabi-4_8-2013q4/bin/../lib/gcc/arm-none-eabi/4.8.3/../../../../arm-none-eabi/lib/armv7e-m/softfp/libc.a(lib_a-strncpy.o)
                0x08001d64                strncpy
 .text.startup.register_fini
                0x08001dc8       0x14 /home/shihyu/data/STM32F4/gcc-arm-none-eabi-4_8-2013q4/bin/../lib/gcc/arm-none-eabi/4.8.3/../../../../arm-none-eabi/lib/armv7e-m/softfp/libc.a(lib_a-__call_atexit.o)
 .text.atexit   0x08001ddc        0xc /home/shihyu/data/STM32F4/gcc-arm-none-eabi-4_8-2013q4/bin/../lib/gcc/arm-none-eabi/4.8.3/../../../../arm-none-eabi/lib/armv7e-m/softfp/libc.a(lib_a-atexit.o)
                0x08001ddc                atexit
 .text.__libc_fini_array
                0x08001de8       0x30 /home/shihyu/data/STM32F4/gcc-arm-none-eabi-4_8-2013q4/bin/../lib/gcc/arm-none-eabi/4.8.3/../../../../arm-none-eabi/lib/armv7e-m/softfp/libc.a(lib_a-fini.o)
                0x08001de8                __libc_fini_array
 .text._malloc_trim_r
                0x08001e18       0x9c /home/shihyu/data/STM32F4/gcc-arm-none-eabi-4_8-2013q4/bin/../lib/gcc/arm-none-eabi/4.8.3/../../../../arm-none-eabi/lib/armv7e-m/softfp/libc.a(lib_a-freer.o)
                0x08001e18                _malloc_trim_r
 .text._free_r  0x08001eb4      0x19c /home/shihyu/data/STM32F4/gcc-arm-none-eabi-4_8-2013q4/bin/../lib/gcc/arm-none-eabi/4.8.3/../../../../arm-none-eabi/lib/armv7e-m/softfp/libc.a(lib_a-freer.o)
                0x08001eb4                _free_r
 .text.__register_exitproc
                0x08002050       0xa8 /home/shihyu/data/STM32F4/gcc-arm-none-eabi-4_8-2013q4/bin/../lib/gcc/arm-none-eabi/4.8.3/../../../../arm-none-eabi/lib/armv7e-m/softfp/libc.a(lib_a-__atexit.o)
                0x08002050                __register_exitproc
 *(.rodata)
 .rodata        0x080020f8        0xc obj/src/main.o
 .rodata        0x08002104       0x74 obj/FreeRTOS/Source/tasks.o
 *(.rodata*)
 .rodata.str1.4
                0x08002178        0x4 /home/shihyu/data/STM32F4/gcc-arm-none-eabi-4_8-2013q4/bin/../lib/gcc/arm-none-eabi/4.8.3/../../../../arm-none-eabi/lib/armv7e-m/softfp/libc.a(lib_a-impure.o)
 .rodata._global_impure_ptr
                0x0800217c        0x4 /home/shihyu/data/STM32F4/gcc-arm-none-eabi-4_8-2013q4/bin/../lib/gcc/arm-none-eabi/4.8.3/../../../../arm-none-eabi/lib/armv7e-m/softfp/libc.a(lib_a-impure.o)
                0x0800217c                _global_impure_ptr
 *(.glue_7)
 .glue_7        0x00000000        0x0 linker stubs
 *(.glue_7t)
 .glue_7t       0x00000000        0x0 linker stubs
 *(.eh_frame)
 .eh_frame      0x08002180        0x0 /home/shihyu/data/STM32F4/gcc-arm-none-eabi-4_8-2013q4/bin/../lib/gcc/arm-none-eabi/4.8.3/armv7e-m/softfp/crtbegin.o
 *(.init)
 .init          0x08002180        0x4 /home/shihyu/data/STM32F4/gcc-arm-none-eabi-4_8-2013q4/bin/../lib/gcc/arm-none-eabi/4.8.3/armv7e-m/softfp/crti.o
                0x08002180                _init
 .init          0x08002184        0x8 /home/shihyu/data/STM32F4/gcc-arm-none-eabi-4_8-2013q4/bin/../lib/gcc/arm-none-eabi/4.8.3/armv7e-m/softfp/crtn.o
 *(.fini)
 .fini          0x0800218c        0x4 /home/shihyu/data/STM32F4/gcc-arm-none-eabi-4_8-2013q4/bin/../lib/gcc/arm-none-eabi/4.8.3/armv7e-m/softfp/crti.o
                0x0800218c                _fini
 .fini          0x08002190        0x8 /home/shihyu/data/STM32F4/gcc-arm-none-eabi-4_8-2013q4/bin/../lib/gcc/arm-none-eabi/4.8.3/armv7e-m/softfp/crtn.o
                0x08002198                . = ALIGN (0x4)
                0x08002198                _etext = .

.vfp11_veneer   0x08002198        0x0
 .vfp11_veneer  0x00000000        0x0 linker stubs

.v4_bx          0x08002198        0x0
 .v4_bx         0x00000000        0x0 linker stubs

.iplt           0x08002198        0x0
 .iplt          0x00000000        0x0 /home/shihyu/data/STM32F4/gcc-arm-none-eabi-4_8-2013q4/bin/../lib/gcc/arm-none-eabi/4.8.3/armv7e-m/softfp/crtbegin.o

.rel.dyn        0x08002198        0x0
 .rel.iplt      0x00000000        0x0 /home/shihyu/data/STM32F4/gcc-arm-none-eabi-4_8-2013q4/bin/../lib/gcc/arm-none-eabi/4.8.3/armv7e-m/softfp/crtbegin.o

.ARM.extab
 *(.ARM.extab* .gnu.linkonce.armextab.*)

.ARM            0x08002198        0x0
                0x08002198                __exidx_start = .
 *(.ARM.exidx*)
                0x08002198                __exidx_end = .

.preinit_array  0x08002198        0x0
                0x08002198                PROVIDE (__preinit_array_start, .)
 *(.preinit_array*)
                0x08002198                PROVIDE (__preinit_array_end, .)

.init_array     0x08002198        0x8
                0x08002198                PROVIDE (__init_array_start, .)
 *(SORT(.init_array.*))
 .init_array.00000
                0x08002198        0x4 /home/shihyu/data/STM32F4/gcc-arm-none-eabi-4_8-2013q4/bin/../lib/gcc/arm-none-eabi/4.8.3/../../../../arm-none-eabi/lib/armv7e-m/softfp/libc.a(lib_a-__call_atexit.o)
 *(.init_array*)
 .init_array    0x0800219c        0x4 /home/shihyu/data/STM32F4/gcc-arm-none-eabi-4_8-2013q4/bin/../lib/gcc/arm-none-eabi/4.8.3/armv7e-m/softfp/crtbegin.o
                0x080021a0                PROVIDE (__init_array_end, .)

.fini_array     0x080021a0        0x4
                0x080021a0                PROVIDE (__fini_array_start, .)
 *(.fini_array*)
 .fini_array    0x080021a0        0x4 /home/shihyu/data/STM32F4/gcc-arm-none-eabi-4_8-2013q4/bin/../lib/gcc/arm-none-eabi/4.8.3/armv7e-m/softfp/crtbegin.o
 *(SORT(.fini_array.*))
                0x080021a4                PROVIDE (__fini_array_end, .)
                0x080021a4                _sidata = .

.data           0x20000000      0x87c load address 0x080021a4
                0x20000000                . = ALIGN (0x4)
                0x20000000                _sdata = .
 *(.data)
 *(.data*)
 .data.rx_buf   0x20000000       0x10 obj/src/uart.o
 .data.tx_buf   0x20000010       0x10 obj/src/uart.o
 .data.SystemCoreClock
                0x20000020        0x4 obj/src/system_stm32f4xx.o
                0x20000020                SystemCoreClock
 .data.__malloc_margin
                0x20000024        0x4 obj/src/syscalls.o
                0x20000024                __malloc_margin
 .data.xNextTaskUnblockTime
                0x20000028        0x4 obj/FreeRTOS/Source/tasks.o
 .data.uxCriticalNesting
                0x2000002c        0x4 obj/FreeRTOS/Source/portable/GCC/ARM_CM4F/port.o
 .data.APBAHBPrescTable
                0x20000030       0x10 obj/libs/STM32F4xx_StdPeriph_Driver/src/stm32f4xx_rcc.o
 .data.impure_data
                0x20000040      0x428 /home/shihyu/data/STM32F4/gcc-arm-none-eabi-4_8-2013q4/bin/../lib/gcc/arm-none-eabi/4.8.3/../../../../arm-none-eabi/lib/armv7e-m/softfp/libc.a(lib_a-impure.o)
 .data._impure_ptr
                0x20000468        0x4 /home/shihyu/data/STM32F4/gcc-arm-none-eabi-4_8-2013q4/bin/../lib/gcc/arm-none-eabi/4.8.3/../../../../arm-none-eabi/lib/armv7e-m/softfp/libc.a(lib_a-impure.o)
                0x20000468                _impure_ptr
 .data.__malloc_av_
                0x2000046c      0x408 /home/shihyu/data/STM32F4/gcc-arm-none-eabi-4_8-2013q4/bin/../lib/gcc/arm-none-eabi/4.8.3/../../../../arm-none-eabi/lib/armv7e-m/softfp/libc.a(lib_a-mallocr.o)
                0x2000046c                __malloc_av_
 .data.__malloc_trim_threshold
                0x20000874        0x4 /home/shihyu/data/STM32F4/gcc-arm-none-eabi-4_8-2013q4/bin/../lib/gcc/arm-none-eabi/4.8.3/../../../../arm-none-eabi/lib/armv7e-m/softfp/libc.a(lib_a-mallocr.o)
                0x20000874                __malloc_trim_threshold
 .data.__malloc_sbrk_base
                0x20000878        0x4 /home/shihyu/data/STM32F4/gcc-arm-none-eabi-4_8-2013q4/bin/../lib/gcc/arm-none-eabi/4.8.3/../../../../arm-none-eabi/lib/armv7e-m/softfp/libc.a(lib_a-mallocr.o)
                0x20000878                __malloc_sbrk_base
                0x2000087c                . = ALIGN (0x4)
                0x2000087c                _edata = .

.jcr            0x2000087c        0x0 load address 0x08002a20
 .jcr           0x2000087c        0x0 /home/shihyu/data/STM32F4/gcc-arm-none-eabi-4_8-2013q4/bin/../lib/gcc/arm-none-eabi/4.8.3/armv7e-m/softfp/crtbegin.o

.igot.plt       0x2000087c        0x0 load address 0x08002a20
 .igot.plt      0x00000000        0x0 /home/shihyu/data/STM32F4/gcc-arm-none-eabi-4_8-2013q4/bin/../lib/gcc/arm-none-eabi/4.8.3/armv7e-m/softfp/crtbegin.o
                0x2000087c                . = ALIGN (0x4)

.bss            0x20000880      0x278 load address 0x08002a20
                0x20000880                _sbss = .
                0x20000880                __bss_start__ = _sbss
 *(.bss)
 .bss           0x20000880       0x1c /home/shihyu/data/STM32F4/gcc-arm-none-eabi-4_8-2013q4/bin/../lib/gcc/arm-none-eabi/4.8.3/armv7e-m/softfp/crtbegin.o
 *(.bss*)
 .bss.__compound_literal.0
                0x2000089c       0x80 obj/src/uart.o
 .bss.__compound_literal.1
                0x2000091c       0x80 obj/src/uart.o
 .bss.uart_stats
                0x2000099c        0xc obj/src/uart.o
 .bss.t0.7336   0x200009a8        0x2 obj/src/ustime.o
 *fill*         0x200009aa        0x6 
 .bss.tickcount.7337
                0x200009b0        0x8 obj/src/ustime.o
 .bss.pxCurrentTCB
                0x200009b8        0x4 obj/FreeRTOS/Source/tasks.o
                0x200009b8                pxCurrentTCB
 .bss.pxReadyTasksLists
                0x200009bc       0x64 obj/FreeRTOS/Source/tasks.o
 .bss.xDelayedTaskList1
                0x20000a20       0x14 obj/FreeRTOS/Source/tasks.o
 .bss.xDelayedTaskList2
                0x20000a34       0x14 obj/FreeRTOS/Source/tasks.o
 .bss.pxDelayedTaskList
                0x20000a48        0x4 obj/FreeRTOS/Source/tasks.o
 .bss.pxOverflowDelayedTaskList
                0x20000a4c        0x4 obj/FreeRTOS/Source/tasks.o
 .bss.xPendingReadyList
                0x20000a50       0x14 obj/FreeRTOS/Source/tasks.o
 .bss.xTasksWaitingTermination
                0x20000a64       0x14 obj/FreeRTOS/Source/tasks.o
 .bss.uxTasksDeleted
                0x20000a78        0x4 obj/FreeRTOS/Source/tasks.o
 .bss.xSuspendedTaskList
                0x20000a7c       0x14 obj/FreeRTOS/Source/tasks.o
 .bss.xIdleTaskHandle
                0x20000a90        0x4 obj/FreeRTOS/Source/tasks.o
 .bss.uxCurrentNumberOfTasks
                0x20000a94        0x4 obj/FreeRTOS/Source/tasks.o
 .bss.xTickCount
                0x20000a98        0x4 obj/FreeRTOS/Source/tasks.o
 .bss.uxTopUsedPriority
                0x20000a9c        0x4 obj/FreeRTOS/Source/tasks.o
 .bss.uxTopReadyPriority
                0x20000aa0        0x4 obj/FreeRTOS/Source/tasks.o
 .bss.xSchedulerRunning
                0x20000aa4        0x4 obj/FreeRTOS/Source/tasks.o
 .bss.uxSchedulerSuspended
                0x20000aa8        0x4 obj/FreeRTOS/Source/tasks.o
 .bss.uxMissedTicks
                0x20000aac        0x4 obj/FreeRTOS/Source/tasks.o
 .bss.xMissedYield
                0x20000ab0        0x4 obj/FreeRTOS/Source/tasks.o
 .bss.xNumOfOverflows
                0x20000ab4        0x4 obj/FreeRTOS/Source/tasks.o
 .bss.uxTaskNumber
                0x20000ab8        0x4 obj/FreeRTOS/Source/tasks.o
 .bss.ulTaskSwitchedInTime
                0x20000abc        0x4 obj/FreeRTOS/Source/tasks.o
 .bss.__malloc_max_total_mem
                0x20000ac0        0x4 /home/shihyu/data/STM32F4/gcc-arm-none-eabi-4_8-2013q4/bin/../lib/gcc/arm-none-eabi/4.8.3/../../../../arm-none-eabi/lib/armv7e-m/softfp/libc.a(lib_a-mallocr.o)
                0x20000ac0                __malloc_max_total_mem
 .bss.__malloc_max_sbrked_mem
                0x20000ac4        0x4 /home/shihyu/data/STM32F4/gcc-arm-none-eabi-4_8-2013q4/bin/../lib/gcc/arm-none-eabi/4.8.3/../../../../arm-none-eabi/lib/armv7e-m/softfp/libc.a(lib_a-mallocr.o)
                0x20000ac4                __malloc_max_sbrked_mem
 .bss.__malloc_top_pad
                0x20000ac8        0x4 /home/shihyu/data/STM32F4/gcc-arm-none-eabi-4_8-2013q4/bin/../lib/gcc/arm-none-eabi/4.8.3/../../../../arm-none-eabi/lib/armv7e-m/softfp/libc.a(lib_a-mallocr.o)
                0x20000ac8                __malloc_top_pad
 .bss.__malloc_current_mallinfo
                0x20000acc       0x28 /home/shihyu/data/STM32F4/gcc-arm-none-eabi-4_8-2013q4/bin/../lib/gcc/arm-none-eabi/4.8.3/../../../../arm-none-eabi/lib/armv7e-m/softfp/libc.a(lib_a-mallocr.o)
                0x20000acc                __malloc_current_mallinfo
 *(COMMON)
 COMMON         0x20000af4        0x4 obj/src/syscalls.o
                0x20000af4                __brkval
                0x20000af8                . = ALIGN (0x4)
                0x20000af8                _ebss = .
                0x20000af8                __bss_end__ = _ebss

._user_heap_stack
                0x20000af8      0x400 load address 0x08002a20
                0x20000af8                . = ALIGN (0x4)
                0x20000af8                PROVIDE (end, .)
                0x20000af8                PROVIDE (_end, .)
                0x20000af8                . = (. + _Min_Heap_Size)
                0x20000ef8                . = (. + _Min_Stack_Size)
 *fill*         0x20000af8      0x400 
                0x20000ef8                . = ALIGN (0x4)

.memory_b1_text
 *(.mb1text)
 *(.mb1text*)
 *(.mb1rodata)
 *(.mb1rodata*)

/DISCARD/
 libc.a(*)
 libm.a(*)
 libgcc.a(*)

.ARM.attributes
                0x00000000       0x2e
 *(.ARM.attributes)
 .ARM.attributes
                0x00000000       0x22 /home/shihyu/data/STM32F4/gcc-arm-none-eabi-4_8-2013q4/bin/../lib/gcc/arm-none-eabi/4.8.3/armv7e-m/softfp/crti.o
 .ARM.attributes
                0x00000022       0x32 /home/shihyu/data/STM32F4/gcc-arm-none-eabi-4_8-2013q4/bin/../lib/gcc/arm-none-eabi/4.8.3/armv7e-m/softfp/crtbegin.o
 .ARM.attributes
                0x00000054       0x37 obj/src/uart.o
 .ARM.attributes
                0x0000008b       0x37 obj/src/ustime.o
 .ARM.attributes
                0x000000c2       0x37 obj/src/main.o
 .ARM.attributes
                0x000000f9       0x21 obj/src/startup_stm32f4xx.o
 .ARM.attributes
                0x0000011a       0x37 obj/src/system_stm32f4xx.o
 .ARM.attributes
                0x00000151       0x37 obj/src/syscalls.o
 .ARM.attributes
                0x00000188       0x37 obj/FreeRTOS/Source/tasks.o
 .ARM.attributes
                0x000001bf       0x37 obj/FreeRTOS/Source/list.o
 .ARM.attributes
                0x000001f6       0x37 obj/FreeRTOS/Source/portable/GCC/ARM_CM4F/port.o
 .ARM.attributes
                0x0000022d       0x37 obj/libs/STM32F4xx_StdPeriph_Driver/src/stm32f4xx_gpio.o
 .ARM.attributes
                0x00000264       0x37 obj/libs/STM32F4xx_StdPeriph_Driver/src/stm32f4xx_rcc.o
 .ARM.attributes
                0x0000029b       0x37 obj/libs/STM32F4xx_StdPeriph_Driver/src/stm32f4xx_usart.o
 .ARM.attributes
                0x000002d2       0x32 /home/shihyu/data/STM32F4/gcc-arm-none-eabi-4_8-2013q4/bin/../lib/gcc/arm-none-eabi/4.8.3/../../../../arm-none-eabi/lib/armv7e-m/softfp/libc.a(lib_a-impure.o)
 .ARM.attributes
                0x00000304       0x32 /home/shihyu/data/STM32F4/gcc-arm-none-eabi-4_8-2013q4/bin/../lib/gcc/arm-none-eabi/4.8.3/../../../../arm-none-eabi/lib/armv7e-m/softfp/libc.a(lib_a-init.o)
 .ARM.attributes
                0x00000336       0x32 /home/shihyu/data/STM32F4/gcc-arm-none-eabi-4_8-2013q4/bin/../lib/gcc/arm-none-eabi/4.8.3/../../../../arm-none-eabi/lib/armv7e-m/softfp/libc.a(lib_a-malloc.o)
 .ARM.attributes
                0x00000368       0x32 /home/shihyu/data/STM32F4/gcc-arm-none-eabi-4_8-2013q4/bin/../lib/gcc/arm-none-eabi/4.8.3/../../../../arm-none-eabi/lib/armv7e-m/softfp/libc.a(lib_a-mallocr.o)
 .ARM.attributes
                0x0000039a       0x32 /home/shihyu/data/STM32F4/gcc-arm-none-eabi-4_8-2013q4/bin/../lib/gcc/arm-none-eabi/4.8.3/../../../../arm-none-eabi/lib/armv7e-m/softfp/libc.a(lib_a-memset.o)
 .ARM.attributes
                0x000003cc       0x32 /home/shihyu/data/STM32F4/gcc-arm-none-eabi-4_8-2013q4/bin/../lib/gcc/arm-none-eabi/4.8.3/../../../../arm-none-eabi/lib/armv7e-m/softfp/libc.a(lib_a-strncpy.o)
 .ARM.attributes
                0x000003fe       0x32 /home/shihyu/data/STM32F4/gcc-arm-none-eabi-4_8-2013q4/bin/../lib/gcc/arm-none-eabi/4.8.3/../../../../arm-none-eabi/lib/armv7e-m/softfp/libc.a(lib_a-__call_atexit.o)
 .ARM.attributes
                0x00000430       0x32 /home/shihyu/data/STM32F4/gcc-arm-none-eabi-4_8-2013q4/bin/../lib/gcc/arm-none-eabi/4.8.3/../../../../arm-none-eabi/lib/armv7e-m/softfp/libc.a(lib_a-atexit.o)
 .ARM.attributes
                0x00000462       0x32 /home/shihyu/data/STM32F4/gcc-arm-none-eabi-4_8-2013q4/bin/../lib/gcc/arm-none-eabi/4.8.3/../../../../arm-none-eabi/lib/armv7e-m/softfp/libc.a(lib_a-fini.o)
 .ARM.attributes
                0x00000494       0x32 /home/shihyu/data/STM32F4/gcc-arm-none-eabi-4_8-2013q4/bin/../lib/gcc/arm-none-eabi/4.8.3/../../../../arm-none-eabi/lib/armv7e-m/softfp/libc.a(lib_a-freer.o)
 .ARM.attributes
                0x000004c6       0x32 /home/shihyu/data/STM32F4/gcc-arm-none-eabi-4_8-2013q4/bin/../lib/gcc/arm-none-eabi/4.8.3/../../../../arm-none-eabi/lib/armv7e-m/softfp/libc.a(lib_a-__atexit.o)
 .ARM.attributes
                0x000004f8       0x22 /home/shihyu/data/STM32F4/gcc-arm-none-eabi-4_8-2013q4/bin/../lib/gcc/arm-none-eabi/4.8.3/armv7e-m/softfp/crtn.o
OUTPUT(obj/STM32F4_Test.elf elf32-littlearm)

.debug_info     0x00000000     0x684e
 .debug_info    0x00000000     0x13ff obj/src/uart.o
 .debug_info    0x000013ff      0x60d obj/src/ustime.o
 .debug_info    0x00001a0c      0x49e obj/src/main.o
 .debug_info    0x00001eaa      0x5f9 obj/src/system_stm32f4xx.o
 .debug_info    0x000024a3      0xe85 obj/src/syscalls.o
 .debug_info    0x00003328     0x11ff obj/FreeRTOS/Source/tasks.o
 .debug_info    0x00004527      0x2d8 obj/FreeRTOS/Source/list.o
 .debug_info    0x000047ff      0x255 obj/FreeRTOS/Source/portable/GCC/ARM_CM4F/port.o
 .debug_info    0x00004a54      0x644 obj/libs/STM32F4xx_StdPeriph_Driver/src/stm32f4xx_gpio.o
 .debug_info    0x00005098      0xd4d obj/libs/STM32F4xx_StdPeriph_Driver/src/stm32f4xx_rcc.o
 .debug_info    0x00005de5      0xa69 obj/libs/STM32F4xx_StdPeriph_Driver/src/stm32f4xx_usart.o

.debug_abbrev   0x00000000     0x1220
 .debug_abbrev  0x00000000      0x26f obj/src/uart.o
 .debug_abbrev  0x0000026f      0x13d obj/src/ustime.o
 .debug_abbrev  0x000003ac      0x15b obj/src/main.o
 .debug_abbrev  0x00000507      0x13a obj/src/system_stm32f4xx.o
 .debug_abbrev  0x00000641      0x261 obj/src/syscalls.o
 .debug_abbrev  0x000008a2      0x23f obj/FreeRTOS/Source/tasks.o
 .debug_abbrev  0x00000ae1       0xb7 obj/FreeRTOS/Source/list.o
 .debug_abbrev  0x00000b98      0x1a1 obj/FreeRTOS/Source/portable/GCC/ARM_CM4F/port.o
 .debug_abbrev  0x00000d39      0x1a7 obj/libs/STM32F4xx_StdPeriph_Driver/src/stm32f4xx_gpio.o
 .debug_abbrev  0x00000ee0      0x1e7 obj/libs/STM32F4xx_StdPeriph_Driver/src/stm32f4xx_rcc.o
 .debug_abbrev  0x000010c7      0x159 obj/libs/STM32F4xx_StdPeriph_Driver/src/stm32f4xx_usart.o

.debug_loc      0x00000000     0x24e2
 .debug_loc     0x00000000      0x1b4 obj/src/uart.o
 .debug_loc     0x000001b4       0xe0 obj/src/ustime.o
 .debug_loc     0x00000294       0xa8 obj/src/main.o
 .debug_loc     0x0000033c       0x9c obj/src/system_stm32f4xx.o
 .debug_loc     0x000003d8      0x2a0 obj/src/syscalls.o
 .debug_loc     0x00000678      0x8f6 obj/FreeRTOS/Source/tasks.o
 .debug_loc     0x00000f6e      0x118 obj/FreeRTOS/Source/list.o
 .debug_loc     0x00001086      0x178 obj/FreeRTOS/Source/portable/GCC/ARM_CM4F/port.o
 .debug_loc     0x000011fe      0x310 obj/libs/STM32F4xx_StdPeriph_Driver/src/stm32f4xx_gpio.o
 .debug_loc     0x0000150e      0x97c obj/libs/STM32F4xx_StdPeriph_Driver/src/stm32f4xx_rcc.o
 .debug_loc     0x00001e8a      0x658 obj/libs/STM32F4xx_StdPeriph_Driver/src/stm32f4xx_usart.o

.debug_aranges  0x00000000      0x688
 .debug_aranges
                0x00000000       0x58 obj/src/uart.o
 .debug_aranges
                0x00000058       0x38 obj/src/ustime.o
 .debug_aranges
                0x00000090       0x30 obj/src/main.o
 .debug_aranges
                0x000000c0       0x30 obj/src/system_stm32f4xx.o
 .debug_aranges
                0x000000f0       0x78 obj/src/syscalls.o
 .debug_aranges
                0x00000168      0x168 obj/FreeRTOS/Source/tasks.o
 .debug_aranges
                0x000002d0       0x40 obj/FreeRTOS/Source/list.o
 .debug_aranges
                0x00000310       0x78 obj/FreeRTOS/Source/portable/GCC/ARM_CM4F/port.o
 .debug_aranges
                0x00000388       0x88 obj/libs/STM32F4xx_StdPeriph_Driver/src/stm32f4xx_gpio.o
 .debug_aranges
                0x00000410      0x178 obj/libs/STM32F4xx_StdPeriph_Driver/src/stm32f4xx_rcc.o
 .debug_aranges
                0x00000588      0x100 obj/libs/STM32F4xx_StdPeriph_Driver/src/stm32f4xx_usart.o

.debug_ranges   0x00000000      0x5f0
 .debug_ranges  0x00000000       0x48 obj/src/uart.o
 .debug_ranges  0x00000048       0x28 obj/src/ustime.o
 .debug_ranges  0x00000070       0x38 obj/src/main.o
 .debug_ranges  0x000000a8       0x20 obj/src/system_stm32f4xx.o
 .debug_ranges  0x000000c8       0x68 obj/src/syscalls.o
 .debug_ranges  0x00000130      0x158 obj/FreeRTOS/Source/tasks.o
 .debug_ranges  0x00000288       0x30 obj/FreeRTOS/Source/list.o
 .debug_ranges  0x000002b8       0x68 obj/FreeRTOS/Source/portable/GCC/ARM_CM4F/port.o
 .debug_ranges  0x00000320       0x78 obj/libs/STM32F4xx_StdPeriph_Driver/src/stm32f4xx_gpio.o
 .debug_ranges  0x00000398      0x168 obj/libs/STM32F4xx_StdPeriph_Driver/src/stm32f4xx_rcc.o
 .debug_ranges  0x00000500       0xf0 obj/libs/STM32F4xx_StdPeriph_Driver/src/stm32f4xx_usart.o

.debug_line     0x00000000     0x215f
 .debug_line    0x00000000      0x31c obj/src/uart.o
 .debug_line    0x0000031c      0x163 obj/src/ustime.o
 .debug_line    0x0000047f      0x184 obj/src/main.o
 .debug_line    0x00000603      0x168 obj/src/system_stm32f4xx.o
 .debug_line    0x0000076b      0x2b6 obj/src/syscalls.o
 .debug_line    0x00000a21      0x7f4 obj/FreeRTOS/Source/tasks.o
 .debug_line    0x00001215      0x1a0 obj/FreeRTOS/Source/list.o
 .debug_line    0x000013b5      0x25a obj/FreeRTOS/Source/portable/GCC/ARM_CM4F/port.o
 .debug_line    0x0000160f      0x286 obj/libs/STM32F4xx_StdPeriph_Driver/src/stm32f4xx_gpio.o
 .debug_line    0x00001895      0x4e1 obj/libs/STM32F4xx_StdPeriph_Driver/src/stm32f4xx_rcc.o
 .debug_line    0x00001d76      0x3e9 obj/libs/STM32F4xx_StdPeriph_Driver/src/stm32f4xx_usart.o

.debug_str      0x00000000     0x2870
 .debug_str     0x00000000      0xe84 obj/src/uart.o
                                0xf05 (size before relaxing)
 .debug_str     0x00000e84      0x143 obj/src/ustime.o
                                0x40c (size before relaxing)
 .debug_str     0x00000fc7       0x66 obj/src/main.o
                                0x4b2 (size before relaxing)
 .debug_str     0x0000102d      0x104 obj/src/system_stm32f4xx.o
                                0x3ee (size before relaxing)
 .debug_str     0x00001131      0x17e obj/src/syscalls.o
                                0x745 (size before relaxing)
 .debug_str     0x000012af      0x9ac obj/FreeRTOS/Source/tasks.o
                                0xbaf (size before relaxing)
 .debug_str     0x00001c5b       0xa3 obj/FreeRTOS/Source/list.o
                                0x308 (size before relaxing)
 .debug_str     0x00001cfe      0x137 obj/FreeRTOS/Source/portable/GCC/ARM_CM4F/port.o
                                0x33e (size before relaxing)
 .debug_str     0x00001e35      0x198 obj/libs/STM32F4xx_StdPeriph_Driver/src/stm32f4xx_gpio.o
                                0x501 (size before relaxing)
 .debug_str     0x00001fcd      0x507 obj/libs/STM32F4xx_StdPeriph_Driver/src/stm32f4xx_rcc.o
                                0x8ae (size before relaxing)
 .debug_str     0x000024d4      0x39c obj/libs/STM32F4xx_StdPeriph_Driver/src/stm32f4xx_usart.o
                                0x6ed (size before relaxing)

.comment        0x00000000       0x70
 .comment       0x00000000       0x70 obj/src/uart.o
                                 0x71 (size before relaxing)
 .comment       0x00000000       0x71 obj/src/ustime.o
 .comment       0x00000000       0x71 obj/src/main.o
 .comment       0x00000000       0x71 obj/src/system_stm32f4xx.o
 .comment       0x00000000       0x71 obj/src/syscalls.o
 .comment       0x00000000       0x71 obj/FreeRTOS/Source/tasks.o
 .comment       0x00000000       0x71 obj/FreeRTOS/Source/list.o
 .comment       0x00000000       0x71 obj/FreeRTOS/Source/portable/GCC/ARM_CM4F/port.o
 .comment       0x00000000       0x71 obj/libs/STM32F4xx_StdPeriph_Driver/src/stm32f4xx_gpio.o
 .comment       0x00000000       0x71 obj/libs/STM32F4xx_StdPeriph_Driver/src/stm32f4xx_rcc.o
 .comment       0x00000000       0x71 obj/libs/STM32F4xx_StdPeriph_Driver/src/stm32f4xx_usart.o

.debug_frame    0x00000000     0x16b0
 .debug_frame   0x00000000      0x108 obj/src/uart.o
 .debug_frame   0x00000108       0x8c obj/src/ustime.o
 .debug_frame   0x00000194       0x70 obj/src/main.o
 .debug_frame   0x00000204       0x64 obj/src/system_stm32f4xx.o
 .debug_frame   0x00000268      0x174 obj/src/syscalls.o
 .debug_frame   0x000003dc      0x540 obj/FreeRTOS/Source/tasks.o
 .debug_frame   0x0000091c       0x9c obj/FreeRTOS/Source/list.o
 .debug_frame   0x000009b8      0x134 obj/FreeRTOS/Source/portable/GCC/ARM_CM4F/port.o
 .debug_frame   0x00000aec      0x19c obj/libs/STM32F4xx_StdPeriph_Driver/src/stm32f4xx_gpio.o
 .debug_frame   0x00000c88      0x4e4 obj/libs/STM32F4xx_StdPeriph_Driver/src/stm32f4xx_rcc.o
 .debug_frame   0x0000116c      0x344 obj/libs/STM32F4xx_StdPeriph_Driver/src/stm32f4xx_usart.o
 .debug_frame   0x000014b0       0x2c /home/shihyu/data/STM32F4/gcc-arm-none-eabi-4_8-2013q4/bin/../lib/gcc/arm-none-eabi/4.8.3/../../../../arm-none-eabi/lib/armv7e-m/softfp/libc.a(lib_a-init.o)
 .debug_frame   0x000014dc       0x30 /home/shihyu/data/STM32F4/gcc-arm-none-eabi-4_8-2013q4/bin/../lib/gcc/arm-none-eabi/4.8.3/../../../../arm-none-eabi/lib/armv7e-m/softfp/libc.a(lib_a-malloc.o)
 .debug_frame   0x0000150c       0x38 /home/shihyu/data/STM32F4/gcc-arm-none-eabi-4_8-2013q4/bin/../lib/gcc/arm-none-eabi/4.8.3/../../../../arm-none-eabi/lib/armv7e-m/softfp/libc.a(lib_a-mallocr.o)
 .debug_frame   0x00001544       0x2c /home/shihyu/data/STM32F4/gcc-arm-none-eabi-4_8-2013q4/bin/../lib/gcc/arm-none-eabi/4.8.3/../../../../arm-none-eabi/lib/armv7e-m/softfp/libc.a(lib_a-memset.o)
 .debug_frame   0x00001570       0x2c /home/shihyu/data/STM32F4/gcc-arm-none-eabi-4_8-2013q4/bin/../lib/gcc/arm-none-eabi/4.8.3/../../../../arm-none-eabi/lib/armv7e-m/softfp/libc.a(lib_a-strncpy.o)
 .debug_frame   0x0000159c       0x48 /home/shihyu/data/STM32F4/gcc-arm-none-eabi-4_8-2013q4/bin/../lib/gcc/arm-none-eabi/4.8.3/../../../../arm-none-eabi/lib/armv7e-m/softfp/libc.a(lib_a-__call_atexit.o)
 .debug_frame   0x000015e4       0x20 /home/shihyu/data/STM32F4/gcc-arm-none-eabi-4_8-2013q4/bin/../lib/gcc/arm-none-eabi/4.8.3/../../../../arm-none-eabi/lib/armv7e-m/softfp/libc.a(lib_a-atexit.o)
 .debug_frame   0x00001604       0x2c /home/shihyu/data/STM32F4/gcc-arm-none-eabi-4_8-2013q4/bin/../lib/gcc/arm-none-eabi/4.8.3/../../../../arm-none-eabi/lib/armv7e-m/softfp/libc.a(lib_a-fini.o)
 .debug_frame   0x00001630       0x50 /home/shihyu/data/STM32F4/gcc-arm-none-eabi-4_8-2013q4/bin/../lib/gcc/arm-none-eabi/4.8.3/../../../../arm-none-eabi/lib/armv7e-m/softfp/libc.a(lib_a-freer.o)
 .debug_frame   0x00001680       0x30 /home/shihyu/data/STM32F4/gcc-arm-none-eabi-4_8-2013q4/bin/../lib/gcc/arm-none-eabi/4.8.3/../../../../arm-none-eabi/lib/armv7e-m/softfp/libc.a(lib_a-__atexit.o)

Cross Reference Table

Symbol                                            File
ADC_AnalogWatchdogCmd                             obj/libs/STM32F4xx_StdPeriph_Driver/src/stm32f4xx_adc.o
ADC_AnalogWatchdogSingleChannelConfig             obj/libs/STM32F4xx_StdPeriph_Driver/src/stm32f4xx_adc.o
ADC_AnalogWatchdogThresholdsConfig                obj/libs/STM32F4xx_StdPeriph_Driver/src/stm32f4xx_adc.o
ADC_AutoInjectedConvCmd                           obj/libs/STM32F4xx_StdPeriph_Driver/src/stm32f4xx_adc.o
ADC_ClearFlag                                     obj/libs/STM32F4xx_StdPeriph_Driver/src/stm32f4xx_adc.o
ADC_ClearITPendingBit                             obj/libs/STM32F4xx_StdPeriph_Driver/src/stm32f4xx_adc.o
ADC_Cmd                                           obj/libs/STM32F4xx_StdPeriph_Driver/src/stm32f4xx_adc.o
ADC_CommonInit                                    obj/libs/STM32F4xx_StdPeriph_Driver/src/stm32f4xx_adc.o
ADC_CommonStructInit                              obj/libs/STM32F4xx_StdPeriph_Driver/src/stm32f4xx_adc.o
ADC_ContinuousModeCmd                             obj/libs/STM32F4xx_StdPeriph_Driver/src/stm32f4xx_adc.o
ADC_DMACmd                                        obj/libs/STM32F4xx_StdPeriph_Driver/src/stm32f4xx_adc.o
ADC_DMARequestAfterLastTransferCmd                obj/libs/STM32F4xx_StdPeriph_Driver/src/stm32f4xx_adc.o
ADC_DeInit                                        obj/libs/STM32F4xx_StdPeriph_Driver/src/stm32f4xx_adc.o
ADC_DiscModeChannelCountConfig                    obj/libs/STM32F4xx_StdPeriph_Driver/src/stm32f4xx_adc.o
ADC_DiscModeCmd                                   obj/libs/STM32F4xx_StdPeriph_Driver/src/stm32f4xx_adc.o
ADC_EOCOnEachRegularChannelCmd                    obj/libs/STM32F4xx_StdPeriph_Driver/src/stm32f4xx_adc.o
ADC_ExternalTrigInjectedConvConfig                obj/libs/STM32F4xx_StdPeriph_Driver/src/stm32f4xx_adc.o
ADC_ExternalTrigInjectedConvEdgeConfig            obj/libs/STM32F4xx_StdPeriph_Driver/src/stm32f4xx_adc.o
ADC_GetConversionValue                            obj/libs/STM32F4xx_StdPeriph_Driver/src/stm32f4xx_adc.o
ADC_GetFlagStatus                                 obj/libs/STM32F4xx_StdPeriph_Driver/src/stm32f4xx_adc.o
ADC_GetITStatus                                   obj/libs/STM32F4xx_StdPeriph_Driver/src/stm32f4xx_adc.o
ADC_GetInjectedConversionValue                    obj/libs/STM32F4xx_StdPeriph_Driver/src/stm32f4xx_adc.o
ADC_GetMultiModeConversionValue                   obj/libs/STM32F4xx_StdPeriph_Driver/src/stm32f4xx_adc.o
ADC_GetSoftwareStartConvStatus                    obj/libs/STM32F4xx_StdPeriph_Driver/src/stm32f4xx_adc.o
ADC_GetSoftwareStartInjectedConvCmdStatus         obj/libs/STM32F4xx_StdPeriph_Driver/src/stm32f4xx_adc.o
ADC_IRQHandler                                    obj/src/startup_stm32f4xx.o
ADC_ITConfig                                      obj/libs/STM32F4xx_StdPeriph_Driver/src/stm32f4xx_adc.o
ADC_Init                                          obj/libs/STM32F4xx_StdPeriph_Driver/src/stm32f4xx_adc.o
ADC_InjectedChannelConfig                         obj/libs/STM32F4xx_StdPeriph_Driver/src/stm32f4xx_adc.o
ADC_InjectedDiscModeCmd                           obj/libs/STM32F4xx_StdPeriph_Driver/src/stm32f4xx_adc.o
ADC_InjectedSequencerLengthConfig                 obj/libs/STM32F4xx_StdPeriph_Driver/src/stm32f4xx_adc.o
ADC_MultiModeDMARequestAfterLastTransferCmd       obj/libs/STM32F4xx_StdPeriph_Driver/src/stm32f4xx_adc.o
ADC_RegularChannelConfig                          obj/libs/STM32F4xx_StdPeriph_Driver/src/stm32f4xx_adc.o
ADC_SetInjectedOffset                             obj/libs/STM32F4xx_StdPeriph_Driver/src/stm32f4xx_adc.o
ADC_SoftwareStartConv                             obj/libs/STM32F4xx_StdPeriph_Driver/src/stm32f4xx_adc.o
ADC_SoftwareStartInjectedConv                     obj/libs/STM32F4xx_StdPeriph_Driver/src/stm32f4xx_adc.o
ADC_StructInit                                    obj/libs/STM32F4xx_StdPeriph_Driver/src/stm32f4xx_adc.o
ADC_TempSensorVrefintCmd                          obj/libs/STM32F4xx_StdPeriph_Driver/src/stm32f4xx_adc.o
ADC_VBATCmd                                       obj/libs/STM32F4xx_StdPeriph_Driver/src/stm32f4xx_adc.o
AHBPrescTable                                     obj/src/system_stm32f4xx.o
BusFault_Handler                                  obj/src/startup_stm32f4xx.o
CAN1_RX0_IRQHandler                               obj/src/startup_stm32f4xx.o
CAN1_RX1_IRQHandler                               obj/src/startup_stm32f4xx.o
CAN1_SCE_IRQHandler                               obj/src/startup_stm32f4xx.o
CAN1_TX_IRQHandler                                obj/src/startup_stm32f4xx.o
CAN2_RX0_IRQHandler                               obj/src/startup_stm32f4xx.o
CAN2_RX1_IRQHandler                               obj/src/startup_stm32f4xx.o
CAN2_SCE_IRQHandler                               obj/src/startup_stm32f4xx.o
CAN2_TX_IRQHandler                                obj/src/startup_stm32f4xx.o
CAN_CancelTransmit                                obj/libs/STM32F4xx_StdPeriph_Driver/src/stm32f4xx_can.o
CAN_ClearFlag                                     obj/libs/STM32F4xx_StdPeriph_Driver/src/stm32f4xx_can.o
CAN_ClearITPendingBit                             obj/libs/STM32F4xx_StdPeriph_Driver/src/stm32f4xx_can.o
CAN_DBGFreeze                                     obj/libs/STM32F4xx_StdPeriph_Driver/src/stm32f4xx_can.o
CAN_DeInit                                        obj/libs/STM32F4xx_StdPeriph_Driver/src/stm32f4xx_can.o
CAN_FIFORelease                                   obj/libs/STM32F4xx_StdPeriph_Driver/src/stm32f4xx_can.o
CAN_FilterInit                                    obj/libs/STM32F4xx_StdPeriph_Driver/src/stm32f4xx_can.o
CAN_GetFlagStatus                                 obj/libs/STM32F4xx_StdPeriph_Driver/src/stm32f4xx_can.o
CAN_GetITStatus                                   obj/libs/STM32F4xx_StdPeriph_Driver/src/stm32f4xx_can.o
CAN_GetLSBTransmitErrorCounter                    obj/libs/STM32F4xx_StdPeriph_Driver/src/stm32f4xx_can.o
CAN_GetLastErrorCode                              obj/libs/STM32F4xx_StdPeriph_Driver/src/stm32f4xx_can.o
CAN_GetReceiveErrorCounter                        obj/libs/STM32F4xx_StdPeriph_Driver/src/stm32f4xx_can.o
CAN_ITConfig                                      obj/libs/STM32F4xx_StdPeriph_Driver/src/stm32f4xx_can.o
CAN_Init                                          obj/libs/STM32F4xx_StdPeriph_Driver/src/stm32f4xx_can.o
CAN_MessagePending                                obj/libs/STM32F4xx_StdPeriph_Driver/src/stm32f4xx_can.o
CAN_OperatingModeRequest                          obj/libs/STM32F4xx_StdPeriph_Driver/src/stm32f4xx_can.o
CAN_Receive                                       obj/libs/STM32F4xx_StdPeriph_Driver/src/stm32f4xx_can.o
CAN_SlaveStartBank                                obj/libs/STM32F4xx_StdPeriph_Driver/src/stm32f4xx_can.o
CAN_Sleep                                         obj/libs/STM32F4xx_StdPeriph_Driver/src/stm32f4xx_can.o
CAN_StructInit                                    obj/libs/STM32F4xx_StdPeriph_Driver/src/stm32f4xx_can.o
CAN_TTComModeCmd                                  obj/libs/STM32F4xx_StdPeriph_Driver/src/stm32f4xx_can.o
CAN_Transmit                                      obj/libs/STM32F4xx_StdPeriph_Driver/src/stm32f4xx_can.o
CAN_TransmitStatus                                obj/libs/STM32F4xx_StdPeriph_Driver/src/stm32f4xx_can.o
CAN_WakeUp                                        obj/libs/STM32F4xx_StdPeriph_Driver/src/stm32f4xx_can.o
CRC_CalcBlockCRC                                  obj/libs/STM32F4xx_StdPeriph_Driver/src/stm32f4xx_crc.o
CRC_CalcCRC                                       obj/libs/STM32F4xx_StdPeriph_Driver/src/stm32f4xx_crc.o
CRC_GetCRC                                        obj/libs/STM32F4xx_StdPeriph_Driver/src/stm32f4xx_crc.o
CRC_GetIDRegister                                 obj/libs/STM32F4xx_StdPeriph_Driver/src/stm32f4xx_crc.o
CRC_ResetDR                                       obj/libs/STM32F4xx_StdPeriph_Driver/src/stm32f4xx_crc.o
CRC_SetIDRegister                                 obj/libs/STM32F4xx_StdPeriph_Driver/src/stm32f4xx_crc.o
CRYP_AES_CBC                                      obj/libs/STM32F4xx_StdPeriph_Driver/src/stm32f4xx_cryp_aes.o
CRYP_AES_CTR                                      obj/libs/STM32F4xx_StdPeriph_Driver/src/stm32f4xx_cryp_aes.o
CRYP_AES_ECB                                      obj/libs/STM32F4xx_StdPeriph_Driver/src/stm32f4xx_cryp_aes.o
CRYP_Cmd                                          obj/libs/STM32F4xx_StdPeriph_Driver/src/stm32f4xx_cryp.o
                                                  obj/libs/STM32F4xx_StdPeriph_Driver/src/stm32f4xx_cryp_tdes.o
                                                  obj/libs/STM32F4xx_StdPeriph_Driver/src/stm32f4xx_cryp_des.o
                                                  obj/libs/STM32F4xx_StdPeriph_Driver/src/stm32f4xx_cryp_aes.o
CRYP_DES_CBC                                      obj/libs/STM32F4xx_StdPeriph_Driver/src/stm32f4xx_cryp_des.o
CRYP_DES_ECB                                      obj/libs/STM32F4xx_StdPeriph_Driver/src/stm32f4xx_cryp_des.o
CRYP_DMACmd                                       obj/libs/STM32F4xx_StdPeriph_Driver/src/stm32f4xx_cryp.o
CRYP_DataIn                                       obj/libs/STM32F4xx_StdPeriph_Driver/src/stm32f4xx_cryp.o
                                                  obj/libs/STM32F4xx_StdPeriph_Driver/src/stm32f4xx_cryp_tdes.o
                                                  obj/libs/STM32F4xx_StdPeriph_Driver/src/stm32f4xx_cryp_des.o
                                                  obj/libs/STM32F4xx_StdPeriph_Driver/src/stm32f4xx_cryp_aes.o
CRYP_DataOut                                      obj/libs/STM32F4xx_StdPeriph_Driver/src/stm32f4xx_cryp.o
                                                  obj/libs/STM32F4xx_StdPeriph_Driver/src/stm32f4xx_cryp_tdes.o
                                                  obj/libs/STM32F4xx_StdPeriph_Driver/src/stm32f4xx_cryp_des.o
                                                  obj/libs/STM32F4xx_StdPeriph_Driver/src/stm32f4xx_cryp_aes.o
CRYP_DeInit                                       obj/libs/STM32F4xx_StdPeriph_Driver/src/stm32f4xx_cryp.o
CRYP_FIFOFlush                                    obj/libs/STM32F4xx_StdPeriph_Driver/src/stm32f4xx_cryp.o
                                                  obj/libs/STM32F4xx_StdPeriph_Driver/src/stm32f4xx_cryp_tdes.o
                                                  obj/libs/STM32F4xx_StdPeriph_Driver/src/stm32f4xx_cryp_des.o
                                                  obj/libs/STM32F4xx_StdPeriph_Driver/src/stm32f4xx_cryp_aes.o
CRYP_GetFlagStatus                                obj/libs/STM32F4xx_StdPeriph_Driver/src/stm32f4xx_cryp.o
                                                  obj/libs/STM32F4xx_StdPeriph_Driver/src/stm32f4xx_cryp_tdes.o
                                                  obj/libs/STM32F4xx_StdPeriph_Driver/src/stm32f4xx_cryp_des.o
                                                  obj/libs/STM32F4xx_StdPeriph_Driver/src/stm32f4xx_cryp_aes.o
CRYP_GetITStatus                                  obj/libs/STM32F4xx_StdPeriph_Driver/src/stm32f4xx_cryp.o
CRYP_IRQHandler                                   obj/src/startup_stm32f4xx.o
CRYP_ITConfig                                     obj/libs/STM32F4xx_StdPeriph_Driver/src/stm32f4xx_cryp.o
CRYP_IVInit                                       obj/libs/STM32F4xx_StdPeriph_Driver/src/stm32f4xx_cryp.o
                                                  obj/libs/STM32F4xx_StdPeriph_Driver/src/stm32f4xx_cryp_tdes.o
                                                  obj/libs/STM32F4xx_StdPeriph_Driver/src/stm32f4xx_cryp_des.o
                                                  obj/libs/STM32F4xx_StdPeriph_Driver/src/stm32f4xx_cryp_aes.o
CRYP_IVStructInit                                 obj/libs/STM32F4xx_StdPeriph_Driver/src/stm32f4xx_cryp.o
CRYP_Init                                         obj/libs/STM32F4xx_StdPeriph_Driver/src/stm32f4xx_cryp.o
                                                  obj/libs/STM32F4xx_StdPeriph_Driver/src/stm32f4xx_cryp_tdes.o
                                                  obj/libs/STM32F4xx_StdPeriph_Driver/src/stm32f4xx_cryp_des.o
                                                  obj/libs/STM32F4xx_StdPeriph_Driver/src/stm32f4xx_cryp_aes.o
CRYP_KeyInit                                      obj/libs/STM32F4xx_StdPeriph_Driver/src/stm32f4xx_cryp.o
                                                  obj/libs/STM32F4xx_StdPeriph_Driver/src/stm32f4xx_cryp_tdes.o
                                                  obj/libs/STM32F4xx_StdPeriph_Driver/src/stm32f4xx_cryp_des.o
                                                  obj/libs/STM32F4xx_StdPeriph_Driver/src/stm32f4xx_cryp_aes.o
CRYP_KeyStructInit                                obj/libs/STM32F4xx_StdPeriph_Driver/src/stm32f4xx_cryp.o
                                                  obj/libs/STM32F4xx_StdPeriph_Driver/src/stm32f4xx_cryp_tdes.o
                                                  obj/libs/STM32F4xx_StdPeriph_Driver/src/stm32f4xx_cryp_des.o
                                                  obj/libs/STM32F4xx_StdPeriph_Driver/src/stm32f4xx_cryp_aes.o
CRYP_RestoreContext                               obj/libs/STM32F4xx_StdPeriph_Driver/src/stm32f4xx_cryp.o
CRYP_SaveContext                                  obj/libs/STM32F4xx_StdPeriph_Driver/src/stm32f4xx_cryp.o
CRYP_StructInit                                   obj/libs/STM32F4xx_StdPeriph_Driver/src/stm32f4xx_cryp.o
CRYP_TDES_CBC                                     obj/libs/STM32F4xx_StdPeriph_Driver/src/stm32f4xx_cryp_tdes.o
CRYP_TDES_ECB                                     obj/libs/STM32F4xx_StdPeriph_Driver/src/stm32f4xx_cryp_tdes.o
DAC_ClearFlag                                     obj/libs/STM32F4xx_StdPeriph_Driver/src/stm32f4xx_dac.o
DAC_ClearITPendingBit                             obj/libs/STM32F4xx_StdPeriph_Driver/src/stm32f4xx_dac.o
DAC_Cmd                                           obj/libs/STM32F4xx_StdPeriph_Driver/src/stm32f4xx_dac.o
DAC_DMACmd                                        obj/libs/STM32F4xx_StdPeriph_Driver/src/stm32f4xx_dac.o
DAC_DeInit                                        obj/libs/STM32F4xx_StdPeriph_Driver/src/stm32f4xx_dac.o
DAC_DualSoftwareTriggerCmd                        obj/libs/STM32F4xx_StdPeriph_Driver/src/stm32f4xx_dac.o
DAC_GetDataOutputValue                            obj/libs/STM32F4xx_StdPeriph_Driver/src/stm32f4xx_dac.o
DAC_GetFlagStatus                                 obj/libs/STM32F4xx_StdPeriph_Driver/src/stm32f4xx_dac.o
DAC_GetITStatus                                   obj/libs/STM32F4xx_StdPeriph_Driver/src/stm32f4xx_dac.o
DAC_ITConfig                                      obj/libs/STM32F4xx_StdPeriph_Driver/src/stm32f4xx_dac.o
DAC_Init                                          obj/libs/STM32F4xx_StdPeriph_Driver/src/stm32f4xx_dac.o
DAC_SetChannel1Data                               obj/libs/STM32F4xx_StdPeriph_Driver/src/stm32f4xx_dac.o
DAC_SetChannel2Data                               obj/libs/STM32F4xx_StdPeriph_Driver/src/stm32f4xx_dac.o
DAC_SetDualChannelData                            obj/libs/STM32F4xx_StdPeriph_Driver/src/stm32f4xx_dac.o
DAC_SoftwareTriggerCmd                            obj/libs/STM32F4xx_StdPeriph_Driver/src/stm32f4xx_dac.o
DAC_StructInit                                    obj/libs/STM32F4xx_StdPeriph_Driver/src/stm32f4xx_dac.o
DAC_WaveGenerationCmd                             obj/libs/STM32F4xx_StdPeriph_Driver/src/stm32f4xx_dac.o
DBGMCU_APB1PeriphConfig                           obj/libs/STM32F4xx_StdPeriph_Driver/src/stm32f4xx_dbgmcu.o
DBGMCU_APB2PeriphConfig                           obj/libs/STM32F4xx_StdPeriph_Driver/src/stm32f4xx_dbgmcu.o
DBGMCU_Config                                     obj/libs/STM32F4xx_StdPeriph_Driver/src/stm32f4xx_dbgmcu.o
DBGMCU_GetDEVID                                   obj/libs/STM32F4xx_StdPeriph_Driver/src/stm32f4xx_dbgmcu.o
DBGMCU_GetREVID                                   obj/libs/STM32F4xx_StdPeriph_Driver/src/stm32f4xx_dbgmcu.o
DCMI_CROPCmd                                      obj/libs/STM32F4xx_StdPeriph_Driver/src/stm32f4xx_dcmi.o
DCMI_CROPConfig                                   obj/libs/STM32F4xx_StdPeriph_Driver/src/stm32f4xx_dcmi.o
DCMI_CaptureCmd                                   obj/libs/STM32F4xx_StdPeriph_Driver/src/stm32f4xx_dcmi.o
DCMI_ClearFlag                                    obj/libs/STM32F4xx_StdPeriph_Driver/src/stm32f4xx_dcmi.o
DCMI_ClearITPendingBit                            obj/libs/STM32F4xx_StdPeriph_Driver/src/stm32f4xx_dcmi.o
DCMI_Cmd                                          obj/libs/STM32F4xx_StdPeriph_Driver/src/stm32f4xx_dcmi.o
DCMI_DeInit                                       obj/libs/STM32F4xx_StdPeriph_Driver/src/stm32f4xx_dcmi.o
DCMI_GetFlagStatus                                obj/libs/STM32F4xx_StdPeriph_Driver/src/stm32f4xx_dcmi.o
DCMI_GetITStatus                                  obj/libs/STM32F4xx_StdPeriph_Driver/src/stm32f4xx_dcmi.o
DCMI_IRQHandler                                   obj/src/startup_stm32f4xx.o
DCMI_ITConfig                                     obj/libs/STM32F4xx_StdPeriph_Driver/src/stm32f4xx_dcmi.o
DCMI_Init                                         obj/libs/STM32F4xx_StdPeriph_Driver/src/stm32f4xx_dcmi.o
DCMI_JPEGCmd                                      obj/libs/STM32F4xx_StdPeriph_Driver/src/stm32f4xx_dcmi.o
DCMI_ReadData                                     obj/libs/STM32F4xx_StdPeriph_Driver/src/stm32f4xx_dcmi.o
DCMI_SetEmbeddedSynchroCodes                      obj/libs/STM32F4xx_StdPeriph_Driver/src/stm32f4xx_dcmi.o
DCMI_StructInit                                   obj/libs/STM32F4xx_StdPeriph_Driver/src/stm32f4xx_dcmi.o
DMA1_Stream0_IRQHandler                           obj/src/startup_stm32f4xx.o
DMA1_Stream1_IRQHandler                           obj/src/startup_stm32f4xx.o
DMA1_Stream2_IRQHandler                           obj/src/startup_stm32f4xx.o
DMA1_Stream3_IRQHandler                           obj/src/startup_stm32f4xx.o
DMA1_Stream4_IRQHandler                           obj/src/startup_stm32f4xx.o
DMA1_Stream5_IRQHandler                           obj/src/startup_stm32f4xx.o
DMA1_Stream6_IRQHandler                           obj/src/startup_stm32f4xx.o
DMA1_Stream7_IRQHandler                           obj/src/startup_stm32f4xx.o
DMA2_Stream0_IRQHandler                           obj/src/startup_stm32f4xx.o
DMA2_Stream1_IRQHandler                           obj/src/startup_stm32f4xx.o
DMA2_Stream2_IRQHandler                           obj/src/startup_stm32f4xx.o
DMA2_Stream3_IRQHandler                           obj/src/startup_stm32f4xx.o
DMA2_Stream4_IRQHandler                           obj/src/startup_stm32f4xx.o
DMA2_Stream5_IRQHandler                           obj/src/startup_stm32f4xx.o
DMA2_Stream6_IRQHandler                           obj/src/startup_stm32f4xx.o
DMA2_Stream7_IRQHandler                           obj/src/startup_stm32f4xx.o
DMA_ClearFlag                                     obj/libs/STM32F4xx_StdPeriph_Driver/src/stm32f4xx_dma.o
DMA_ClearITPendingBit                             obj/libs/STM32F4xx_StdPeriph_Driver/src/stm32f4xx_dma.o
DMA_Cmd                                           obj/libs/STM32F4xx_StdPeriph_Driver/src/stm32f4xx_dma.o
DMA_DeInit                                        obj/libs/STM32F4xx_StdPeriph_Driver/src/stm32f4xx_dma.o
DMA_DoubleBufferModeCmd                           obj/libs/STM32F4xx_StdPeriph_Driver/src/stm32f4xx_dma.o
DMA_DoubleBufferModeConfig                        obj/libs/STM32F4xx_StdPeriph_Driver/src/stm32f4xx_dma.o
DMA_FlowControllerConfig                          obj/libs/STM32F4xx_StdPeriph_Driver/src/stm32f4xx_dma.o
DMA_GetCmdStatus                                  obj/libs/STM32F4xx_StdPeriph_Driver/src/stm32f4xx_dma.o
DMA_GetCurrDataCounter                            obj/libs/STM32F4xx_StdPeriph_Driver/src/stm32f4xx_dma.o
DMA_GetCurrentMemoryTarget                        obj/libs/STM32F4xx_StdPeriph_Driver/src/stm32f4xx_dma.o
DMA_GetFIFOStatus                                 obj/libs/STM32F4xx_StdPeriph_Driver/src/stm32f4xx_dma.o
DMA_GetFlagStatus                                 obj/libs/STM32F4xx_StdPeriph_Driver/src/stm32f4xx_dma.o
DMA_GetITStatus                                   obj/libs/STM32F4xx_StdPeriph_Driver/src/stm32f4xx_dma.o
DMA_ITConfig                                      obj/libs/STM32F4xx_StdPeriph_Driver/src/stm32f4xx_dma.o
DMA_Init                                          obj/libs/STM32F4xx_StdPeriph_Driver/src/stm32f4xx_dma.o
DMA_MemoryTargetConfig                            obj/libs/STM32F4xx_StdPeriph_Driver/src/stm32f4xx_dma.o
DMA_PeriphIncOffsetSizeConfig                     obj/libs/STM32F4xx_StdPeriph_Driver/src/stm32f4xx_dma.o
DMA_SetCurrDataCounter                            obj/libs/STM32F4xx_StdPeriph_Driver/src/stm32f4xx_dma.o
DMA_StructInit                                    obj/libs/STM32F4xx_StdPeriph_Driver/src/stm32f4xx_dma.o
DebugMon_Handler                                  obj/src/startup_stm32f4xx.o
Default_Handler                                   obj/src/startup_stm32f4xx.o
ETH_IRQHandler                                    obj/src/startup_stm32f4xx.o
ETH_WKUP_IRQHandler                               obj/src/startup_stm32f4xx.o
EXTI0_IRQHandler                                  obj/src/startup_stm32f4xx.o
EXTI15_10_IRQHandler                              obj/src/startup_stm32f4xx.o
EXTI1_IRQHandler                                  obj/src/startup_stm32f4xx.o
EXTI2_IRQHandler                                  obj/src/startup_stm32f4xx.o
EXTI3_IRQHandler                                  obj/src/startup_stm32f4xx.o
EXTI4_IRQHandler                                  obj/src/startup_stm32f4xx.o
EXTI9_5_IRQHandler                                obj/src/startup_stm32f4xx.o
EXTI_ClearFlag                                    obj/libs/STM32F4xx_StdPeriph_Driver/src/stm32f4xx_exti.o
EXTI_ClearITPendingBit                            obj/libs/STM32F4xx_StdPeriph_Driver/src/stm32f4xx_exti.o
EXTI_DeInit                                       obj/libs/STM32F4xx_StdPeriph_Driver/src/stm32f4xx_exti.o
EXTI_GenerateSWInterrupt                          obj/libs/STM32F4xx_StdPeriph_Driver/src/stm32f4xx_exti.o
EXTI_GetFlagStatus                                obj/libs/STM32F4xx_StdPeriph_Driver/src/stm32f4xx_exti.o
EXTI_GetITStatus                                  obj/libs/STM32F4xx_StdPeriph_Driver/src/stm32f4xx_exti.o
EXTI_Init                                         obj/libs/STM32F4xx_StdPeriph_Driver/src/stm32f4xx_exti.o
EXTI_StructInit                                   obj/libs/STM32F4xx_StdPeriph_Driver/src/stm32f4xx_exti.o
FLASH_ClearFlag                                   obj/libs/STM32F4xx_StdPeriph_Driver/src/stm32f4xx_flash.o
FLASH_DataCacheCmd                                obj/libs/STM32F4xx_StdPeriph_Driver/src/stm32f4xx_flash.o
FLASH_DataCacheReset                              obj/libs/STM32F4xx_StdPeriph_Driver/src/stm32f4xx_flash.o
FLASH_EraseAllSectors                             obj/libs/STM32F4xx_StdPeriph_Driver/src/stm32f4xx_flash.o
FLASH_EraseSector                                 obj/libs/STM32F4xx_StdPeriph_Driver/src/stm32f4xx_flash.o
FLASH_GetFlagStatus                               obj/libs/STM32F4xx_StdPeriph_Driver/src/stm32f4xx_flash.o
FLASH_GetStatus                                   obj/libs/STM32F4xx_StdPeriph_Driver/src/stm32f4xx_flash.o
FLASH_IRQHandler                                  obj/src/startup_stm32f4xx.o
FLASH_ITConfig                                    obj/libs/STM32F4xx_StdPeriph_Driver/src/stm32f4xx_flash.o
FLASH_InstructionCacheCmd                         obj/libs/STM32F4xx_StdPeriph_Driver/src/stm32f4xx_flash.o
FLASH_InstructionCacheReset                       obj/libs/STM32F4xx_StdPeriph_Driver/src/stm32f4xx_flash.o
FLASH_Lock                                        obj/libs/STM32F4xx_StdPeriph_Driver/src/stm32f4xx_flash.o
FLASH_OB_BORConfig                                obj/libs/STM32F4xx_StdPeriph_Driver/src/stm32f4xx_flash.o
FLASH_OB_GetBOR                                   obj/libs/STM32F4xx_StdPeriph_Driver/src/stm32f4xx_flash.o
FLASH_OB_GetRDP                                   obj/libs/STM32F4xx_StdPeriph_Driver/src/stm32f4xx_flash.o
FLASH_OB_GetUser                                  obj/libs/STM32F4xx_StdPeriph_Driver/src/stm32f4xx_flash.o
FLASH_OB_GetWRP                                   obj/libs/STM32F4xx_StdPeriph_Driver/src/stm32f4xx_flash.o
FLASH_OB_Launch                                   obj/libs/STM32F4xx_StdPeriph_Driver/src/stm32f4xx_flash.o
FLASH_OB_Lock                                     obj/libs/STM32F4xx_StdPeriph_Driver/src/stm32f4xx_flash.o
FLASH_OB_RDPConfig                                obj/libs/STM32F4xx_StdPeriph_Driver/src/stm32f4xx_flash.o
FLASH_OB_Unlock                                   obj/libs/STM32F4xx_StdPeriph_Driver/src/stm32f4xx_flash.o
FLASH_OB_UserConfig                               obj/libs/STM32F4xx_StdPeriph_Driver/src/stm32f4xx_flash.o
FLASH_OB_WRPConfig                                obj/libs/STM32F4xx_StdPeriph_Driver/src/stm32f4xx_flash.o
FLASH_PrefetchBufferCmd                           obj/libs/STM32F4xx_StdPeriph_Driver/src/stm32f4xx_flash.o
FLASH_ProgramByte                                 obj/libs/STM32F4xx_StdPeriph_Driver/src/stm32f4xx_flash.o
FLASH_ProgramDoubleWord                           obj/libs/STM32F4xx_StdPeriph_Driver/src/stm32f4xx_flash.o
FLASH_ProgramHalfWord                             obj/libs/STM32F4xx_StdPeriph_Driver/src/stm32f4xx_flash.o
FLASH_ProgramWord                                 obj/libs/STM32F4xx_StdPeriph_Driver/src/stm32f4xx_flash.o
FLASH_SetLatency                                  obj/libs/STM32F4xx_StdPeriph_Driver/src/stm32f4xx_flash.o
FLASH_Unlock                                      obj/libs/STM32F4xx_StdPeriph_Driver/src/stm32f4xx_flash.o
FLASH_WaitForLastOperation                        obj/libs/STM32F4xx_StdPeriph_Driver/src/stm32f4xx_flash.o
FPU_IRQHandler                                    obj/src/startup_stm32f4xx.o
FSMC_ClearFlag                                    obj/libs/STM32F4xx_StdPeriph_Driver/src/stm32f4xx_fsmc.o
FSMC_ClearITPendingBit                            obj/libs/STM32F4xx_StdPeriph_Driver/src/stm32f4xx_fsmc.o
FSMC_GetECC                                       obj/libs/STM32F4xx_StdPeriph_Driver/src/stm32f4xx_fsmc.o
FSMC_GetFlagStatus                                obj/libs/STM32F4xx_StdPeriph_Driver/src/stm32f4xx_fsmc.o
FSMC_GetITStatus                                  obj/libs/STM32F4xx_StdPeriph_Driver/src/stm32f4xx_fsmc.o
FSMC_IRQHandler                                   obj/src/startup_stm32f4xx.o
FSMC_ITConfig                                     obj/libs/STM32F4xx_StdPeriph_Driver/src/stm32f4xx_fsmc.o
FSMC_NANDCmd                                      obj/libs/STM32F4xx_StdPeriph_Driver/src/stm32f4xx_fsmc.o
FSMC_NANDDeInit                                   obj/libs/STM32F4xx_StdPeriph_Driver/src/stm32f4xx_fsmc.o
FSMC_NANDECCCmd                                   obj/libs/STM32F4xx_StdPeriph_Driver/src/stm32f4xx_fsmc.o
FSMC_NANDInit                                     obj/libs/STM32F4xx_StdPeriph_Driver/src/stm32f4xx_fsmc.o
FSMC_NANDStructInit                               obj/libs/STM32F4xx_StdPeriph_Driver/src/stm32f4xx_fsmc.o
FSMC_NORSRAMCmd                                   obj/libs/STM32F4xx_StdPeriph_Driver/src/stm32f4xx_fsmc.o
FSMC_NORSRAMDeInit                                obj/libs/STM32F4xx_StdPeriph_Driver/src/stm32f4xx_fsmc.o
FSMC_NORSRAMInit                                  obj/libs/STM32F4xx_StdPeriph_Driver/src/stm32f4xx_fsmc.o
FSMC_NORSRAMStructInit                            obj/libs/STM32F4xx_StdPeriph_Driver/src/stm32f4xx_fsmc.o
FSMC_PCCARDCmd                                    obj/libs/STM32F4xx_StdPeriph_Driver/src/stm32f4xx_fsmc.o
FSMC_PCCARDDeInit                                 obj/libs/STM32F4xx_StdPeriph_Driver/src/stm32f4xx_fsmc.o
FSMC_PCCARDInit                                   obj/libs/STM32F4xx_StdPeriph_Driver/src/stm32f4xx_fsmc.o
FSMC_PCCARDStructInit                             obj/libs/STM32F4xx_StdPeriph_Driver/src/stm32f4xx_fsmc.o
GPIO_DeInit                                       obj/libs/STM32F4xx_StdPeriph_Driver/src/stm32f4xx_gpio.o
GPIO_Init                                         obj/libs/STM32F4xx_StdPeriph_Driver/src/stm32f4xx_gpio.o
                                                  obj/src/main.o
                                                  obj/src/uart.o
GPIO_PinAFConfig                                  obj/libs/STM32F4xx_StdPeriph_Driver/src/stm32f4xx_gpio.o
                                                  obj/src/main.o
                                                  obj/src/uart.o
GPIO_PinLockConfig                                obj/libs/STM32F4xx_StdPeriph_Driver/src/stm32f4xx_gpio.o
GPIO_ReadInputData                                obj/libs/STM32F4xx_StdPeriph_Driver/src/stm32f4xx_gpio.o
GPIO_ReadInputDataBit                             obj/libs/STM32F4xx_StdPeriph_Driver/src/stm32f4xx_gpio.o
GPIO_ReadOutputData                               obj/libs/STM32F4xx_StdPeriph_Driver/src/stm32f4xx_gpio.o
GPIO_ReadOutputDataBit                            obj/libs/STM32F4xx_StdPeriph_Driver/src/stm32f4xx_gpio.o
GPIO_ResetBits                                    obj/libs/STM32F4xx_StdPeriph_Driver/src/stm32f4xx_gpio.o
GPIO_SetBits                                      obj/libs/STM32F4xx_StdPeriph_Driver/src/stm32f4xx_gpio.o
GPIO_StructInit                                   obj/libs/STM32F4xx_StdPeriph_Driver/src/stm32f4xx_gpio.o
GPIO_ToggleBits                                   obj/libs/STM32F4xx_StdPeriph_Driver/src/stm32f4xx_gpio.o
GPIO_Write                                        obj/libs/STM32F4xx_StdPeriph_Driver/src/stm32f4xx_gpio.o
GPIO_WriteBit                                     obj/libs/STM32F4xx_StdPeriph_Driver/src/stm32f4xx_gpio.o
HASH_ClearFlag                                    obj/libs/STM32F4xx_StdPeriph_Driver/src/stm32f4xx_hash.o
HASH_ClearITPendingBit                            obj/libs/STM32F4xx_StdPeriph_Driver/src/stm32f4xx_hash.o
HASH_DMACmd                                       obj/libs/STM32F4xx_StdPeriph_Driver/src/stm32f4xx_hash.o
HASH_DataIn                                       obj/libs/STM32F4xx_StdPeriph_Driver/src/stm32f4xx_hash.o
                                                  obj/libs/STM32F4xx_StdPeriph_Driver/src/stm32f4xx_hash_sha1.o
                                                  obj/libs/STM32F4xx_StdPeriph_Driver/src/stm32f4xx_hash_md5.o
HASH_DeInit                                       obj/libs/STM32F4xx_StdPeriph_Driver/src/stm32f4xx_hash.o
                                                  obj/libs/STM32F4xx_StdPeriph_Driver/src/stm32f4xx_hash_sha1.o
                                                  obj/libs/STM32F4xx_StdPeriph_Driver/src/stm32f4xx_hash_md5.o
HASH_GetDigest                                    obj/libs/STM32F4xx_StdPeriph_Driver/src/stm32f4xx_hash.o
                                                  obj/libs/STM32F4xx_StdPeriph_Driver/src/stm32f4xx_hash_sha1.o
                                                  obj/libs/STM32F4xx_StdPeriph_Driver/src/stm32f4xx_hash_md5.o
HASH_GetFlagStatus                                obj/libs/STM32F4xx_StdPeriph_Driver/src/stm32f4xx_hash.o
                                                  obj/libs/STM32F4xx_StdPeriph_Driver/src/stm32f4xx_hash_sha1.o
                                                  obj/libs/STM32F4xx_StdPeriph_Driver/src/stm32f4xx_hash_md5.o
HASH_GetITStatus                                  obj/libs/STM32F4xx_StdPeriph_Driver/src/stm32f4xx_hash.o
HASH_GetInFIFOWordsNbr                            obj/libs/STM32F4xx_StdPeriph_Driver/src/stm32f4xx_hash.o
HASH_ITConfig                                     obj/libs/STM32F4xx_StdPeriph_Driver/src/stm32f4xx_hash.o
HASH_Init                                         obj/libs/STM32F4xx_StdPeriph_Driver/src/stm32f4xx_hash.o
                                                  obj/libs/STM32F4xx_StdPeriph_Driver/src/stm32f4xx_hash_sha1.o
                                                  obj/libs/STM32F4xx_StdPeriph_Driver/src/stm32f4xx_hash_md5.o
HASH_MD5                                          obj/libs/STM32F4xx_StdPeriph_Driver/src/stm32f4xx_hash_md5.o
HASH_RNG_IRQHandler                               obj/src/startup_stm32f4xx.o
HASH_Reset                                        obj/libs/STM32F4xx_StdPeriph_Driver/src/stm32f4xx_hash.o
HASH_RestoreContext                               obj/libs/STM32F4xx_StdPeriph_Driver/src/stm32f4xx_hash.o
HASH_SHA1                                         obj/libs/STM32F4xx_StdPeriph_Driver/src/stm32f4xx_hash_sha1.o
HASH_SaveContext                                  obj/libs/STM32F4xx_StdPeriph_Driver/src/stm32f4xx_hash.o
HASH_SetLastWordValidBitsNbr                      obj/libs/STM32F4xx_StdPeriph_Driver/src/stm32f4xx_hash.o
                                                  obj/libs/STM32F4xx_StdPeriph_Driver/src/stm32f4xx_hash_sha1.o
                                                  obj/libs/STM32F4xx_StdPeriph_Driver/src/stm32f4xx_hash_md5.o
HASH_StartDigest                                  obj/libs/STM32F4xx_StdPeriph_Driver/src/stm32f4xx_hash.o
                                                  obj/libs/STM32F4xx_StdPeriph_Driver/src/stm32f4xx_hash_sha1.o
                                                  obj/libs/STM32F4xx_StdPeriph_Driver/src/stm32f4xx_hash_md5.o
HASH_StructInit                                   obj/libs/STM32F4xx_StdPeriph_Driver/src/stm32f4xx_hash.o
HMAC_MD5                                          obj/libs/STM32F4xx_StdPeriph_Driver/src/stm32f4xx_hash_md5.o
HMAC_SHA1                                         obj/libs/STM32F4xx_StdPeriph_Driver/src/stm32f4xx_hash_sha1.o
HardFault_Handler                                 obj/src/startup_stm32f4xx.o
I2C1_ER_IRQHandler                                obj/src/startup_stm32f4xx.o
I2C1_EV_IRQHandler                                obj/src/startup_stm32f4xx.o
I2C2_ER_IRQHandler                                obj/src/startup_stm32f4xx.o
I2C2_EV_IRQHandler                                obj/src/startup_stm32f4xx.o
I2C3_ER_IRQHandler                                obj/src/startup_stm32f4xx.o
I2C3_EV_IRQHandler                                obj/src/startup_stm32f4xx.o
I2C_ARPCmd                                        obj/libs/STM32F4xx_StdPeriph_Driver/src/stm32f4xx_i2c.o
I2C_AcknowledgeConfig                             obj/libs/STM32F4xx_StdPeriph_Driver/src/stm32f4xx_i2c.o
I2C_CalculatePEC                                  obj/libs/STM32F4xx_StdPeriph_Driver/src/stm32f4xx_i2c.o
I2C_CheckEvent                                    obj/libs/STM32F4xx_StdPeriph_Driver/src/stm32f4xx_i2c.o
I2C_ClearFlag                                     obj/libs/STM32F4xx_StdPeriph_Driver/src/stm32f4xx_i2c.o
I2C_ClearITPendingBit                             obj/libs/STM32F4xx_StdPeriph_Driver/src/stm32f4xx_i2c.o
I2C_Cmd                                           obj/libs/STM32F4xx_StdPeriph_Driver/src/stm32f4xx_i2c.o
I2C_DMACmd                                        obj/libs/STM32F4xx_StdPeriph_Driver/src/stm32f4xx_i2c.o
I2C_DMALastTransferCmd                            obj/libs/STM32F4xx_StdPeriph_Driver/src/stm32f4xx_i2c.o
I2C_DeInit                                        obj/libs/STM32F4xx_StdPeriph_Driver/src/stm32f4xx_i2c.o
I2C_DualAddressCmd                                obj/libs/STM32F4xx_StdPeriph_Driver/src/stm32f4xx_i2c.o
I2C_FastModeDutyCycleConfig                       obj/libs/STM32F4xx_StdPeriph_Driver/src/stm32f4xx_i2c.o
I2C_GeneralCallCmd                                obj/libs/STM32F4xx_StdPeriph_Driver/src/stm32f4xx_i2c.o
I2C_GenerateSTART                                 obj/libs/STM32F4xx_StdPeriph_Driver/src/stm32f4xx_i2c.o
I2C_GenerateSTOP                                  obj/libs/STM32F4xx_StdPeriph_Driver/src/stm32f4xx_i2c.o
I2C_GetFlagStatus                                 obj/libs/STM32F4xx_StdPeriph_Driver/src/stm32f4xx_i2c.o
I2C_GetITStatus                                   obj/libs/STM32F4xx_StdPeriph_Driver/src/stm32f4xx_i2c.o
I2C_GetLastEvent                                  obj/libs/STM32F4xx_StdPeriph_Driver/src/stm32f4xx_i2c.o
I2C_GetPEC                                        obj/libs/STM32F4xx_StdPeriph_Driver/src/stm32f4xx_i2c.o
I2C_ITConfig                                      obj/libs/STM32F4xx_StdPeriph_Driver/src/stm32f4xx_i2c.o
I2C_Init                                          obj/libs/STM32F4xx_StdPeriph_Driver/src/stm32f4xx_i2c.o
I2C_NACKPositionConfig                            obj/libs/STM32F4xx_StdPeriph_Driver/src/stm32f4xx_i2c.o
I2C_OwnAddress2Config                             obj/libs/STM32F4xx_StdPeriph_Driver/src/stm32f4xx_i2c.o
I2C_PECPositionConfig                             obj/libs/STM32F4xx_StdPeriph_Driver/src/stm32f4xx_i2c.o
I2C_ReadRegister                                  obj/libs/STM32F4xx_StdPeriph_Driver/src/stm32f4xx_i2c.o
I2C_ReceiveData                                   obj/libs/STM32F4xx_StdPeriph_Driver/src/stm32f4xx_i2c.o
I2C_SMBusAlertConfig                              obj/libs/STM32F4xx_StdPeriph_Driver/src/stm32f4xx_i2c.o
I2C_Send7bitAddress                               obj/libs/STM32F4xx_StdPeriph_Driver/src/stm32f4xx_i2c.o
I2C_SendData                                      obj/libs/STM32F4xx_StdPeriph_Driver/src/stm32f4xx_i2c.o
I2C_SoftwareResetCmd                              obj/libs/STM32F4xx_StdPeriph_Driver/src/stm32f4xx_i2c.o
I2C_StretchClockCmd                               obj/libs/STM32F4xx_StdPeriph_Driver/src/stm32f4xx_i2c.o
I2C_StructInit                                    obj/libs/STM32F4xx_StdPeriph_Driver/src/stm32f4xx_i2c.o
I2C_TransmitPEC                                   obj/libs/STM32F4xx_StdPeriph_Driver/src/stm32f4xx_i2c.o
I2S_Cmd                                           obj/libs/STM32F4xx_StdPeriph_Driver/src/stm32f4xx_spi.o
I2S_FullDuplexConfig                              obj/libs/STM32F4xx_StdPeriph_Driver/src/stm32f4xx_spi.o
I2S_Init                                          obj/libs/STM32F4xx_StdPeriph_Driver/src/stm32f4xx_spi.o
I2S_StructInit                                    obj/libs/STM32F4xx_StdPeriph_Driver/src/stm32f4xx_spi.o
IWDG_Enable                                       obj/libs/STM32F4xx_StdPeriph_Driver/src/stm32f4xx_iwdg.o
IWDG_GetFlagStatus                                obj/libs/STM32F4xx_StdPeriph_Driver/src/stm32f4xx_iwdg.o
IWDG_ReloadCounter                                obj/libs/STM32F4xx_StdPeriph_Driver/src/stm32f4xx_iwdg.o
IWDG_SetPrescaler                                 obj/libs/STM32F4xx_StdPeriph_Driver/src/stm32f4xx_iwdg.o
IWDG_SetReload                                    obj/libs/STM32F4xx_StdPeriph_Driver/src/stm32f4xx_iwdg.o
IWDG_WriteAccessCmd                               obj/libs/STM32F4xx_StdPeriph_Driver/src/stm32f4xx_iwdg.o
MemManage_Handler                                 obj/src/startup_stm32f4xx.o
NMI_Handler                                       obj/src/startup_stm32f4xx.o
NVIC_Init                                         obj/libs/STM32F4xx_StdPeriph_Driver/src/misc.o
                                                  obj/src/uart.o
NVIC_PriorityGroupConfig                          obj/libs/STM32F4xx_StdPeriph_Driver/src/misc.o
NVIC_SetVectorTable                               obj/libs/STM32F4xx_StdPeriph_Driver/src/misc.o
NVIC_SystemLPConfig                               obj/libs/STM32F4xx_StdPeriph_Driver/src/misc.o
OTG_FS_IRQHandler                                 obj/src/startup_stm32f4xx.o
OTG_FS_WKUP_IRQHandler                            obj/src/startup_stm32f4xx.o
OTG_HS_EP1_IN_IRQHandler                          obj/src/startup_stm32f4xx.o
OTG_HS_EP1_OUT_IRQHandler                         obj/src/startup_stm32f4xx.o
OTG_HS_IRQHandler                                 obj/src/startup_stm32f4xx.o
OTG_HS_WKUP_IRQHandler                            obj/src/startup_stm32f4xx.o
PVD_IRQHandler                                    obj/src/startup_stm32f4xx.o
PWR_BackupAccessCmd                               obj/libs/STM32F4xx_StdPeriph_Driver/src/stm32f4xx_pwr.o
PWR_BackupRegulatorCmd                            obj/libs/STM32F4xx_StdPeriph_Driver/src/stm32f4xx_pwr.o
PWR_ClearFlag                                     obj/libs/STM32F4xx_StdPeriph_Driver/src/stm32f4xx_pwr.o
PWR_DeInit                                        obj/libs/STM32F4xx_StdPeriph_Driver/src/stm32f4xx_pwr.o
PWR_EnterSTANDBYMode                              obj/libs/STM32F4xx_StdPeriph_Driver/src/stm32f4xx_pwr.o
PWR_EnterSTOPMode                                 obj/libs/STM32F4xx_StdPeriph_Driver/src/stm32f4xx_pwr.o
PWR_FlashPowerDownCmd                             obj/libs/STM32F4xx_StdPeriph_Driver/src/stm32f4xx_pwr.o
PWR_GetFlagStatus                                 obj/libs/STM32F4xx_StdPeriph_Driver/src/stm32f4xx_pwr.o
PWR_HighPerformanceModeCmd                        obj/libs/STM32F4xx_StdPeriph_Driver/src/stm32f4xx_pwr.o
PWR_PVDCmd                                        obj/libs/STM32F4xx_StdPeriph_Driver/src/stm32f4xx_pwr.o
PWR_PVDLevelConfig                                obj/libs/STM32F4xx_StdPeriph_Driver/src/stm32f4xx_pwr.o
PWR_WakeUpPinCmd                                  obj/libs/STM32F4xx_StdPeriph_Driver/src/stm32f4xx_pwr.o
PendSV_Handler                                    obj/FreeRTOS/Source/portable/GCC/ARM_CM4F/port.o
                                                  obj/src/startup_stm32f4xx.o
RCC_AHB1PeriphClockCmd                            obj/libs/STM32F4xx_StdPeriph_Driver/src/stm32f4xx_rcc.o
                                                  obj/src/main.o
RCC_AHB1PeriphClockLPModeCmd                      obj/libs/STM32F4xx_StdPeriph_Driver/src/stm32f4xx_rcc.o
RCC_AHB1PeriphResetCmd                            obj/libs/STM32F4xx_StdPeriph_Driver/src/stm32f4xx_rcc.o
                                                  obj/libs/STM32F4xx_StdPeriph_Driver/src/stm32f4xx_gpio.o
RCC_AHB2PeriphClockCmd                            obj/libs/STM32F4xx_StdPeriph_Driver/src/stm32f4xx_rcc.o
RCC_AHB2PeriphClockLPModeCmd                      obj/libs/STM32F4xx_StdPeriph_Driver/src/stm32f4xx_rcc.o
RCC_AHB2PeriphResetCmd                            obj/libs/STM32F4xx_StdPeriph_Driver/src/stm32f4xx_rcc.o
                                                  obj/libs/STM32F4xx_StdPeriph_Driver/src/stm32f4xx_rng.o
                                                  obj/libs/STM32F4xx_StdPeriph_Driver/src/stm32f4xx_hash.o
                                                  obj/libs/STM32F4xx_StdPeriph_Driver/src/stm32f4xx_cryp.o
RCC_AHB3PeriphClockCmd                            obj/libs/STM32F4xx_StdPeriph_Driver/src/stm32f4xx_rcc.o
RCC_AHB3PeriphClockLPModeCmd                      obj/libs/STM32F4xx_StdPeriph_Driver/src/stm32f4xx_rcc.o
RCC_AHB3PeriphResetCmd                            obj/libs/STM32F4xx_StdPeriph_Driver/src/stm32f4xx_rcc.o
RCC_APB1PeriphClockCmd                            obj/libs/STM32F4xx_StdPeriph_Driver/src/stm32f4xx_rcc.o
                                                  obj/src/main.o
RCC_APB1PeriphClockLPModeCmd                      obj/libs/STM32F4xx_StdPeriph_Driver/src/stm32f4xx_rcc.o
RCC_APB1PeriphResetCmd                            obj/libs/STM32F4xx_StdPeriph_Driver/src/stm32f4xx_rcc.o
                                                  obj/libs/STM32F4xx_StdPeriph_Driver/src/stm32f4xx_wwdg.o
                                                  obj/libs/STM32F4xx_StdPeriph_Driver/src/stm32f4xx_usart.o
                                                  obj/libs/STM32F4xx_StdPeriph_Driver/src/stm32f4xx_tim.o
                                                  obj/libs/STM32F4xx_StdPeriph_Driver/src/stm32f4xx_spi.o
                                                  obj/libs/STM32F4xx_StdPeriph_Driver/src/stm32f4xx_pwr.o
                                                  obj/libs/STM32F4xx_StdPeriph_Driver/src/stm32f4xx_i2c.o
                                                  obj/libs/STM32F4xx_StdPeriph_Driver/src/stm32f4xx_dac.o
                                                  obj/libs/STM32F4xx_StdPeriph_Driver/src/stm32f4xx_can.o
RCC_APB2PeriphClockCmd                            obj/libs/STM32F4xx_StdPeriph_Driver/src/stm32f4xx_rcc.o
RCC_APB2PeriphClockLPModeCmd                      obj/libs/STM32F4xx_StdPeriph_Driver/src/stm32f4xx_rcc.o
RCC_APB2PeriphResetCmd                            obj/libs/STM32F4xx_StdPeriph_Driver/src/stm32f4xx_rcc.o
                                                  obj/libs/STM32F4xx_StdPeriph_Driver/src/stm32f4xx_usart.o
                                                  obj/libs/STM32F4xx_StdPeriph_Driver/src/stm32f4xx_tim.o
                                                  obj/libs/STM32F4xx_StdPeriph_Driver/src/stm32f4xx_syscfg.o
                                                  obj/libs/STM32F4xx_StdPeriph_Driver/src/stm32f4xx_spi.o
                                                  obj/libs/STM32F4xx_StdPeriph_Driver/src/stm32f4xx_sdio.o
                                                  obj/libs/STM32F4xx_StdPeriph_Driver/src/stm32f4xx_adc.o
RCC_AdjustHSICalibrationValue                     obj/libs/STM32F4xx_StdPeriph_Driver/src/stm32f4xx_rcc.o
RCC_BackupResetCmd                                obj/libs/STM32F4xx_StdPeriph_Driver/src/stm32f4xx_rcc.o
RCC_ClearFlag                                     obj/libs/STM32F4xx_StdPeriph_Driver/src/stm32f4xx_rcc.o
RCC_ClearITPendingBit                             obj/libs/STM32F4xx_StdPeriph_Driver/src/stm32f4xx_rcc.o
RCC_ClockSecuritySystemCmd                        obj/libs/STM32F4xx_StdPeriph_Driver/src/stm32f4xx_rcc.o
RCC_DeInit                                        obj/libs/STM32F4xx_StdPeriph_Driver/src/stm32f4xx_rcc.o
RCC_GetClocksFreq                                 obj/libs/STM32F4xx_StdPeriph_Driver/src/stm32f4xx_rcc.o
                                                  obj/libs/STM32F4xx_StdPeriph_Driver/src/stm32f4xx_usart.o
                                                  obj/libs/STM32F4xx_StdPeriph_Driver/src/stm32f4xx_i2c.o
                                                  obj/src/ustime.o
RCC_GetFlagStatus                                 obj/libs/STM32F4xx_StdPeriph_Driver/src/stm32f4xx_rcc.o
RCC_GetITStatus                                   obj/libs/STM32F4xx_StdPeriph_Driver/src/stm32f4xx_rcc.o
RCC_GetSYSCLKSource                               obj/libs/STM32F4xx_StdPeriph_Driver/src/stm32f4xx_rcc.o
RCC_HCLKConfig                                    obj/libs/STM32F4xx_StdPeriph_Driver/src/stm32f4xx_rcc.o
RCC_HSEConfig                                     obj/libs/STM32F4xx_StdPeriph_Driver/src/stm32f4xx_rcc.o
RCC_HSICmd                                        obj/libs/STM32F4xx_StdPeriph_Driver/src/stm32f4xx_rcc.o
RCC_I2SCLKConfig                                  obj/libs/STM32F4xx_StdPeriph_Driver/src/stm32f4xx_rcc.o
RCC_IRQHandler                                    obj/src/startup_stm32f4xx.o
RCC_ITConfig                                      obj/libs/STM32F4xx_StdPeriph_Driver/src/stm32f4xx_rcc.o
RCC_LSEConfig                                     obj/libs/STM32F4xx_StdPeriph_Driver/src/stm32f4xx_rcc.o
RCC_LSICmd                                        obj/libs/STM32F4xx_StdPeriph_Driver/src/stm32f4xx_rcc.o
RCC_MCO1Config                                    obj/libs/STM32F4xx_StdPeriph_Driver/src/stm32f4xx_rcc.o
RCC_MCO2Config                                    obj/libs/STM32F4xx_StdPeriph_Driver/src/stm32f4xx_rcc.o
RCC_PCLK1Config                                   obj/libs/STM32F4xx_StdPeriph_Driver/src/stm32f4xx_rcc.o
RCC_PCLK2Config                                   obj/libs/STM32F4xx_StdPeriph_Driver/src/stm32f4xx_rcc.o
RCC_PLLCmd                                        obj/libs/STM32F4xx_StdPeriph_Driver/src/stm32f4xx_rcc.o
RCC_PLLConfig                                     obj/libs/STM32F4xx_StdPeriph_Driver/src/stm32f4xx_rcc.o
RCC_PLLI2SCmd                                     obj/libs/STM32F4xx_StdPeriph_Driver/src/stm32f4xx_rcc.o
RCC_PLLI2SConfig                                  obj/libs/STM32F4xx_StdPeriph_Driver/src/stm32f4xx_rcc.o
RCC_RTCCLKCmd                                     obj/libs/STM32F4xx_StdPeriph_Driver/src/stm32f4xx_rcc.o
RCC_RTCCLKConfig                                  obj/libs/STM32F4xx_StdPeriph_Driver/src/stm32f4xx_rcc.o
RCC_SYSCLKConfig                                  obj/libs/STM32F4xx_StdPeriph_Driver/src/stm32f4xx_rcc.o
RCC_WaitForHSEStartUp                             obj/libs/STM32F4xx_StdPeriph_Driver/src/stm32f4xx_rcc.o
RNG_ClearFlag                                     obj/libs/STM32F4xx_StdPeriph_Driver/src/stm32f4xx_rng.o