Archive member included because of file (symbol)

/home/shihyu/data/STM32F4/gcc-arm-none-eabi-4_8-2013q4/bin/../lib/gcc/arm-none-eabi/4.8.3/armv7e-m/softfp/libgcc.a(_arm_addsubdf3.o)
                              obj/App/Common/Minimal/flop.o (__aeabi_dsub)
/home/shihyu/data/STM32F4/gcc-arm-none-eabi-4_8-2013q4/bin/../lib/gcc/arm-none-eabi/4.8.3/armv7e-m/softfp/libgcc.a(_arm_muldivdf3.o)
                              obj/App/Common/Minimal/flop.o (__aeabi_dmul)
/home/shihyu/data/STM32F4/gcc-arm-none-eabi-4_8-2013q4/bin/../lib/gcc/arm-none-eabi/4.8.3/armv7e-m/softfp/libgcc.a(_arm_cmpdf2.o)
                              obj/App/Common/Minimal/flop.o (__aeabi_dcmpgt)
/home/shihyu/data/STM32F4/gcc-arm-none-eabi-4_8-2013q4/bin/../lib/gcc/arm-none-eabi/4.8.3/../../../../arm-none-eabi/lib/armv7e-m/softfp/libc.a(lib_a-exit.o)
                              /home/shihyu/data/STM32F4/gcc-arm-none-eabi-4_8-2013q4/bin/../lib/gcc/arm-none-eabi/4.8.3/../../../../arm-none-eabi/lib/armv7e-m/softfp/crt0.o (exit)
/home/shihyu/data/STM32F4/gcc-arm-none-eabi-4_8-2013q4/bin/../lib/gcc/arm-none-eabi/4.8.3/../../../../arm-none-eabi/lib/armv7e-m/softfp/libc.a(lib_a-impure.o)
                              /home/shihyu/data/STM32F4/gcc-arm-none-eabi-4_8-2013q4/bin/../lib/gcc/arm-none-eabi/4.8.3/../../../../arm-none-eabi/lib/armv7e-m/softfp/libc.a(lib_a-exit.o) (_global_impure_ptr)
/home/shihyu/data/STM32F4/gcc-arm-none-eabi-4_8-2013q4/bin/../lib/gcc/arm-none-eabi/4.8.3/../../../../arm-none-eabi/lib/armv7e-m/softfp/libc.a(lib_a-init.o)
                              /home/shihyu/data/STM32F4/gcc-arm-none-eabi-4_8-2013q4/bin/../lib/gcc/arm-none-eabi/4.8.3/../../../../arm-none-eabi/lib/armv7e-m/softfp/crt0.o (__libc_init_array)
/home/shihyu/data/STM32F4/gcc-arm-none-eabi-4_8-2013q4/bin/../lib/gcc/arm-none-eabi/4.8.3/../../../../arm-none-eabi/lib/armv7e-m/softfp/libc.a(lib_a-memcmp.o)
                              obj/Source/tasks.o (memcmp)
/home/shihyu/data/STM32F4/gcc-arm-none-eabi-4_8-2013q4/bin/../lib/gcc/arm-none-eabi/4.8.3/../../../../arm-none-eabi/lib/armv7e-m/softfp/libc.a(lib_a-memcpy.o)
                              obj/Source/queue.o (memcpy)
/home/shihyu/data/STM32F4/gcc-arm-none-eabi-4_8-2013q4/bin/../lib/gcc/arm-none-eabi/4.8.3/../../../../arm-none-eabi/lib/armv7e-m/softfp/libc.a(lib_a-memset.o)
                              /home/shihyu/data/STM32F4/gcc-arm-none-eabi-4_8-2013q4/bin/../lib/gcc/arm-none-eabi/4.8.3/../../../../arm-none-eabi/lib/armv7e-m/softfp/crt0.o (memset)
/home/shihyu/data/STM32F4/gcc-arm-none-eabi-4_8-2013q4/bin/../lib/gcc/arm-none-eabi/4.8.3/../../../../arm-none-eabi/lib/armv7e-m/softfp/libc.a(lib_a-__call_atexit.o)
                              /home/shihyu/data/STM32F4/gcc-arm-none-eabi-4_8-2013q4/bin/../lib/gcc/arm-none-eabi/4.8.3/../../../../arm-none-eabi/lib/armv7e-m/softfp/libc.a(lib_a-exit.o) (__call_exitprocs)
/home/shihyu/data/STM32F4/gcc-arm-none-eabi-4_8-2013q4/bin/../lib/gcc/arm-none-eabi/4.8.3/../../../../arm-none-eabi/lib/armv7e-m/softfp/libc.a(lib_a-atexit.o)
                              /home/shihyu/data/STM32F4/gcc-arm-none-eabi-4_8-2013q4/bin/../lib/gcc/arm-none-eabi/4.8.3/../../../../arm-none-eabi/lib/armv7e-m/softfp/libc.a(lib_a-__call_atexit.o) (atexit)
/home/shihyu/data/STM32F4/gcc-arm-none-eabi-4_8-2013q4/bin/../lib/gcc/arm-none-eabi/4.8.3/../../../../arm-none-eabi/lib/armv7e-m/softfp/libc.a(lib_a-fini.o)
                              /home/shihyu/data/STM32F4/gcc-arm-none-eabi-4_8-2013q4/bin/../lib/gcc/arm-none-eabi/4.8.3/../../../../arm-none-eabi/lib/armv7e-m/softfp/libc.a(lib_a-__call_atexit.o) (__libc_fini_array)
/home/shihyu/data/STM32F4/gcc-arm-none-eabi-4_8-2013q4/bin/../lib/gcc/arm-none-eabi/4.8.3/../../../../arm-none-eabi/lib/armv7e-m/softfp/libc.a(lib_a-__atexit.o)
                              /home/shihyu/data/STM32F4/gcc-arm-none-eabi-4_8-2013q4/bin/../lib/gcc/arm-none-eabi/4.8.3/../../../../arm-none-eabi/lib/armv7e-m/softfp/libc.a(lib_a-atexit.o) (__register_exitproc)

Allocating common symbols
Common symbol       size              file

xQueueRegistry      0x40              obj/Source/queue.o
xCreatedTask        0x4               obj/App/Common/Minimal/death.o
NVIC_InitStructure  0x4               obj/App/STM32F4-Discovery/board/stm32f4_discovery.o
xSuspendedTestQueue
                    0x4               obj/App/Common/Minimal/dynamic.o

Discarded input sections

 .text          0x00000000        0x0 /home/shihyu/data/STM32F4/gcc-arm-none-eabi-4_8-2013q4/bin/../lib/gcc/arm-none-eabi/4.8.3/armv7e-m/softfp/crti.o
 .data          0x00000000        0x0 /home/shihyu/data/STM32F4/gcc-arm-none-eabi-4_8-2013q4/bin/../lib/gcc/arm-none-eabi/4.8.3/armv7e-m/softfp/crti.o
 .bss           0x00000000        0x0 /home/shihyu/data/STM32F4/gcc-arm-none-eabi-4_8-2013q4/bin/../lib/gcc/arm-none-eabi/4.8.3/armv7e-m/softfp/crti.o
 .data          0x00000000        0x4 /home/shihyu/data/STM32F4/gcc-arm-none-eabi-4_8-2013q4/bin/../lib/gcc/arm-none-eabi/4.8.3/armv7e-m/softfp/crtbegin.o
[...]
Memory Configuration

Name             Origin             Length             Attributes
FLASH            0x08000000         0x00100000         xr
RAM              0x20000000         0x00030000         xrw
MEMORY_B1        0x60000000         0x00000000         xr
*default*        0x00000000         0xffffffff

Linker script and memory map

LOAD /home/shihyu/data/STM32F4/gcc-arm-none-eabi-4_8-2013q4/bin/../lib/gcc/arm-none-eabi/4.8.3/armv7e-m/softfp/crti.o
LOAD /home/shihyu/data/STM32F4/gcc-arm-none-eabi-4_8-2013q4/bin/../lib/gcc/arm-none-eabi/4.8.3/armv7e-m/softfp/crtbegin.o
LOAD /home/shihyu/data/STM32F4/gcc-arm-none-eabi-4_8-2013q4/bin/../lib/gcc/arm-none-eabi/4.8.3/../../../../arm-none-eabi/lib/armv7e-m/softfp/crt0.o
LOAD obj/App/STM32F4-Discovery/main.o
LOAD obj/App/STM32F4-Discovery/ParTest.o
LOAD obj/App/STM32F4-Discovery/startup/startup_stm32f4xx.o
LOAD obj/App/STM32F4-Discovery/startup/system_stm32f4xx.o
LOAD obj/Source/tasks.o
LOAD obj/Source/queue.o
LOAD obj/Source/list.o
LOAD obj/Source/croutine.o
LOAD obj/Source/portable/GCC/ARM_CM4F/port.o
LOAD obj/Source/timers.o
LOAD obj/Source/portable/MemMang/heap_1.o
LOAD obj/App/Common/Minimal/BlockQ.o
LOAD obj/App/Common/Minimal/blocktim.o
LOAD obj/App/Common/Minimal/countsem.o
LOAD obj/App/Common/Minimal/death.o
LOAD obj/App/Common/Minimal/dynamic.o
LOAD obj/App/Common/Minimal/flash.o
LOAD obj/App/Common/Minimal/flop.o
LOAD obj/App/Common/Minimal/GenQTest.o
LOAD obj/App/Common/Minimal/integer.o
LOAD obj/App/Common/Minimal/PollQ.o
LOAD obj/App/Common/Minimal/recmutex.o
LOAD obj/App/Common/Minimal/semtest.o
LOAD obj/App/STM32F4-Discovery/board/stm32f4_discovery.o
LOAD obj/App/STM32F4-Discovery/Libraries/STM32F4xx_StdPeriph_Driver/src/misc.o
LOAD obj/App/STM32F4-Discovery/Libraries/STM32F4xx_StdPeriph_Driver/src/stm32f4xx_adc.o
LOAD obj/App/STM32F4-Discovery/Libraries/STM32F4xx_StdPeriph_Driver/src/stm32f4xx_can.o
LOAD obj/App/STM32F4-Discovery/Libraries/STM32F4xx_StdPeriph_Driver/src/stm32f4xx_crc.o
LOAD obj/App/STM32F4-Discovery/Libraries/STM32F4xx_StdPeriph_Driver/src/stm32f4xx_cryp.o
LOAD obj/App/STM32F4-Discovery/Libraries/STM32F4xx_StdPeriph_Driver/src/stm32f4xx_cryp_aes.o
LOAD obj/App/STM32F4-Discovery/Libraries/STM32F4xx_StdPeriph_Driver/src/stm32f4xx_cryp_des.o
LOAD obj/App/STM32F4-Discovery/Libraries/STM32F4xx_StdPeriph_Driver/src/stm32f4xx_cryp_tdes.o
LOAD obj/App/STM32F4-Discovery/Libraries/STM32F4xx_StdPeriph_Driver/src/stm32f4xx_dac.o
LOAD obj/App/STM32F4-Discovery/Libraries/STM32F4xx_StdPeriph_Driver/src/stm32f4xx_dbgmcu.o
LOAD obj/App/STM32F4-Discovery/Libraries/STM32F4xx_StdPeriph_Driver/src/stm32f4xx_dcmi.o
LOAD obj/App/STM32F4-Discovery/Libraries/STM32F4xx_StdPeriph_Driver/src/stm32f4xx_dma.o
LOAD obj/App/STM32F4-Discovery/Libraries/STM32F4xx_StdPeriph_Driver/src/stm32f4xx_exti.o
LOAD obj/App/STM32F4-Discovery/Libraries/STM32F4xx_StdPeriph_Driver/src/stm32f4xx_flash.o
LOAD obj/App/STM32F4-Discovery/Libraries/STM32F4xx_StdPeriph_Driver/src/stm32f4xx_fsmc.o
LOAD obj/App/STM32F4-Discovery/Libraries/STM32F4xx_StdPeriph_Driver/src/stm32f4xx_gpio.o
LOAD obj/App/STM32F4-Discovery/Libraries/STM32F4xx_StdPeriph_Driver/src/stm32f4xx_hash.o
LOAD obj/App/STM32F4-Discovery/Libraries/STM32F4xx_StdPeriph_Driver/src/stm32f4xx_hash_md5.o
LOAD obj/App/STM32F4-Discovery/Libraries/STM32F4xx_StdPeriph_Driver/src/stm32f4xx_hash_sha1.o
LOAD obj/App/STM32F4-Discovery/Libraries/STM32F4xx_StdPeriph_Driver/src/stm32f4xx_i2c.o
LOAD obj/App/STM32F4-Discovery/Libraries/STM32F4xx_StdPeriph_Driver/src/stm32f4xx_iwdg.o
LOAD obj/App/STM32F4-Discovery/Libraries/STM32F4xx_StdPeriph_Driver/src/stm32f4xx_pwr.o
LOAD obj/App/STM32F4-Discovery/Libraries/STM32F4xx_StdPeriph_Driver/src/stm32f4xx_rcc.o
LOAD obj/App/STM32F4-Discovery/Libraries/STM32F4xx_StdPeriph_Driver/src/stm32f4xx_rng.o
LOAD obj/App/STM32F4-Discovery/Libraries/STM32F4xx_StdPeriph_Driver/src/stm32f4xx_rtc.o
LOAD obj/App/STM32F4-Discovery/Libraries/STM32F4xx_StdPeriph_Driver/src/stm32f4xx_sdio.o
LOAD obj/App/STM32F4-Discovery/Libraries/STM32F4xx_StdPeriph_Driver/src/stm32f4xx_spi.o
LOAD obj/App/STM32F4-Discovery/Libraries/STM32F4xx_StdPeriph_Driver/src/stm32f4xx_syscfg.o
LOAD obj/App/STM32F4-Discovery/Libraries/STM32F4xx_StdPeriph_Driver/src/stm32f4xx_tim.o
LOAD obj/App/STM32F4-Discovery/Libraries/STM32F4xx_StdPeriph_Driver/src/stm32f4xx_usart.o
LOAD obj/App/STM32F4-Discovery/Libraries/STM32F4xx_StdPeriph_Driver/src/stm32f4xx_wwdg.o
LOAD /home/shihyu/data/STM32F4/gcc-arm-none-eabi-4_8-2013q4/bin/../lib/gcc/arm-none-eabi/4.8.3/../../../../arm-none-eabi/lib/armv7e-m/softfp/libm.a
START GROUP
LOAD /home/shihyu/data/STM32F4/gcc-arm-none-eabi-4_8-2013q4/bin/../lib/gcc/arm-none-eabi/4.8.3/armv7e-m/softfp/libgcc.a
LOAD /home/shihyu/data/STM32F4/gcc-arm-none-eabi-4_8-2013q4/bin/../lib/gcc/arm-none-eabi/4.8.3/../../../../arm-none-eabi/lib/armv7e-m/softfp/libc.a
END GROUP
LOAD /home/shihyu/data/STM32F4/gcc-arm-none-eabi-4_8-2013q4/bin/../lib/gcc/arm-none-eabi/4.8.3/armv7e-m/softfp/crtend.o
LOAD /home/shihyu/data/STM32F4/gcc-arm-none-eabi-4_8-2013q4/bin/../lib/gcc/arm-none-eabi/4.8.3/armv7e-m/softfp/crtn.o
                0x20020000                _estack = 0x20020000
                0x00000000                _Min_Heap_Size = 0x0
                0x00000400                _Min_Stack_Size = 0x400

.isr_vector     0x08000000      0x188
                0x08000000                . = ALIGN (0x4)
 *(.isr_vector)
 .isr_vector    0x08000000      0x188 obj/App/STM32F4-Discovery/startup/startup_stm32f4xx.o
                0x08000000                g_pfnVectors
                0x08000188                . = ALIGN (0x4)

.text           0x08000188     0x2bc4
                0x08000188                . = ALIGN (0x4)
 *(.text)
 .text          0x08000188       0x54 /home/shihyu/data/STM32F4/gcc-arm-none-eabi-4_8-2013q4/bin/../lib/gcc/arm-none-eabi/4.8.3/armv7e-m/softfp/crtbegin.o
 .text          0x080001dc      0x134 /home/shihyu/data/STM32F4/gcc-arm-none-eabi-4_8-2013q4/bin/../lib/gcc/arm-none-eabi/4.8.3/../../../../arm-none-eabi/lib/armv7e-m/softfp/libc.a(lib_a-memcpy.o)
                0x080001dc                memcpy
 *(.text*)
 .text.NVIC_SetPendingIRQ
                0x08000310       0x34 obj/App/STM32F4-Discovery/main.o
 .text.main     0x08000344       0x14 obj/App/STM32F4-Discovery/main.o
                0x08000344                main
 .text.prvSetupHardware
                0x08000358       0x18 obj/App/STM32F4-Discovery/main.o
 .text.vApplicationTickHook
                0x08000370       0x24 obj/App/STM32F4-Discovery/main.o
                0x08000370                vApplicationTickHook
 .text.TIM3_IRQHandler
                0x08000394       0x3c obj/App/STM32F4-Discovery/main.o
                0x08000394                TIM3_IRQHandler
 .text.TIM2_IRQHandler
                0x080003d0       0x24 obj/App/STM32F4-Discovery/main.o
                0x080003d0                TIM2_IRQHandler
 .text.EXTI9_5_IRQHandler
                0x080003f4       0x40 obj/App/STM32F4-Discovery/main.o
                0x080003f4                EXTI9_5_IRQHandler
 .text.vApplicationMallocFailedHook
                0x08000434        0xc obj/App/STM32F4-Discovery/main.o
                0x08000434                vApplicationMallocFailedHook
 .text.vApplicationIdleHook
                0x08000440        0xc obj/App/STM32F4-Discovery/main.o
                0x08000440                vApplicationIdleHook
 .text.vApplicationStackOverflowHook
                0x0800044c       0x10 obj/App/STM32F4-Discovery/main.o
                0x0800044c                vApplicationStackOverflowHook
 .text.assert_failed
                0x0800045c       0x14 obj/App/STM32F4-Discovery/main.o
                0x0800045c                assert_failed
 .text.vParTestInitialise
                0x08000470       0x20 obj/App/STM32F4-Discovery/ParTest.o
                0x08000470                vParTestInitialise
 .text.vParTestToggleLED
                0x08000490       0x30 obj/App/STM32F4-Discovery/ParTest.o
                0x08000490                vParTestToggleLED
 .text.Reset_Handler
                0x080004c0       0x60 obj/App/STM32F4-Discovery/startup/startup_stm32f4xx.o
                0x080004c0                Reset_Handler
 .text.Default_Handler
                0x08000520        0x4 obj/App/STM32F4-Discovery/startup/startup_stm32f4xx.o
                0x08000520                RTC_Alarm_IRQHandler
                0x08000520                HASH_RNG_IRQHandler
                0x08000520                EXTI2_IRQHandler
                0x08000520                TIM8_CC_IRQHandler
                0x08000520                DebugMon_Handler
                0x08000520                TIM1_CC_IRQHandler
                0x08000520                DMA2_Stream5_IRQHandler
                0x08000520                HardFault_Handler
                0x08000520                DMA1_Stream5_IRQHandler
                0x08000520                PVD_IRQHandler
                0x08000520                SDIO_IRQHandler
                0x08000520                TAMP_STAMP_IRQHandler
                0x08000520                NMI_Handler
                0x08000520                CAN2_RX1_IRQHandler
                0x08000520                EXTI3_IRQHandler
                0x08000520                TIM8_TRG_COM_TIM14_IRQHandler
                0x08000520                TIM1_UP_TIM10_IRQHandler
                0x08000520                TIM8_UP_TIM13_IRQHandler
                0x08000520                I2C3_ER_IRQHandler
                0x08000520                EXTI0_IRQHandler
                0x08000520                I2C2_EV_IRQHandler
                0x08000520                DMA1_Stream2_IRQHandler
                0x08000520                CAN1_RX0_IRQHandler
                0x08000520                FPU_IRQHandler
                0x08000520                OTG_HS_WKUP_IRQHandler
                0x08000520                UsageFault_Handler
                0x08000520                CAN2_SCE_IRQHandler
                0x08000520                DMA2_Stream2_IRQHandler
                0x08000520                SPI1_IRQHandler
                0x08000520                TIM6_DAC_IRQHandler
                0x08000520                TIM1_BRK_TIM9_IRQHandler
                0x08000520                DCMI_IRQHandler
                0x08000520                CAN2_RX0_IRQHandler
                0x08000520                DMA2_Stream3_IRQHandler
                0x08000520                USART6_IRQHandler
                0x08000520                USART3_IRQHandler
                0x08000520                CRYP_IRQHandler
                0x08000520                CAN1_RX1_IRQHandler
                0x08000520                UART5_IRQHandler
                0x08000520                DMA2_Stream0_IRQHandler
                0x08000520                TIM4_IRQHandler
                0x08000520                I2C1_EV_IRQHandler
                0x08000520                DMA1_Stream6_IRQHandler
                0x08000520                DMA1_Stream1_IRQHandler
                0x08000520                UART4_IRQHandler
                0x08000520                RCC_IRQHandler
                0x08000520                TIM8_BRK_TIM12_IRQHandler
                0x08000520                Default_Handler
                0x08000520                EXTI15_10_IRQHandler
                0x08000520                ADC_IRQHandler
                0x08000520                DMA1_Stream7_IRQHandler
                0x08000520                TIM7_IRQHandler
                0x08000520                CAN2_TX_IRQHandler
                0x08000520                TIM5_IRQHandler
                0x08000520                DMA2_Stream7_IRQHandler
                0x08000520                I2C3_EV_IRQHandler
                0x08000520                RTC_WKUP_IRQHandler
                0x08000520                ETH_WKUP_IRQHandler
                0x08000520                SPI2_IRQHandler
                0x08000520                OTG_HS_EP1_IN_IRQHandler
                0x08000520                MemManage_Handler
                0x08000520                DMA1_Stream0_IRQHandler
                0x08000520                CAN1_TX_IRQHandler
                0x08000520                EXTI4_IRQHandler
                0x08000520                FSMC_IRQHandler
                0x08000520                ETH_IRQHandler
                0x08000520                OTG_HS_EP1_OUT_IRQHandler
                0x08000520                WWDG_IRQHandler
                0x08000520                OTG_FS_WKUP_IRQHandler
                0x08000520                TIM1_TRG_COM_TIM11_IRQHandler
                0x08000520                OTG_HS_IRQHandler
                0x08000520                EXTI1_IRQHandler
                0x08000520                USART2_IRQHandler
                0x08000520                I2C2_ER_IRQHandler
                0x08000520                DMA2_Stream1_IRQHandler
                0x08000520                CAN1_SCE_IRQHandler
                0x08000520                FLASH_IRQHandler
                0x08000520                DMA2_Stream4_IRQHandler
                0x08000520                BusFault_Handler
                0x08000520                USART1_IRQHandler
                0x08000520                OTG_FS_IRQHandler
                0x08000520                SPI3_IRQHandler
                0x08000520                DMA1_Stream4_IRQHandler
                0x08000520                I2C1_ER_IRQHandler
                0x08000520                DMA2_Stream6_IRQHandler
                0x08000520                DMA1_Stream3_IRQHandler
 .text.SystemInit
                0x08000524       0x68 obj/App/STM32F4-Discovery/startup/system_stm32f4xx.o
                0x08000524                SystemInit
 .text.SetSysClock
                0x0800058c       0xf4 obj/App/STM32F4-Discovery/startup/system_stm32f4xx.o
 .text.xTaskGenericCreate
                0x08000680      0x168 obj/Source/tasks.o
                0x08000680                xTaskGenericCreate
 .text.vTaskDelayUntil
                0x080007e8       0xb0 obj/Source/tasks.o
                0x080007e8                vTaskDelayUntil
 .text.vTaskStartScheduler
                0x08000898       0x70 obj/Source/tasks.o
                0x08000898                vTaskStartScheduler
 .text.vTaskSuspendAll
                0x08000908       0x1c obj/Source/tasks.o
                0x08000908                vTaskSuspendAll
 .text.xTaskResumeAll
                0x08000924      0x10c obj/Source/tasks.o
                0x08000924                xTaskResumeAll
 .text.xTaskGetTickCount
                0x08000a30       0x24 obj/Source/tasks.o
                0x08000a30                xTaskGetTickCount
 .text.xTaskIncrementTick
                0x08000a54      0x1ac obj/Source/tasks.o
                0x08000a54                xTaskIncrementTick
 .text.vTaskSwitchContext
                0x08000c00       0xf4 obj/Source/tasks.o
                0x08000c00                vTaskSwitchContext
 .text.vTaskPlaceOnEventList
                0x08000cf4       0x6c obj/Source/tasks.o
                0x08000cf4                vTaskPlaceOnEventList
 .text.vTaskPlaceOnEventListRestricted
                0x08000d60       0x50 obj/Source/tasks.o
                0x08000d60                vTaskPlaceOnEventListRestricted
 .text.xTaskRemoveFromEventList
                0x08000db0       0xb8 obj/Source/tasks.o
                0x08000db0                xTaskRemoveFromEventList
 .text.vTaskSetTimeOutState
                0x08000e68       0x34 obj/Source/tasks.o
                0x08000e68                vTaskSetTimeOutState
 .text.xTaskCheckForTimeOut
                0x08000e9c       0xa0 obj/Source/tasks.o
                0x08000e9c                xTaskCheckForTimeOut
 .text.vTaskMissedYield
                0x08000f3c       0x18 obj/Source/tasks.o
                0x08000f3c                vTaskMissedYield
 .text.prvIdleTask
                0x08000f54       0x24 obj/Source/tasks.o
 .text.prvInitialiseTCBVariables
                0x08000f78       0x90 obj/Source/tasks.o
 .text.prvInitialiseTaskLists
                0x08001008       0x7c obj/Source/tasks.o
 .text.prvCheckTasksWaitingTermination
                0x08001084       0x74 obj/Source/tasks.o
 .text.prvAddCurrentTaskToDelayedList
                0x080010f8       0x6c obj/Source/tasks.o
 .text.prvAllocateTCBAndStack
                0x08001164       0x64 obj/Source/tasks.o
 .text.prvDeleteTCB
                0x080011c8       0x20 obj/Source/tasks.o
 .text.xTaskGetCurrentTaskHandle
                0x080011e8       0x20 obj/Source/tasks.o
                0x080011e8                xTaskGetCurrentTaskHandle
 .text.xTaskGetSchedulerState
                0x08001208       0x3c obj/Source/tasks.o
                0x08001208                xTaskGetSchedulerState
 .text.vTaskPriorityInherit
                0x08001244       0xb4 obj/Source/tasks.o
                0x08001244                vTaskPriorityInherit
 .text.vTaskPriorityDisinherit
                0x080012f8       0x7c obj/Source/tasks.o
                0x080012f8                vTaskPriorityDisinherit
 .text.xQueueGenericReset
                0x08001374       0xb0 obj/Source/queue.o
                0x08001374                xQueueGenericReset
 .text.xQueueGenericCreate
                0x08001424       0x84 obj/Source/queue.o
                0x08001424                xQueueGenericCreate
 .text.xQueueGenericSend
                0x080014a8      0x160 obj/Source/queue.o
                0x080014a8                xQueueGenericSend
 .text.xQueueGenericSendFromISR
                0x08001608       0xd4 obj/Source/queue.o
                0x08001608                xQueueGenericSendFromISR
 .text.xQueueGenericReceive
                0x080016dc      0x19c obj/Source/queue.o
                0x080016dc                xQueueGenericReceive
 .text.prvCopyDataToQueue
                0x08001878       0xd0 obj/Source/queue.o
 .text.prvCopyDataFromQueue
                0x08001948       0x4c obj/Source/queue.o
 .text.prvUnlockQueue
                0x08001994       0x98 obj/Source/queue.o
 .text.prvIsQueueEmpty
                0x08001a2c       0x2c obj/Source/queue.o
 .text.prvIsQueueFull
                0x08001a58       0x30 obj/Source/queue.o
 .text.vQueueWaitForMessageRestricted
                0x08001a88       0x58 obj/Source/queue.o
                0x08001a88                vQueueWaitForMessageRestricted
 .text.vListInitialise
                0x08001ae0       0x40 obj/Source/list.o
                0x08001ae0                vListInitialise
 .text.vListInitialiseItem
                0x08001b20       0x18 obj/Source/list.o
                0x08001b20                vListInitialiseItem
 .text.vListInsertEnd
                0x08001b38       0x48 obj/Source/list.o
                0x08001b38                vListInsertEnd
 .text.vListInsert
                0x08001b80       0x70 obj/Source/list.o
                0x08001b80                vListInsert
 .text.uxListRemove
                0x08001bf0       0x54 obj/Source/list.o
                0x08001bf0                uxListRemove
 .text.pxPortInitialiseStack
                0x08001c44       0x64 obj/Source/portable/GCC/ARM_CM4F/port.o
                0x08001c44                pxPortInitialiseStack
 .text.prvTaskExitError
                0x08001ca8       0x20 obj/Source/portable/GCC/ARM_CM4F/port.o
 .text.SVC_Handler
                0x08001cc8       0x1c obj/Source/portable/GCC/ARM_CM4F/port.o
                0x08001cc8                SVC_Handler
 .text.prvPortStartFirstTask
                0x08001ce4       0x14 obj/Source/portable/GCC/ARM_CM4F/port.o
 .text.xPortStartScheduler
                0x08001cf8       0xcc obj/Source/portable/GCC/ARM_CM4F/port.o
                0x08001cf8                xPortStartScheduler
 .text.vPortYield
                0x08001dc4       0x20 obj/Source/portable/GCC/ARM_CM4F/port.o
                0x08001dc4                vPortYield
 .text.vPortEnterCritical
                0x08001de4       0x20 obj/Source/portable/GCC/ARM_CM4F/port.o
                0x08001de4                vPortEnterCritical
 .text.vPortExitCritical
                0x08001e04       0x24 obj/Source/portable/GCC/ARM_CM4F/port.o
                0x08001e04                vPortExitCritical
 .text.ulPortSetInterruptMask
                0x08001e28       0x14 obj/Source/portable/GCC/ARM_CM4F/port.o
                0x08001e28                ulPortSetInterruptMask
 .text.vPortClearInterruptMask
                0x08001e3c        0x8 obj/Source/portable/GCC/ARM_CM4F/port.o
                0x08001e3c                vPortClearInterruptMask
 .text.PendSV_Handler
                0x08001e44       0x50 obj/Source/portable/GCC/ARM_CM4F/port.o
                0x08001e44                PendSV_Handler
 .text.SysTick_Handler
                0x08001e94       0x28 obj/Source/portable/GCC/ARM_CM4F/port.o
                0x08001e94                SysTick_Handler
 .text.vPortSetupTimerInterrupt
                0x08001ebc       0x34 obj/Source/portable/GCC/ARM_CM4F/port.o
                0x08001ebc                vPortSetupTimerInterrupt
 .text.vPortEnableVFP
                0x08001ef0       0x14 obj/Source/portable/GCC/ARM_CM4F/port.o
 .text.vPortValidateInterruptPriority
                0x08001f04       0x58 obj/Source/portable/GCC/ARM_CM4F/port.o
                0x08001f04                vPortValidateInterruptPriority
 .text.xTimerCreateTimerTask
                0x08001f5c       0x58 obj/Source/timers.o
                0x08001f5c                xTimerCreateTimerTask
 .text.xTimerGenericCommand
                0x08001fb4       0x8c obj/Source/timers.o
                0x08001fb4                xTimerGenericCommand
 .text.prvProcessExpiredTimer
                0x08002040       0x70 obj/Source/timers.o
 .text.prvTimerTask
                0x080020b0       0x24 obj/Source/timers.o
 .text.prvProcessTimerOrBlockTask
                0x080020d4       0x6c obj/Source/timers.o
 .text.prvGetNextExpireTime
                0x08002140       0x48 obj/Source/timers.o
 .text.prvSampleTimeNow
                0x08002188       0x44 obj/Source/timers.o
 .text.prvInsertTimerInActiveList
                0x080021cc       0x84 obj/Source/timers.o
 .text.prvProcessReceivedCommands
                0x08002250       0xf0 obj/Source/timers.o
 .text.prvSwitchTimerLists
                0x08002340       0xb4 obj/Source/timers.o
 .text.prvCheckForValidListAndQueue
                0x080023f4       0x54 obj/Source/timers.o
 .text.pvPortMalloc
                0x08002448       0x98 obj/Source/portable/MemMang/heap_1.o
                0x08002448                pvPortMalloc
 .text.vPortFree
                0x080024e0       0x1c obj/Source/portable/MemMang/heap_1.o
                0x080024e0                vPortFree
 .text.vStartLEDFlashTasks
                0x080024fc       0x44 obj/App/Common/Minimal/flash.o
                0x080024fc                vStartLEDFlashTasks
 .text.vLEDFlashTask
                0x08002540       0x68 obj/App/Common/Minimal/flash.o
 .text.STM_EVAL_LEDInit
                0x080025a8       0x5c obj/App/STM32F4-Discovery/board/stm32f4_discovery.o
                0x080025a8                STM_EVAL_LEDInit
 .text.STM_EVAL_LEDToggle
                0x08002604       0x3c obj/App/STM32F4-Discovery/board/stm32f4_discovery.o
                0x08002604                STM_EVAL_LEDToggle
 .text.NVIC_PriorityGroupConfig
                0x08002640       0x54 obj/App/STM32F4-Discovery/Libraries/STM32F4xx_StdPeriph_Driver/src/misc.o
                0x08002640                NVIC_PriorityGroupConfig
 .text.EXTI_ClearITPendingBit
                0x08002694       0x38 obj/App/STM32F4-Discovery/Libraries/STM32F4xx_StdPeriph_Driver/src/stm32f4xx_exti.o
                0x08002694                EXTI_ClearITPendingBit
 .text.GPIO_Init
                0x080026cc      0x22c obj/App/STM32F4-Discovery/Libraries/STM32F4xx_StdPeriph_Driver/src/stm32f4xx_gpio.o
                0x080026cc                GPIO_Init
 .text.RCC_AHB1PeriphClockCmd
                0x080028f8       0x70 obj/App/STM32F4-Discovery/Libraries/STM32F4xx_StdPeriph_Driver/src/stm32f4xx_rcc.o
                0x080028f8                RCC_AHB1PeriphClockCmd
 .text.__libc_init_array
                0x08002968       0x50 /home/shihyu/data/STM32F4/gcc-arm-none-eabi-4_8-2013q4/bin/../lib/gcc/arm-none-eabi/4.8.3/../../../../arm-none-eabi/lib/armv7e-m/softfp/libc.a(lib_a-init.o)
                0x08002968                __libc_init_array
 .text.memcmp   0x080029b8       0x68 /home/shihyu/data/STM32F4/gcc-arm-none-eabi-4_8-2013q4/bin/../lib/gcc/arm-none-eabi/4.8.3/../../../../arm-none-eabi/lib/armv7e-m/softfp/libc.a(lib_a-memcmp.o)
                0x080029b8                memcmp
 .text.memset   0x08002a20       0x94 /home/shihyu/data/STM32F4/gcc-arm-none-eabi-4_8-2013q4/bin/../lib/gcc/arm-none-eabi/4.8.3/../../../../arm-none-eabi/lib/armv7e-m/softfp/libc.a(lib_a-memset.o)
                0x08002a20                memset
 .text.startup.register_fini
                0x08002ab4       0x14 /home/shihyu/data/STM32F4/gcc-arm-none-eabi-4_8-2013q4/bin/../lib/gcc/arm-none-eabi/4.8.3/../../../../arm-none-eabi/lib/armv7e-m/softfp/libc.a(lib_a-__call_atexit.o)
 .text.atexit   0x08002ac8        0xc /home/shihyu/data/STM32F4/gcc-arm-none-eabi-4_8-2013q4/bin/../lib/gcc/arm-none-eabi/4.8.3/../../../../arm-none-eabi/lib/armv7e-m/softfp/libc.a(lib_a-atexit.o)
                0x08002ac8                atexit
 .text.__libc_fini_array
                0x08002ad4       0x30 /home/shihyu/data/STM32F4/gcc-arm-none-eabi-4_8-2013q4/bin/../lib/gcc/arm-none-eabi/4.8.3/../../../../arm-none-eabi/lib/armv7e-m/softfp/libc.a(lib_a-fini.o)
                0x08002ad4                __libc_fini_array
 .text.__register_exitproc
                0x08002b04       0xa8 /home/shihyu/data/STM32F4/gcc-arm-none-eabi-4_8-2013q4/bin/../lib/gcc/arm-none-eabi/4.8.3/../../../../arm-none-eabi/lib/armv7e-m/softfp/libc.a(lib_a-__atexit.o)
                0x08002b04                __register_exitproc
 *(.rodata)
 .rodata        0x08002bac        0x8 obj/Source/tasks.o
 .rodata        0x08002bb4        0x8 obj/Source/timers.o
 .rodata        0x08002bbc        0x8 obj/App/Common/Minimal/flash.o
 .rodata        0x08002bc4       0x48 obj/App/STM32F4-Discovery/Libraries/STM32F4xx_StdPeriph_Driver/src/misc.o
 .rodata        0x08002c0c       0x50 obj/App/STM32F4-Discovery/Libraries/STM32F4xx_StdPeriph_Driver/src/stm32f4xx_exti.o
 .rodata        0x08002c5c       0x50 obj/App/STM32F4-Discovery/Libraries/STM32F4xx_StdPeriph_Driver/src/stm32f4xx_gpio.o
 .rodata        0x08002cac       0x50 obj/App/STM32F4-Discovery/Libraries/STM32F4xx_StdPeriph_Driver/src/stm32f4xx_rcc.o
 *(.rodata*)
 .rodata.xLEDs  0x08002cfc        0x4 obj/App/STM32F4-Discovery/ParTest.o
 .rodata.ucExpectedStackBytes.8469
                0x08002d00       0x14 obj/Source/tasks.o
 .rodata.GPIO_PIN
                0x08002d14        0x8 obj/App/STM32F4-Discovery/board/stm32f4_discovery.o
                0x08002d14                GPIO_PIN
 .rodata.GPIO_CLK
                0x08002d1c       0x10 obj/App/STM32F4-Discovery/board/stm32f4_discovery.o
                0x08002d1c                GPIO_CLK
 .rodata.str1.4
                0x08002d2c        0x4 /home/shihyu/data/STM32F4/gcc-arm-none-eabi-4_8-2013q4/bin/../lib/gcc/arm-none-eabi/4.8.3/../../../../arm-none-eabi/lib/armv7e-m/softfp/libc.a(lib_a-impure.o)
 .rodata._global_impure_ptr
                0x08002d30        0x4 /home/shihyu/data/STM32F4/gcc-arm-none-eabi-4_8-2013q4/bin/../lib/gcc/arm-none-eabi/4.8.3/../../../../arm-none-eabi/lib/armv7e-m/softfp/libc.a(lib_a-impure.o)
                0x08002d30                _global_impure_ptr
 *(.glue_7)
 .glue_7        0x00000000        0x0 linker stubs
 *(.glue_7t)
 .glue_7t       0x00000000        0x0 linker stubs
 *(.eh_frame)
 .eh_frame      0x08002d34        0x0 /home/shihyu/data/STM32F4/gcc-arm-none-eabi-4_8-2013q4/bin/../lib/gcc/arm-none-eabi/4.8.3/armv7e-m/softfp/crtbegin.o
 *(.init)
 .init          0x08002d34        0x4 /home/shihyu/data/STM32F4/gcc-arm-none-eabi-4_8-2013q4/bin/../lib/gcc/arm-none-eabi/4.8.3/armv7e-m/softfp/crti.o
                0x08002d34                _init
 .init          0x08002d38        0x8 /home/shihyu/data/STM32F4/gcc-arm-none-eabi-4_8-2013q4/bin/../lib/gcc/arm-none-eabi/4.8.3/armv7e-m/softfp/crtn.o
 *(.fini)
 .fini          0x08002d40        0x4 /home/shihyu/data/STM32F4/gcc-arm-none-eabi-4_8-2013q4/bin/../lib/gcc/arm-none-eabi/4.8.3/armv7e-m/softfp/crti.o
                0x08002d40                _fini
 .fini          0x08002d44        0x8 /home/shihyu/data/STM32F4/gcc-arm-none-eabi-4_8-2013q4/bin/../lib/gcc/arm-none-eabi/4.8.3/armv7e-m/softfp/crtn.o
                0x08002d4c                . = ALIGN (0x4)
                0x08002d4c                _etext = .

.vfp11_veneer   0x08002d4c        0x0
 .vfp11_veneer  0x00000000        0x0 linker stubs

.v4_bx          0x08002d4c        0x0
 .v4_bx         0x00000000        0x0 linker stubs

.iplt           0x08002d4c        0x0
 .iplt          0x00000000        0x0 /home/shihyu/data/STM32F4/gcc-arm-none-eabi-4_8-2013q4/bin/../lib/gcc/arm-none-eabi/4.8.3/armv7e-m/softfp/crtbegin.o

.rel.dyn        0x08002d4c        0x0
 .rel.iplt      0x00000000        0x0 /home/shihyu/data/STM32F4/gcc-arm-none-eabi-4_8-2013q4/bin/../lib/gcc/arm-none-eabi/4.8.3/armv7e-m/softfp/crtbegin.o

.ARM.extab
 *(.ARM.extab* .gnu.linkonce.armextab.*)

.ARM            0x08002d4c        0x0
                0x08002d4c                __exidx_start = .
 *(.ARM.exidx*)
                0x08002d4c                __exidx_end = .

.preinit_array  0x08002d4c        0x0
                0x08002d4c                PROVIDE (__preinit_array_start, .)
 *(.preinit_array*)
                0x08002d4c                PROVIDE (__preinit_array_end, .)

.init_array     0x08002d4c        0x8
                0x08002d4c                PROVIDE (__init_array_start, .)
 *(SORT(.init_array.*))
 .init_array.00000
                0x08002d4c        0x4 /home/shihyu/data/STM32F4/gcc-arm-none-eabi-4_8-2013q4/bin/../lib/gcc/arm-none-eabi/4.8.3/../../../../arm-none-eabi/lib/armv7e-m/softfp/libc.a(lib_a-__call_atexit.o)
 *(.init_array*)
 .init_array    0x08002d50        0x4 /home/shihyu/data/STM32F4/gcc-arm-none-eabi-4_8-2013q4/bin/../lib/gcc/arm-none-eabi/4.8.3/armv7e-m/softfp/crtbegin.o
                0x08002d54                PROVIDE (__init_array_end, .)

.fini_array     0x08002d54        0x4
                0x08002d54                PROVIDE (__fini_array_start, .)
 *(.fini_array*)
 .fini_array    0x08002d54        0x4 /home/shihyu/data/STM32F4/gcc-arm-none-eabi-4_8-2013q4/bin/../lib/gcc/arm-none-eabi/4.8.3/armv7e-m/softfp/crtbegin.o
 *(SORT(.fini_array.*))
                0x08002d58                PROVIDE (__fini_array_end, .)
                0x08002d58                _sidata = .

.data           0x20000000      0x448 load address 0x08002d58
                0x20000000                . = ALIGN (0x4)
                0x20000000                _sdata = .
 *(.data)
 *(.data*)
 .data.SystemCoreClock
                0x20000000        0x4 obj/App/STM32F4-Discovery/startup/system_stm32f4xx.o
                0x20000000                SystemCoreClock
 .data.xNextTaskUnblockTime
                0x20000004        0x4 obj/Source/tasks.o
 .data.uxCriticalNesting
                0x20000008        0x4 obj/Source/portable/GCC/ARM_CM4F/port.o
 .data.GPIO_PORT
                0x2000000c       0x10 obj/App/STM32F4-Discovery/board/stm32f4_discovery.o
                0x2000000c                GPIO_PORT
 *fill*         0x2000001c        0x4 
 .data.impure_data
                0x20000020      0x428 /home/shihyu/data/STM32F4/gcc-arm-none-eabi-4_8-2013q4/bin/../lib/gcc/arm-none-eabi/4.8.3/../../../../arm-none-eabi/lib/armv7e-m/softfp/libc.a(lib_a-impure.o)
                0x20000448                . = ALIGN (0x4)
                0x20000448                _edata = .

.jcr            0x20000448        0x0 load address 0x080031a0
 .jcr           0x20000448        0x0 /home/shihyu/data/STM32F4/gcc-arm-none-eabi-4_8-2013q4/bin/../lib/gcc/arm-none-eabi/4.8.3/armv7e-m/softfp/crtbegin.o

.igot.plt       0x20000448        0x0 load address 0x080031a0
 .igot.plt      0x00000000        0x0 /home/shihyu/data/STM32F4/gcc-arm-none-eabi-4_8-2013q4/bin/../lib/gcc/arm-none-eabi/4.8.3/armv7e-m/softfp/crtbegin.o
                0x20000448                . = ALIGN (0x4)

.bss            0x20000448    0x12d70 load address 0x080031a0
                0x20000448                _sbss = .
                0x20000448                __bss_start__ = _sbss
 *(.bss)
 .bss           0x20000448       0x1c /home/shihyu/data/STM32F4/gcc-arm-none-eabi-4_8-2013q4/bin/../lib/gcc/arm-none-eabi/4.8.3/armv7e-m/softfp/crtbegin.o
 *(.bss*)
 .bss.ulFPUInterruptNesting
                0x20000464        0x4 obj/App/STM32F4-Discovery/main.o
                0x20000464                ulFPUInterruptNesting
 .bss.ulMaxFPUInterruptNesting
                0x20000468        0x4 obj/App/STM32F4-Discovery/main.o
                0x20000468                ulMaxFPUInterruptNesting
 .bss.xTestSemaphore
                0x2000046c        0x4 obj/App/STM32F4-Discovery/main.o
 .bss.pxCurrentTCB
                0x20000470        0x4 obj/Source/tasks.o
                0x20000470                pxCurrentTCB
 .bss.pxReadyTasksLists
                0x20000474       0x64 obj/Source/tasks.o
 .bss.xDelayedTaskList1
                0x200004d8       0x14 obj/Source/tasks.o
 .bss.xDelayedTaskList2
                0x200004ec       0x14 obj/Source/tasks.o
 .bss.pxDelayedTaskList
                0x20000500        0x4 obj/Source/tasks.o
 .bss.pxOverflowDelayedTaskList
                0x20000504        0x4 obj/Source/tasks.o
 .bss.xPendingReadyList
                0x20000508       0x14 obj/Source/tasks.o
 .bss.xTasksWaitingTermination
                0x2000051c       0x14 obj/Source/tasks.o
 .bss.uxTasksDeleted
                0x20000530        0x4 obj/Source/tasks.o
 .bss.xSuspendedTaskList
                0x20000534       0x14 obj/Source/tasks.o
 .bss.uxCurrentNumberOfTasks
                0x20000548        0x4 obj/Source/tasks.o
 .bss.xTickCount
                0x2000054c        0x4 obj/Source/tasks.o
 .bss.uxTopReadyPriority
                0x20000550        0x4 obj/Source/tasks.o
 .bss.xSchedulerRunning
                0x20000554        0x4 obj/Source/tasks.o
 .bss.uxSchedulerSuspended
                0x20000558        0x4 obj/Source/tasks.o
 .bss.uxPendedTicks
                0x2000055c        0x4 obj/Source/tasks.o
 .bss.xYieldPending
                0x20000560        0x4 obj/Source/tasks.o
 .bss.xNumOfOverflows
                0x20000564        0x4 obj/Source/tasks.o
 .bss.uxTaskNumber
                0x20000568        0x4 obj/Source/tasks.o
 .bss.ucMaxSysCallPriority
                0x2000056c        0x1 obj/Source/portable/GCC/ARM_CM4F/port.o
 *fill*         0x2000056d        0x3 
 .bss.ulMaxPRIGROUPValue
                0x20000570        0x4 obj/Source/portable/GCC/ARM_CM4F/port.o
 .bss.xActiveTimerList1
                0x20000574       0x14 obj/Source/timers.o
 .bss.xActiveTimerList2
                0x20000588       0x14 obj/Source/timers.o
 .bss.pxCurrentTimerList
                0x2000059c        0x4 obj/Source/timers.o
 .bss.pxOverflowTimerList
                0x200005a0        0x4 obj/Source/timers.o
 .bss.xTimerQueue
                0x200005a4        0x4 obj/Source/timers.o
 .bss.xLastTime.8302
                0x200005a8        0x4 obj/Source/timers.o
 .bss.ucHeap    0x200005ac    0x12c00 obj/Source/portable/MemMang/heap_1.o
 .bss.xNextFreeByte
                0x200131ac        0x4 obj/Source/portable/MemMang/heap_1.o
 .bss.pucAlignedHeap.8084
                0x200131b0        0x4 obj/Source/portable/MemMang/heap_1.o
 .bss.uxFlashTaskNumber
                0x200131b4        0x4 obj/App/Common/Minimal/flash.o
 *(COMMON)
                0x200131b8                . = ALIGN (0x4)
                0x200131b8                _ebss = .
                0x200131b8                __bss_end__ = _ebss

._user_heap_stack
                0x200131b8      0x400 load address 0x08015f10
                0x200131b8                . = ALIGN (0x4)
                0x200131b8                PROVIDE (end, .)
                0x200131b8                PROVIDE (_end, .)
                0x200131b8                . = (. + _Min_Heap_Size)
                0x200135b8                . = (. + _Min_Stack_Size)
 *fill*         0x200131b8      0x400 
                0x200135b8                . = ALIGN (0x4)

.memory_b1_text
 *(.mb1text)
 *(.mb1text*)
 *(.mb1rodata)
 *(.mb1rodata*)

/DISCARD/
 libc.a(*)
 libm.a(*)
 libgcc.a(*)

.ARM.attributes
                0x00000000       0x2e
 *(.ARM.attributes)
 .ARM.attributes
                0x00000000       0x22 /home/shihyu/data/STM32F4/gcc-arm-none-eabi-4_8-2013q4/bin/../lib/gcc/arm-none-eabi/4.8.3/armv7e-m/softfp/crti.o
 .ARM.attributes
                0x00000022       0x32 /home/shihyu/data/STM32F4/gcc-arm-none-eabi-4_8-2013q4/bin/../lib/gcc/arm-none-eabi/4.8.3/armv7e-m/softfp/crtbegin.o
 .ARM.attributes
                0x00000054       0x37 obj/App/STM32F4-Discovery/main.o
 .ARM.attributes
                0x0000008b       0x37 obj/App/STM32F4-Discovery/ParTest.o
 .ARM.attributes
                0x000000c2       0x21 obj/App/STM32F4-Discovery/startup/startup_stm32f4xx.o
 .ARM.attributes
                0x000000e3       0x37 obj/App/STM32F4-Discovery/startup/system_stm32f4xx.o
 .ARM.attributes
                0x0000011a       0x37 obj/Source/tasks.o
 .ARM.attributes
                0x00000151       0x37 obj/Source/queue.o
 .ARM.attributes
                0x00000188       0x37 obj/Source/list.o
 .ARM.attributes
                0x000001bf       0x37 obj/Source/portable/GCC/ARM_CM4F/port.o
 .ARM.attributes
                0x000001f6       0x37 obj/Source/timers.o
 .ARM.attributes
                0x0000022d       0x37 obj/Source/portable/MemMang/heap_1.o
 .ARM.attributes
                0x00000264       0x37 obj/App/Common/Minimal/flash.o
 .ARM.attributes
                0x0000029b       0x37 obj/App/STM32F4-Discovery/board/stm32f4_discovery.o
 .ARM.attributes
                0x000002d2       0x37 obj/App/STM32F4-Discovery/Libraries/STM32F4xx_StdPeriph_Driver/src/misc.o
 .ARM.attributes
                0x00000309       0x37 obj/App/STM32F4-Discovery/Libraries/STM32F4xx_StdPeriph_Driver/src/stm32f4xx_exti.o
 .ARM.attributes
                0x00000340       0x37 obj/App/STM32F4-Discovery/Libraries/STM32F4xx_StdPeriph_Driver/src/stm32f4xx_gpio.o
 .ARM.attributes
                0x00000377       0x37 obj/App/STM32F4-Discovery/Libraries/STM32F4xx_StdPeriph_Driver/src/stm32f4xx_rcc.o
 .ARM.attributes
                0x000003ae       0x32 /home/shihyu/data/STM32F4/gcc-arm-none-eabi-4_8-2013q4/bin/../lib/gcc/arm-none-eabi/4.8.3/../../../../arm-none-eabi/lib/armv7e-m/softfp/libc.a(lib_a-impure.o)
 .ARM.attributes
                0x000003e0       0x32 /home/shihyu/data/STM32F4/gcc-arm-none-eabi-4_8-2013q4/bin/../lib/gcc/arm-none-eabi/4.8.3/../../../../arm-none-eabi/lib/armv7e-m/softfp/libc.a(lib_a-init.o)
 .ARM.attributes
                0x00000412       0x32 /home/shihyu/data/STM32F4/gcc-arm-none-eabi-4_8-2013q4/bin/../lib/gcc/arm-none-eabi/4.8.3/../../../../arm-none-eabi/lib/armv7e-m/softfp/libc.a(lib_a-memcmp.o)
 .ARM.attributes
                0x00000444       0x20 /home/shihyu/data/STM32F4/gcc-arm-none-eabi-4_8-2013q4/bin/../lib/gcc/arm-none-eabi/4.8.3/../../../../arm-none-eabi/lib/armv7e-m/softfp/libc.a(lib_a-memcpy.o)
 .ARM.attributes
                0x00000464       0x32 /home/shihyu/data/STM32F4/gcc-arm-none-eabi-4_8-2013q4/bin/../lib/gcc/arm-none-eabi/4.8.3/../../../../arm-none-eabi/lib/armv7e-m/softfp/libc.a(lib_a-memset.o)
 .ARM.attributes
                0x00000496       0x32 /home/shihyu/data/STM32F4/gcc-arm-none-eabi-4_8-2013q4/bin/../lib/gcc/arm-none-eabi/4.8.3/../../../../arm-none-eabi/lib/armv7e-m/softfp/libc.a(lib_a-__call_atexit.o)
 .ARM.attributes
                0x000004c8       0x32 /home/shihyu/data/STM32F4/gcc-arm-none-eabi-4_8-2013q4/bin/../lib/gcc/arm-none-eabi/4.8.3/../../../../arm-none-eabi/lib/armv7e-m/softfp/libc.a(lib_a-atexit.o)
 .ARM.attributes
                0x000004fa       0x32 /home/shihyu/data/STM32F4/gcc-arm-none-eabi-4_8-2013q4/bin/../lib/gcc/arm-none-eabi/4.8.3/../../../../arm-none-eabi/lib/armv7e-m/softfp/libc.a(lib_a-fini.o)
 .ARM.attributes
                0x0000052c       0x32 /home/shihyu/data/STM32F4/gcc-arm-none-eabi-4_8-2013q4/bin/../lib/gcc/arm-none-eabi/4.8.3/../../../../arm-none-eabi/lib/armv7e-m/softfp/libc.a(lib_a-__atexit.o)
 .ARM.attributes
                0x0000055e       0x22 /home/shihyu/data/STM32F4/gcc-arm-none-eabi-4_8-2013q4/bin/../lib/gcc/arm-none-eabi/4.8.3/armv7e-m/softfp/crtn.o
OUTPUT(obj/STM32F4_Test.elf elf32-littlearm)

.debug_info     0x00000000     0x62bf
 .debug_info    0x00000000      0x7d4 obj/App/STM32F4-Discovery/main.o
 .debug_info    0x000007d4      0x15d obj/App/STM32F4-Discovery/ParTest.o
 .debug_info    0x00000931      0x5f9 obj/App/STM32F4-Discovery/startup/system_stm32f4xx.o
 .debug_info    0x00000f2a     0x118b obj/Source/tasks.o
 .debug_info    0x000020b5      0xbfa obj/Source/queue.o
 .debug_info    0x00002caf      0x2cc obj/Source/list.o
 .debug_info    0x00002f7b      0x363 obj/Source/portable/GCC/ARM_CM4F/port.o
 .debug_info    0x000032de      0x780 obj/Source/timers.o
 .debug_info    0x00003a5e      0x19c obj/Source/portable/MemMang/heap_1.o
 .debug_info    0x00003bfa      0x153 obj/App/Common/Minimal/flash.o
 .debug_info    0x00003d4d      0x8be obj/App/STM32F4-Discovery/board/stm32f4_discovery.o
 .debug_info    0x0000460b      0x596 obj/App/STM32F4-Discovery/Libraries/STM32F4xx_StdPeriph_Driver/src/misc.o
 .debug_info    0x00004ba1      0x38d obj/App/STM32F4-Discovery/Libraries/STM32F4xx_StdPeriph_Driver/src/stm32f4xx_exti.o
 .debug_info    0x00004f2e      0x644 obj/App/STM32F4-Discovery/Libraries/STM32F4xx_StdPeriph_Driver/src/stm32f4xx_gpio.o
 .debug_info    0x00005572      0xd4d obj/App/STM32F4-Discovery/Libraries/STM32F4xx_StdPeriph_Driver/src/stm32f4xx_rcc.o

.debug_abbrev   0x00000000     0x1627
 .debug_abbrev  0x00000000      0x202 obj/App/STM32F4-Discovery/main.o
 .debug_abbrev  0x00000202       0xd0 obj/App/STM32F4-Discovery/ParTest.o
 .debug_abbrev  0x000002d2      0x13a obj/App/STM32F4-Discovery/startup/system_stm32f4xx.o
 .debug_abbrev  0x0000040c      0x232 obj/Source/tasks.o
 .debug_abbrev  0x0000063e      0x1dc obj/Source/queue.o
 .debug_abbrev  0x0000081a       0xda obj/Source/list.o
 .debug_abbrev  0x000008f4      0x1e0 obj/Source/portable/GCC/ARM_CM4F/port.o
 .debug_abbrev  0x00000ad4      0x188 obj/Source/timers.o
 .debug_abbrev  0x00000c5c      0x122 obj/Source/portable/MemMang/heap_1.o
 .debug_abbrev  0x00000d7e       0xa8 obj/App/Common/Minimal/flash.o
 .debug_abbrev  0x00000e26      0x187 obj/App/STM32F4-Discovery/board/stm32f4_discovery.o
 .debug_abbrev  0x00000fad      0x12b obj/App/STM32F4-Discovery/Libraries/STM32F4xx_StdPeriph_Driver/src/misc.o
 .debug_abbrev  0x000010d8      0x1c3 obj/App/STM32F4-Discovery/Libraries/STM32F4xx_StdPeriph_Driver/src/stm32f4xx_exti.o
 .debug_abbrev  0x0000129b      0x1a7 obj/App/STM32F4-Discovery/Libraries/STM32F4xx_StdPeriph_Driver/src/stm32f4xx_gpio.o
 .debug_abbrev  0x00001442      0x1e5 obj/App/STM32F4-Discovery/Libraries/STM32F4xx_StdPeriph_Driver/src/stm32f4xx_rcc.o

.debug_loc      0x00000000     0x2aec
 .debug_loc     0x00000000      0x2f4 obj/App/STM32F4-Discovery/main.o
 .debug_loc     0x000002f4       0x9c obj/App/STM32F4-Discovery/ParTest.o
 .debug_loc     0x00000390       0x9c obj/App/STM32F4-Discovery/startup/system_stm32f4xx.o
 .debug_loc     0x0000042c      0x8c8 obj/Source/tasks.o
 .debug_loc     0x00000cf4      0x620 obj/Source/queue.o
 .debug_loc     0x00001314      0x118 obj/Source/list.o
 .debug_loc     0x0000142c      0x1dc obj/Source/portable/GCC/ARM_CM4F/port.o
 .debug_loc     0x00001608      0x304 obj/Source/timers.o
 .debug_loc     0x0000190c       0xc8 obj/Source/portable/MemMang/heap_1.o
 .debug_loc     0x000019d4       0x70 obj/App/Common/Minimal/flash.o
 .debug_loc     0x00001a44      0x150 obj/App/STM32F4-Discovery/board/stm32f4_discovery.o
 .debug_loc     0x00001b94      0x118 obj/App/STM32F4-Discovery/Libraries/STM32F4xx_StdPeriph_Driver/src/misc.o
 .debug_loc     0x00001cac      0x1b4 obj/App/STM32F4-Discovery/Libraries/STM32F4xx_StdPeriph_Driver/src/stm32f4xx_exti.o
 .debug_loc     0x00001e60      0x310 obj/App/STM32F4-Discovery/Libraries/STM32F4xx_StdPeriph_Driver/src/stm32f4xx_gpio.o
 .debug_loc     0x00002170      0x97c obj/App/STM32F4-Discovery/Libraries/STM32F4xx_StdPeriph_Driver/src/stm32f4xx_rcc.o

.debug_aranges  0x00000000      0x7e8
 .debug_aranges
                0x00000000       0x90 obj/App/STM32F4-Discovery/main.o
 .debug_aranges
                0x00000090       0x30 obj/App/STM32F4-Discovery/ParTest.o
 .debug_aranges
                0x000000c0       0x30 obj/App/STM32F4-Discovery/startup/system_stm32f4xx.o
 .debug_aranges
                0x000000f0      0x160 obj/Source/tasks.o
 .debug_aranges
                0x00000250       0xf8 obj/Source/queue.o
 .debug_aranges
                0x00000348       0x40 obj/Source/list.o
 .debug_aranges
                0x00000388       0x98 obj/Source/portable/GCC/ARM_CM4F/port.o
 .debug_aranges
                0x00000420       0x88 obj/Source/timers.o
 .debug_aranges
                0x000004a8       0x38 obj/Source/portable/MemMang/heap_1.o
 .debug_aranges
                0x000004e0       0x28 obj/App/Common/Minimal/flash.o
 .debug_aranges
                0x00000508       0x48 obj/App/STM32F4-Discovery/board/stm32f4_discovery.o
 .debug_aranges
                0x00000550       0x40 obj/App/STM32F4-Discovery/Libraries/STM32F4xx_StdPeriph_Driver/src/misc.o
 .debug_aranges
                0x00000590       0x58 obj/App/STM32F4-Discovery/Libraries/STM32F4xx_StdPeriph_Driver/src/stm32f4xx_exti.o
 .debug_aranges
                0x000005e8       0x88 obj/App/STM32F4-Discovery/Libraries/STM32F4xx_StdPeriph_Driver/src/stm32f4xx_gpio.o
 .debug_aranges
                0x00000670      0x178 obj/App/STM32F4-Discovery/Libraries/STM32F4xx_StdPeriph_Driver/src/stm32f4xx_rcc.o

.debug_ranges   0x00000000      0x6f8
 .debug_ranges  0x00000000       0x80 obj/App/STM32F4-Discovery/main.o
 .debug_ranges  0x00000080       0x20 obj/App/STM32F4-Discovery/ParTest.o
 .debug_ranges  0x000000a0       0x20 obj/App/STM32F4-Discovery/startup/system_stm32f4xx.o
 .debug_ranges  0x000000c0      0x150 obj/Source/tasks.o
 .debug_ranges  0x00000210       0xe8 obj/Source/queue.o
 .debug_ranges  0x000002f8       0x30 obj/Source/list.o
 .debug_ranges  0x00000328       0x88 obj/Source/portable/GCC/ARM_CM4F/port.o
 .debug_ranges  0x000003b0       0x78 obj/Source/timers.o
 .debug_ranges  0x00000428       0x28 obj/Source/portable/MemMang/heap_1.o
 .debug_ranges  0x00000450       0x18 obj/App/Common/Minimal/flash.o
 .debug_ranges  0x00000468       0x38 obj/App/STM32F4-Discovery/board/stm32f4_discovery.o
 .debug_ranges  0x000004a0       0x30 obj/App/STM32F4-Discovery/Libraries/STM32F4xx_StdPeriph_Driver/src/misc.o
 .debug_ranges  0x000004d0       0x48 obj/App/STM32F4-Discovery/Libraries/STM32F4xx_StdPeriph_Driver/src/stm32f4xx_exti.o
 .debug_ranges  0x00000518       0x78 obj/App/STM32F4-Discovery/Libraries/STM32F4xx_StdPeriph_Driver/src/stm32f4xx_gpio.o
 .debug_ranges  0x00000590      0x168 obj/App/STM32F4-Discovery/Libraries/STM32F4xx_StdPeriph_Driver/src/stm32f4xx_rcc.o

.debug_line     0x00000000     0x32e2
 .debug_line    0x00000000      0x37a obj/App/STM32F4-Discovery/main.o
 .debug_line    0x0000037a      0x147 obj/App/STM32F4-Discovery/ParTest.o
 .debug_line    0x000004c1      0x1b0 obj/App/STM32F4-Discovery/startup/system_stm32f4xx.o
 .debug_line    0x00000671      0x8d3 obj/Source/tasks.o
 .debug_line    0x00000f44      0x66e obj/Source/queue.o
 .debug_line    0x000015b2      0x18c obj/Source/list.o
 .debug_line    0x0000173e      0x2cc obj/Source/portable/GCC/ARM_CM4F/port.o
 .debug_line    0x00001a0a      0x2f4 obj/Source/timers.o
 .debug_line    0x00001cfe      0x1a2 obj/Source/portable/MemMang/heap_1.o
 .debug_line    0x00001ea0      0x168 obj/App/Common/Minimal/flash.o
 .debug_line    0x00002008      0x23a obj/App/STM32F4-Discovery/board/stm32f4_discovery.o
 .debug_line    0x00002242      0x243 obj/App/STM32F4-Discovery/Libraries/STM32F4xx_StdPeriph_Driver/src/misc.o
 .debug_line    0x00002485      0x2ba obj/App/STM32F4-Discovery/Libraries/STM32F4xx_StdPeriph_Driver/src/stm32f4xx_exti.o
 .debug_line    0x0000273f      0x3ee obj/App/STM32F4-Discovery/Libraries/STM32F4xx_StdPeriph_Driver/src/stm32f4xx_gpio.o
 .debug_line    0x00002b2d      0x7b5 obj/App/STM32F4-Discovery/Libraries/STM32F4xx_StdPeriph_Driver/src/stm32f4xx_rcc.o

.debug_str      0x00000000     0x2ed7
 .debug_str     0x00000000      0xa5e obj/App/STM32F4-Discovery/main.o
                                0xaa6 (size before relaxing)
 .debug_str     0x00000a5e       0x87 obj/App/STM32F4-Discovery/ParTest.o
                                0x241 (size before relaxing)
 .debug_str     0x00000ae5      0x1ec obj/App/STM32F4-Discovery/startup/system_stm32f4xx.o
                                0x407 (size before relaxing)
 .debug_str     0x00000cd1      0x944 obj/Source/tasks.o
                                0xb7e (size before relaxing)
 .debug_str     0x00001615      0x452 obj/Source/queue.o
                                0x757 (size before relaxing)
 .debug_str     0x00001a67       0x9b obj/Source/list.o
                                0x2ff (size before relaxing)
 .debug_str     0x00001b02      0x22c obj/Source/portable/GCC/ARM_CM4F/port.o
                                0x437 (size before relaxing)
 .debug_str     0x00001d2e      0x328 obj/Source/timers.o
                                0x60d (size before relaxing)
 .debug_str     0x00002056       0x9c obj/Source/portable/MemMang/heap_1.o
                                0x27f (size before relaxing)
 .debug_str     0x000020f2       0x78 obj/App/Common/Minimal/flash.o
                                0x268 (size before relaxing)
 .debug_str     0x0000216a      0x3f2 obj/App/STM32F4-Discovery/board/stm32f4_discovery.o
                                0xb8b (size before relaxing)
 .debug_str     0x0000255c      0x13f obj/App/STM32F4-Discovery/Libraries/STM32F4xx_StdPeriph_Driver/src/misc.o
                                0x451 (size before relaxing)
 .debug_str     0x0000269b      0x11d obj/App/STM32F4-Discovery/Libraries/STM32F4xx_StdPeriph_Driver/src/stm32f4xx_exti.o
                                0x3f7 (size before relaxing)
 .debug_str     0x000027b8      0x1a9 obj/App/STM32F4-Discovery/Libraries/STM32F4xx_StdPeriph_Driver/src/stm32f4xx_gpio.o
                                0x51b (size before relaxing)
 .debug_str     0x00002961      0x576 obj/App/STM32F4-Discovery/Libraries/STM32F4xx_StdPeriph_Driver/src/stm32f4xx_rcc.o
                                0x8c8 (size before relaxing)

.comment        0x00000000       0x70
 .comment       0x00000000       0x70 obj/App/STM32F4-Discovery/main.o
                                 0x71 (size before relaxing)
 .comment       0x00000000       0x71 obj/App/STM32F4-Discovery/ParTest.o
 .comment       0x00000000       0x71 obj/App/STM32F4-Discovery/startup/system_stm32f4xx.o
 .comment       0x00000000       0x71 obj/Source/tasks.o
 .comment       0x00000000       0x71 obj/Source/queue.o
 .comment       0x00000000       0x71 obj/Source/list.o
 .comment       0x00000000       0x71 obj/Source/portable/GCC/ARM_CM4F/port.o
 .comment       0x00000000       0x71 obj/Source/timers.o
 .comment       0x00000000       0x71 obj/Source/portable/MemMang/heap_1.o
 .comment       0x00000000       0x71 obj/App/Common/Minimal/flash.o
 .comment       0x00000000       0x71 obj/App/STM32F4-Discovery/board/stm32f4_discovery.o
 .comment       0x00000000       0x71 obj/App/STM32F4-Discovery/Libraries/STM32F4xx_StdPeriph_Driver/src/misc.o
 .comment       0x00000000       0x71 obj/App/STM32F4-Discovery/Libraries/STM32F4xx_StdPeriph_Driver/src/stm32f4xx_exti.o
 .comment       0x00000000       0x71 obj/App/STM32F4-Discovery/Libraries/STM32F4xx_StdPeriph_Driver/src/stm32f4xx_gpio.o
 .comment       0x00000000       0x71 obj/App/STM32F4-Discovery/Libraries/STM32F4xx_StdPeriph_Driver/src/stm32f4xx_rcc.o

.debug_frame    0x00000000     0x1b08
 .debug_frame   0x00000000      0x1cc obj/App/STM32F4-Discovery/main.o
 .debug_frame   0x000001cc       0x6c obj/App/STM32F4-Discovery/ParTest.o
 .debug_frame   0x00000238       0x64 obj/App/STM32F4-Discovery/startup/system_stm32f4xx.o
 .debug_frame   0x0000029c      0x510 obj/Source/tasks.o
 .debug_frame   0x000007ac      0x384 obj/Source/queue.o
 .debug_frame   0x00000b30       0x9c obj/Source/list.o
 .debug_frame   0x00000bcc      0x190 obj/Source/portable/GCC/ARM_CM4F/port.o
 .debug_frame   0x00000d5c      0x1c4 obj/Source/timers.o
 .debug_frame   0x00000f20       0x88 obj/Source/portable/MemMang/heap_1.o
 .debug_frame   0x00000fa8       0x50 obj/App/Common/Minimal/flash.o
 .debug_frame   0x00000ff8       0xc4 obj/App/STM32F4-Discovery/board/stm32f4_discovery.o
 .debug_frame   0x000010bc       0xb0 obj/App/STM32F4-Discovery/Libraries/STM32F4xx_StdPeriph_Driver/src/misc.o
 .debug_frame   0x0000116c      0x108 obj/App/STM32F4-Discovery/Libraries/STM32F4xx_StdPeriph_Driver/src/stm32f4xx_exti.o
 .debug_frame   0x00001274      0x1cc obj/App/STM32F4-Discovery/Libraries/STM32F4xx_StdPeriph_Driver/src/stm32f4xx_gpio.o
 .debug_frame   0x00001440      0x580 obj/App/STM32F4-Discovery/Libraries/STM32F4xx_StdPeriph_Driver/src/stm32f4xx_rcc.o
 .debug_frame   0x000019c0       0x2c /home/shihyu/data/STM32F4/gcc-arm-none-eabi-4_8-2013q4/bin/../lib/gcc/arm-none-eabi/4.8.3/../../../../arm-none-eabi/lib/armv7e-m/softfp/libc.a(lib_a-init.o)
 .debug_frame   0x000019ec       0x2c /home/shihyu/data/STM32F4/gcc-arm-none-eabi-4_8-2013q4/bin/../lib/gcc/arm-none-eabi/4.8.3/../../../../arm-none-eabi/lib/armv7e-m/softfp/libc.a(lib_a-memcmp.o)
 .debug_frame   0x00001a18       0x2c /home/shihyu/data/STM32F4/gcc-arm-none-eabi-4_8-2013q4/bin/../lib/gcc/arm-none-eabi/4.8.3/../../../../arm-none-eabi/lib/armv7e-m/softfp/libc.a(lib_a-memset.o)
 .debug_frame   0x00001a44       0x48 /home/shihyu/data/STM32F4/gcc-arm-none-eabi-4_8-2013q4/bin/../lib/gcc/arm-none-eabi/4.8.3/../../../../arm-none-eabi/lib/armv7e-m/softfp/libc.a(lib_a-__call_atexit.o)
 .debug_frame   0x00001a8c       0x20 /home/shihyu/data/STM32F4/gcc-arm-none-eabi-4_8-2013q4/bin/../lib/gcc/arm-none-eabi/4.8.3/../../../../arm-none-eabi/lib/armv7e-m/softfp/libc.a(lib_a-atexit.o)
 .debug_frame   0x00001aac       0x2c /home/shihyu/data/STM32F4/gcc-arm-none-eabi-4_8-2013q4/bin/../lib/gcc/arm-none-eabi/4.8.3/../../../../arm-none-eabi/lib/armv7e-m/softfp/libc.a(lib_a-fini.o)
 .debug_frame   0x00001ad8       0x30 /home/shihyu/data/STM32F4/gcc-arm-none-eabi-4_8-2013q4/bin/../lib/gcc/arm-none-eabi/4.8.3/../../../../arm-none-eabi/lib/armv7e-m/softfp/libc.a(lib_a-__atexit.o)

Cross Reference Table

Symbol                                            File
ADC_AnalogWatchdogCmd                             obj/App/STM32F4-Discovery/Libraries/STM32F4xx_StdPeriph_Driver/src/stm32f4xx_adc.o
ADC_AnalogWatchdogSingleChannelConfig             obj/App/STM32F4-Discovery/Libraries/STM32F4xx_StdPeriph_Driver/src/stm32f4xx_adc.o
ADC_AnalogWatchdogThresholdsConfig                obj/App/STM32F4-Discovery/Libraries/STM32F4xx_StdPeriph_Driver/src/stm32f4xx_adc.o
ADC_AutoInjectedConvCmd                           obj/App/STM32F4-Discovery/Libraries/STM32F4xx_StdPeriph_Driver/src/stm32f4xx_adc.o
ADC_ClearFlag                                     obj/App/STM32F4-Discovery/Libraries/STM32F4xx_StdPeriph_Driver/src/stm32f4xx_adc.o
ADC_ClearITPendingBit                             obj/App/STM32F4-Discovery/Libraries/STM32F4xx_StdPeriph_Driver/src/stm32f4xx_adc.o
ADC_Cmd                                           obj/App/STM32F4-Discovery/Libraries/STM32F4xx_StdPeriph_Driver/src/stm32f4xx_adc.o
ADC_CommonInit                                    obj/App/STM32F4-Discovery/Libraries/STM32F4xx_StdPeriph_Driver/src/stm32f4xx_adc.o
ADC_CommonStructInit                              obj/App/STM32F4-Discovery/Libraries/STM32F4xx_StdPeriph_Driver/src/stm32f4xx_adc.o
ADC_ContinuousModeCmd                             obj/App/STM32F4-Discovery/Libraries/STM32F4xx_StdPeriph_Driver/src/stm32f4xx_adc.o
ADC_DMACmd                                        obj/App/STM32F4-Discovery/Libraries/STM32F4xx_StdPeriph_Driver/src/stm32f4xx_adc.o
ADC_DMARequestAfterLastTransferCmd                obj/App/STM32F4-Discovery/Libraries/STM32F4xx_StdPeriph_Driver/src/stm32f4xx_adc.o
ADC_DeInit                                        obj/App/STM32F4-Discovery/Libraries/STM32F4xx_StdPeriph_Driver/src/stm32f4xx_adc.o
ADC_DiscModeChannelCountConfig                    obj/App/STM32F4-Discovery/Libraries/STM32F4xx_StdPeriph_Driver/src/stm32f4xx_adc.o
ADC_DiscModeCmd                                   obj/App/STM32F4-Discovery/Libraries/STM32F4xx_StdPeriph_Driver/src/stm32f4xx_adc.o
ADC_EOCOnEachRegularChannelCmd                    obj/App/STM32F4-Discovery/Libraries/STM32F4xx_StdPeriph_Driver/src/stm32f4xx_adc.o
ADC_ExternalTrigInjectedConvConfig                obj/App/STM32F4-Discovery/Libraries/STM32F4xx_StdPeriph_Driver/src/stm32f4xx_adc.o
ADC_ExternalTrigInjectedConvEdgeConfig            obj/App/STM32F4-Discovery/Libraries/STM32F4xx_StdPeriph_Driver/src/stm32f4xx_adc.o
ADC_GetConversionValue                            obj/App/STM32F4-Discovery/Libraries/STM32F4xx_StdPeriph_Driver/src/stm32f4xx_adc.o
ADC_GetFlagStatus                                 obj/App/STM32F4-Discovery/Libraries/STM32F4xx_StdPeriph_Driver/src/stm32f4xx_adc.o
ADC_GetITStatus                                   obj/App/STM32F4-Discovery/Libraries/STM32F4xx_StdPeriph_Driver/src/stm32f4xx_adc.o
ADC_GetInjectedConversionValue                    obj/App/STM32F4-Discovery/Libraries/STM32F4xx_StdPeriph_Driver/src/stm32f4xx_adc.o
ADC_GetMultiModeConversionValue                   obj/App/STM32F4-Discovery/Libraries/STM32F4xx_StdPeriph_Driver/src/stm32f4xx_adc.o
ADC_GetSoftwareStartConvStatus                    obj/App/STM32F4-Discovery/Libraries/STM32F4xx_StdPeriph_Driver/src/stm32f4xx_adc.o
ADC_GetSoftwareStartInjectedConvCmdStatus         obj/App/STM32F4-Discovery/Libraries/STM32F4xx_StdPeriph_Driver/src/stm32f4xx_adc.o
ADC_IRQHandler                                    obj/App/STM32F4-Discovery/startup/startup_stm32f4xx.o
ADC_ITConfig                                      obj/App/STM32F4-Discovery/Libraries/STM32F4xx_StdPeriph_Driver/src/stm32f4xx_adc.o
ADC_Init                                          obj/App/STM32F4-Discovery/Libraries/STM32F4xx_StdPeriph_Driver/src/stm32f4xx_adc.o
ADC_InjectedChannelConfig                         obj/App/STM32F4-Discovery/Libraries/STM32F4xx_StdPeriph_Driver/src/stm32f4xx_adc.o
ADC_InjectedDiscModeCmd                           obj/App/STM32F4-Discovery/Libraries/STM32F4xx_StdPeriph_Driver/src/stm32f4xx_adc.o
ADC_InjectedSequencerLengthConfig                 obj/App/STM32F4-Discovery/Libraries/STM32F4xx_StdPeriph_Driver/src/stm32f4xx_adc.o
ADC_MultiModeDMARequestAfterLastTransferCmd       obj/App/STM32F4-Discovery/Libraries/STM32F4xx_StdPeriph_Driver/src/stm32f4xx_adc.o
ADC_RegularChannelConfig                          obj/App/STM32F4-Discovery/Libraries/STM32F4xx_StdPeriph_Driver/src/stm32f4xx_adc.o
ADC_SetInjectedOffset                             obj/App/STM32F4-Discovery/Libraries/STM32F4xx_StdPeriph_Driver/src/stm32f4xx_adc.o
ADC_SoftwareStartConv                             obj/App/STM32F4-Discovery/Libraries/STM32F4xx_StdPeriph_Driver/src/stm32f4xx_adc.o
ADC_SoftwareStartInjectedConv                     obj/App/STM32F4-Discovery/Libraries/STM32F4xx_StdPeriph_Driver/src/stm32f4xx_adc.o
ADC_StructInit                                    obj/App/STM32F4-Discovery/Libraries/STM32F4xx_StdPeriph_Driver/src/stm32f4xx_adc.o
ADC_TempSensorVrefintCmd                          obj/App/STM32F4-Discovery/Libraries/STM32F4xx_StdPeriph_Driver/src/stm32f4xx_adc.o
ADC_VBATCmd                                       obj/App/STM32F4-Discovery/Libraries/STM32F4xx_StdPeriph_Driver/src/stm32f4xx_adc.o
AHBPrescTable                                     obj/App/STM32F4-Discovery/startup/system_stm32f4xx.o
BUTTON_CLK                                        obj/App/STM32F4-Discovery/board/stm32f4_discovery.o
BUTTON_EXTI_LINE                                  obj/App/STM32F4-Discovery/board/stm32f4_discovery.o
BUTTON_IRQn                                       obj/App/STM32F4-Discovery/board/stm32f4_discovery.o
BUTTON_PIN                                        obj/App/STM32F4-Discovery/board/stm32f4_discovery.o
BUTTON_PIN_SOURCE                                 obj/App/STM32F4-Discovery/board/stm32f4_discovery.o
BUTTON_PORT                                       obj/App/STM32F4-Discovery/board/stm32f4_discovery.o
BUTTON_PORT_SOURCE                                obj/App/STM32F4-Discovery/board/stm32f4_discovery.o
BusFault_Handler                                  obj/App/STM32F4-Discovery/startup/startup_stm32f4xx.o
CAN1_RX0_IRQHandler                               obj/App/STM32F4-Discovery/startup/startup_stm32f4xx.o
CAN1_RX1_IRQHandler                               obj/App/STM32F4-Discovery/startup/startup_stm32f4xx.o
CAN1_SCE_IRQHandler                               obj/App/STM32F4-Discovery/startup/startup_stm32f4xx.o
CAN1_TX_IRQHandler                                obj/App/STM32F4-Discovery/startup/startup_stm32f4xx.o
CAN2_RX0_IRQHandler                               obj/App/STM32F4-Discovery/startup/startup_stm32f4xx.o
CAN2_RX1_IRQHandler                               obj/App/STM32F4-Discovery/startup/startup_stm32f4xx.o
CAN2_SCE_IRQHandler                               obj/App/STM32F4-Discovery/startup/startup_stm32f4xx.o
CAN2_TX_IRQHandler                                obj/App/STM32F4-Discovery/startup/startup_stm32f4xx.o
CAN_CancelTransmit                                obj/App/STM32F4-Discovery/Libraries/STM32F4xx_StdPeriph_Driver/src/stm32f4xx_can.o
CAN_ClearFlag                                     obj/App/STM32F4-Discovery/Libraries/STM32F4xx_StdPeriph_Driver/src/stm32f4xx_can.o
CAN_ClearITPendingBit                             obj/App/STM32F4-Discovery/Libraries/STM32F4xx_StdPeriph_Driver/src/stm32f4xx_can.o
CAN_DBGFreeze                                     obj/App/STM32F4-Discovery/Libraries/STM32F4xx_StdPeriph_Driver/src/stm32f4xx_can.o
CAN_DeInit                                        obj/App/STM32F4-Discovery/Libraries/STM32F4xx_StdPeriph_Driver/src/stm32f4xx_can.o
CAN_FIFORelease                                   obj/App/STM32F4-Discovery/Libraries/STM32F4xx_StdPeriph_Driver/src/stm32f4xx_can.o
CAN_FilterInit                                    obj/App/STM32F4-Discovery/Libraries/STM32F4xx_StdPeriph_Driver/src/stm32f4xx_can.o
CAN_GetFlagStatus                                 obj/App/STM32F4-Discovery/Libraries/STM32F4xx_StdPeriph_Driver/src/stm32f4xx_can.o
CAN_GetITStatus                                   obj/App/STM32F4-Discovery/Libraries/STM32F4xx_StdPeriph_Driver/src/stm32f4xx_can.o
CAN_GetLSBTransmitErrorCounter                    obj/App/STM32F4-Discovery/Libraries/STM32F4xx_StdPeriph_Driver/src/stm32f4xx_can.o
CAN_GetLastErrorCode                              obj/App/STM32F4-Discovery/Libraries/STM32F4xx_StdPeriph_Driver/src/stm32f4xx_can.o
CAN_GetReceiveErrorCounter                        obj/App/STM32F4-Discovery/Libraries/STM32F4xx_StdPeriph_Driver/src/stm32f4xx_can.o
CAN_ITConfig                                      obj/App/STM32F4-Discovery/Libraries/STM32F4xx_StdPeriph_Driver/src/stm32f4xx_can.o
CAN_Init                                          obj/App/STM32F4-Discovery/Libraries/STM32F4xx_StdPeriph_Driver/src/stm32f4xx_can.o
CAN_MessagePending                                obj/App/STM32F4-Discovery/Libraries/STM32F4xx_StdPeriph_Driver/src/stm32f4xx_can.o
CAN_OperatingModeRequest                          obj/App/STM32F4-Discovery/Libraries/STM32F4xx_StdPeriph_Driver/src/stm32f4xx_can.o
CAN_Receive                                       obj/App/STM32F4-Discovery/Libraries/STM32F4xx_StdPeriph_Driver/src/stm32f4xx_can.o
CAN_SlaveStartBank                                obj/App/STM32F4-Discovery/Libraries/STM32F4xx_StdPeriph_Driver/src/stm32f4xx_can.o
CAN_Sleep                                         obj/App/STM32F4-Discovery/Libraries/STM32F4xx_StdPeriph_Driver/src/stm32f4xx_can.o
CAN_StructInit                                    obj/App/STM32F4-Discovery/Libraries/STM32F4xx_StdPeriph_Driver/src/stm32f4xx_can.o
CAN_TTComModeCmd                                  obj/App/STM32F4-Discovery/Libraries/STM32F4xx_StdPeriph_Driver/src/stm32f4xx_can.o
CAN_Transmit                                      obj/App/STM32F4-Discovery/Libraries/STM32F4xx_StdPeriph_Driver/src/stm32f4xx_can.o
CAN_TransmitStatus                                obj/App/STM32F4-Discovery/Libraries/STM32F4xx_StdPeriph_Driver/src/stm32f4xx_can.o
CAN_WakeUp                                        obj/App/STM32F4-Discovery/Libraries/STM32F4xx_StdPeriph_Driver/src/stm32f4xx_can.o
CRC_CalcBlockCRC                                  obj/App/STM32F4-Discovery/Libraries/STM32F4xx_StdPeriph_Driver/src/stm32f4xx_crc.o
CRC_CalcCRC                                       obj/App/STM32F4-Discovery/Libraries/STM32F4xx_StdPeriph_Driver/src/stm32f4xx_crc.o
CRC_GetCRC                                        obj/App/STM32F4-Discovery/Libraries/STM32F4xx_StdPeriph_Driver/src/stm32f4xx_crc.o
CRC_GetIDRegister                                 obj/App/STM32F4-Discovery/Libraries/STM32F4xx_StdPeriph_Driver/src/stm32f4xx_crc.o
CRC_ResetDR                                       obj/App/STM32F4-Discovery/Libraries/STM32F4xx_StdPeriph_Driver/src/stm32f4xx_crc.o
CRC_SetIDRegister                                 obj/App/STM32F4-Discovery/Libraries/STM32F4xx_StdPeriph_Driver/src/stm32f4xx_crc.o
CRYP_AES_CBC                                      obj/App/STM32F4-Discovery/Libraries/STM32F4xx_StdPeriph_Driver/src/stm32f4xx_cryp_aes.o
CRYP_AES_CTR                                      obj/App/STM32F4-Discovery/Libraries/STM32F4xx_StdPeriph_Driver/src/stm32f4xx_cryp_aes.o
CRYP_AES_ECB                                      obj/App/STM32F4-Discovery/Libraries/STM32F4xx_StdPeriph_Driver/src/stm32f4xx_cryp_aes.o
CRYP_Cmd                                          obj/App/STM32F4-Discovery/Libraries/STM32F4xx_StdPeriph_Driver/src/stm32f4xx_cryp.o
                                                  obj/App/STM32F4-Discovery/Libraries/STM32F4xx_StdPeriph_Driver/src/stm32f4xx_cryp_tdes.o
                                                  obj/App/STM32F4-Discovery/Libraries/STM32F4xx_StdPeriph_Driver/src/stm32f4xx_cryp_des.o
                                                  obj/App/STM32F4-Discovery/Libraries/STM32F4xx_StdPeriph_Driver/src/stm32f4xx_cryp_aes.o
CRYP_DES_CBC                                      obj/App/STM32F4-Discovery/Libraries/STM32F4xx_StdPeriph_Driver/src/stm32f4xx_cryp_des.o
CRYP_DES_ECB                                      obj/App/STM32F4-Discovery/Libraries/STM32F4xx_StdPeriph_Driver/src/stm32f4xx_cryp_des.o
CRYP_DMACmd                                       obj/App/STM32F4-Discovery/Libraries/STM32F4xx_StdPeriph_Driver/src/stm32f4xx_cryp.o
CRYP_DataIn                                       obj/App/STM32F4-Discovery/Libraries/STM32F4xx_StdPeriph_Driver/src/stm32f4xx_cryp.o
                                                  obj/App/STM32F4-Discovery/Libraries/STM32F4xx_StdPeriph_Driver/src/stm32f4xx_cryp_tdes.o
                                                  obj/App/STM32F4-Discovery/Libraries/STM32F4xx_StdPeriph_Driver/src/stm32f4xx_cryp_des.o
                                                  obj/App/STM32F4-Discovery/Libraries/STM32F4xx_StdPeriph_Driver/src/stm32f4xx_cryp_aes.o
CRYP_DataOut                                      obj/App/STM32F4-Discovery/Libraries/STM32F4xx_StdPeriph_Driver/src/stm32f4xx_cryp.o
                                                  obj/App/STM32F4-Discovery/Libraries/STM32F4xx_StdPeriph_Driver/src/stm32f4xx_cryp_tdes.o
                                                  obj/App/STM32F4-Discovery/Libraries/STM32F4xx_StdPeriph_Driver/src/stm32f4xx_cryp_des.o
                                                  obj/App/STM32F4-Discovery/Libraries/STM32F4xx_StdPeriph_Driver/src/stm32f4xx_cryp_aes.o
CRYP_DeInit                                       obj/App/STM32F4-Discovery/Libraries/STM32F4xx_StdPeriph_Driver/src/stm32f4xx_cryp.o
CRYP_FIFOFlush                                    obj/App/STM32F4-Discovery/Libraries/STM32F4xx_StdPeriph_Driver/src/stm32f4xx_cryp.o
                                                  obj/App/STM32F4-Discovery/Libraries/STM32F4xx_StdPeriph_Driver/src/stm32f4xx_cryp_tdes.o
                                                  obj/App/STM32F4-Discovery/Libraries/STM32F4xx_StdPeriph_Driver/src/stm32f4xx_cryp_des.o
                                                  obj/App/STM32F4-Discovery/Libraries/STM32F4xx_StdPeriph_Driver/src/stm32f4xx_cryp_aes.o
CRYP_GetFlagStatus                                obj/App/STM32F4-Discovery/Libraries/STM32F4xx_StdPeriph_Driver/src/stm32f4xx_cryp.o
                                                  obj/App/STM32F4-Discovery/Libraries/STM32F4xx_StdPeriph_Driver/src/stm32f4xx_cryp_tdes.o
                                                  obj/App/STM32F4-Discovery/Libraries/STM32F4xx_StdPeriph_Driver/src/stm32f4xx_cryp_des.o
                                                  obj/App/STM32F4-Discovery/Libraries/STM32F4xx_StdPeriph_Driver/src/stm32f4xx_cryp_aes.o
CRYP_GetITStatus                                  obj/App/STM32F4-Discovery/Libraries/STM32F4xx_StdPeriph_Driver/src/stm32f4xx_cryp.o
CRYP_IRQHandler                                   obj/App/STM32F4-Discovery/startup/startup_stm32f4xx.o
CRYP_ITConfig                                     obj/App/STM32F4-Discovery/Libraries/STM32F4xx_StdPeriph_Driver/src/stm32f4xx_cryp.o
CRYP_IVInit                                       obj/App/STM32F4-Discovery/Libraries/STM32F4xx_StdPeriph_Driver/src/stm32f4xx_cryp.o
                                                  obj/App/STM32F4-Discovery/Libraries/STM32F4xx_StdPeriph_Driver/src/stm32f4xx_cryp_tdes.o
                                                  obj/App/STM32F4-Discovery/Libraries/STM32F4xx_StdPeriph_Driver/src/stm32f4xx_cryp_des.o
                                                  obj/App/STM32F4-Discovery/Libraries/STM32F4xx_StdPeriph_Driver/src/stm32f4xx_cryp_aes.o
CRYP_IVStructInit                                 obj/App/STM32F4-Discovery/Libraries/STM32F4xx_StdPeriph_Driver/src/stm32f4xx_cryp.o
CRYP_Init                                         obj/App/STM32F4-Discovery/Libraries/STM32F4xx_StdPeriph_Driver/src/stm32f4xx_cryp.o
                                                  obj/App/STM32F4-Discovery/Libraries/STM32F4xx_StdPeriph_Driver/src/stm32f4xx_cryp_tdes.o
                                                  obj/App/STM32F4-Discovery/Libraries/STM32F4xx_StdPeriph_Driver/src/stm32f4xx_cryp_des.o
                                                  obj/App/STM32F4-Discovery/Libraries/STM32F4xx_StdPeriph_Driver/src/stm32f4xx_cryp_aes.o
CRYP_KeyInit                                      obj/App/STM32F4-Discovery/Libraries/STM32F4xx_StdPeriph_Driver/src/stm32f4xx_cryp.o
                                                  obj/App/STM32F4-Discovery/Libraries/STM32F4xx_StdPeriph_Driver/src/stm32f4xx_cryp_tdes.o
                                                  obj/App/STM32F4-Discovery/Libraries/STM32F4xx_StdPeriph_Driver/src/stm32f4xx_cryp_des.o
                                                  obj/App/STM32F4-Discovery/Libraries/STM32F4xx_StdPeriph_Driver/src/stm32f4xx_cryp_aes.o
CRYP_KeyStructInit                                obj/App/STM32F4-Discovery/Libraries/STM32F4xx_StdPeriph_Driver/src/stm32f4xx_cryp.o
                                                  obj/App/STM32F4-Discovery/Libraries/STM32F4xx_StdPeriph_Driver/src/stm32f4xx_cryp_tdes.o
                                                  obj/App/STM32F4-Discovery/Libraries/STM32F4xx_StdPeriph_Driver/src/stm32f4xx_cryp_des.o
                                                  obj/App/STM32F4-Discovery/Libraries/STM32F4xx_StdPeriph_Driver/src/stm32f4xx_cryp_aes.o
CRYP_RestoreContext                               obj/App/STM32F4-Discovery/Libraries/STM32F4xx_StdPeriph_Driver/src/stm32f4xx_cryp.o
CRYP_SaveContext                                  obj/App/STM32F4-Discovery/Libraries/STM32F4xx_StdPeriph_Driver/src/stm32f4xx_cryp.o
CRYP_StructInit                                   obj/App/STM32F4-Discovery/Libraries/STM32F4xx_StdPeriph_Driver/src/stm32f4xx_cryp.o
CRYP_TDES_CBC                                     obj/App/STM32F4-Discovery/Libraries/STM32F4xx_StdPeriph_Driver/src/stm32f4xx_cryp_tdes.o
CRYP_TDES_ECB                                     obj/App/STM32F4-Discovery/Libraries/STM32F4xx_StdPeriph_Driver/src/stm32f4xx_cryp_tdes.o
DAC_ClearFlag                                     obj/App/STM32F4-Discovery/Libraries/STM32F4xx_StdPeriph_Driver/src/stm32f4xx_dac.o
DAC_ClearITPendingBit                             obj/App/STM32F4-Discovery/Libraries/STM32F4xx_StdPeriph_Driver/src/stm32f4xx_dac.o
DAC_Cmd                                           obj/App/STM32F4-Discovery/Libraries/STM32F4xx_StdPeriph_Driver/src/stm32f4xx_dac.o
DAC_DMACmd                                        obj/App/STM32F4-Discovery/Libraries/STM32F4xx_StdPeriph_Driver/src/stm32f4xx_dac.o
DAC_DeInit                                        obj/App/STM32F4-Discovery/Libraries/STM32F4xx_StdPeriph_Driver/src/stm32f4xx_dac.o
DAC_DualSoftwareTriggerCmd                        obj/App/STM32F4-Discovery/Libraries/STM32F4xx_StdPeriph_Driver/src/stm32f4xx_dac.o
DAC_GetDataOutputValue                            obj/App/STM32F4-Discovery/Libraries/STM32F4xx_StdPeriph_Driver/src/stm32f4xx_dac.o
DAC_GetFlagStatus                                 obj/App/STM32F4-Discovery/Libraries/STM32F4xx_StdPeriph_Driver/src/stm32f4xx_dac.o
DAC_GetITStatus                                   obj/App/STM32F4-Discovery/Libraries/STM32F4xx_StdPeriph_Driver/src/stm32f4xx_dac.o
DAC_ITConfig                                      obj/App/STM32F4-Discovery/Libraries/STM32F4xx_StdPeriph_Driver/src/stm32f4xx_dac.o
DAC_Init                                          obj/App/STM32F4-Discovery/Libraries/STM32F4xx_StdPeriph_Driver/src/stm32f4xx_dac.o
DAC_SetChannel1Data                               obj/App/STM32F4-Discovery/Libraries/STM32F4xx_StdPeriph_Driver/src/stm32f4xx_dac.o
DAC_SetChannel2Data                               obj/App/STM32F4-Discovery/Libraries/STM32F4xx_StdPeriph_Driver/src/stm32f4xx_dac.o
DAC_SetDualChannelData                            obj/App/STM32F4-Discovery/Libraries/STM32F4xx_StdPeriph_Driver/src/stm32f4xx_dac.o
DAC_SoftwareTriggerCmd                            obj/App/STM32F4-Discovery/Libraries/STM32F4xx_StdPeriph_Driver/src/stm32f4xx_dac.o
DAC_StructInit                                    obj/App/STM32F4-Discovery/Libraries/STM32F4xx_StdPeriph_Driver/src/stm32f4xx_dac.o
DAC_WaveGenerationCmd                             obj/App/STM32F4-Discovery/Libraries/STM32F4xx_StdPeriph_Driver/src/stm32f4xx_dac.o
DBGMCU_APB1PeriphConfig                           obj/App/STM32F4-Discovery/Libraries/STM32F4xx_StdPeriph_Driver/src/stm32f4xx_dbgmcu.o
DBGMCU_APB2PeriphConfig                           obj/App/STM32F4-Discovery/Libraries/STM32F4xx_StdPeriph_Driver/src/stm32f4xx_dbgmcu.o
DBGMCU_Config                                     obj/App/STM32F4-Discovery/Libraries/STM32F4xx_StdPeriph_Driver/src/stm32f4xx_dbgmcu.o
DBGMCU_GetDEVID                                   obj/App/STM32F4-Discovery/Libraries/STM32F4xx_StdPeriph_Driver/src/stm32f4xx_dbgmcu.o
DBGMCU_GetREVID                                   obj/App/STM32F4-Discovery/Libraries/STM32F4xx_StdPeriph_Driver/src/stm32f4xx_dbgmcu.o
DCMI_CROPCmd                                      obj/App/STM32F4-Discovery/Libraries/STM32F4xx_StdPeriph_Driver/src/stm32f4xx_dcmi.o
DCMI_CROPConfig                                   obj/App/STM32F4-Discovery/Libraries/STM32F4xx_StdPeriph_Driver/src/stm32f4xx_dcmi.o
DCMI_CaptureCmd                                   obj/App/STM32F4-Discovery/Libraries/STM32F4xx_StdPeriph_Driver/src/stm32f4xx_dcmi.o
DCMI_ClearFlag                                    obj/App/STM32F4-Discovery/Libraries/STM32F4xx_StdPeriph_Driver/src/stm32f4xx_dcmi.o
DCMI_ClearITPendingBit                            obj/App/STM32F4-Discovery/Libraries/STM32F4xx_StdPeriph_Driver/src/stm32f4xx_dcmi.o
DCMI_Cmd                                          obj/App/STM32F4-Discovery/Libraries/STM32F4xx_StdPeriph_Driver/src/stm32f4xx_dcmi.o
DCMI_DeInit                                       obj/App/STM32F4-Discovery/Libraries/STM32F4xx_StdPeriph_Driver/src/stm32f4xx_dcmi.o
DCMI_GetFlagStatus                                obj/App/STM32F4-Discovery/Libraries/STM32F4xx_StdPeriph_Driver/src/stm32f4xx_dcmi.o
DCMI_GetITStatus                                  obj/App/STM32F4-Discovery/Libraries/STM32F4xx_StdPeriph_Driver/src/stm32f4xx_dcmi.o
DCMI_IRQHandler                                   obj/App/STM32F4-Discovery/startup/startup_stm32f4xx.o
DCMI_ITConfig                                     obj/App/STM32F4-Discovery/Libraries/STM32F4xx_StdPeriph_Driver/src/stm32f4xx_dcmi.o
DCMI_Init                                         obj/App/STM32F4-Discovery/Libraries/STM32F4xx_StdPeriph_Driver/src/stm32f4xx_dcmi.o
DCMI_JPEGCmd                                      obj/App/STM32F4-Discovery/Libraries/STM32F4xx_StdPeriph_Driver/src/stm32f4xx_dcmi.o
DCMI_ReadData                                     obj/App/STM32F4-Discovery/Libraries/STM32F4xx_StdPeriph_Driver/src/stm32f4xx_dcmi.o
DCMI_SetEmbeddedSynchroCodes                      obj/App/STM32F4-Discovery/Libraries/STM32F4xx_StdPeriph_Driver/src/stm32f4xx_dcmi.o
DCMI_StructInit                                   obj/App/STM32F4-Discovery/Libraries/STM32F4xx_StdPeriph_Driver/src/stm32f4xx_dcmi.o
DMA1_Stream0_IRQHandler                           obj/App/STM32F4-Discovery/startup/startup_stm32f4xx.o
DMA1_Stream1_IRQHandler                           obj/App/STM32F4-Discovery/startup/startup_stm32f4xx.o
DMA1_Stream2_IRQHandler                           obj/App/STM32F4-Discovery/startup/startup_stm32f4xx.o
DMA1_Stream3_IRQHandler                           obj/App/STM32F4-Discovery/startup/startup_stm32f4xx.o
DMA1_Stream4_IRQHandler                           obj/App/STM32F4-Discovery/startup/startup_stm32f4xx.o
DMA1_Stream5_IRQHandler                           obj/App/STM32F4-Discovery/startup/startup_stm32f4xx.o
DMA1_Stream6_IRQHandler                           obj/App/STM32F4-Discovery/startup/startup_stm32f4xx.o
DMA1_Stream7_IRQHandler                           obj/App/STM32F4-Discovery/startup/startup_stm32f4xx.o
DMA2_Stream0_IRQHandler                           obj/App/STM32F4-Discovery/startup/startup_stm32f4xx.o
DMA2_Stream1_IRQHandler                           obj/App/STM32F4-Discovery/startup/startup_stm32f4xx.o
DMA2_Stream2_IRQHandler                           obj/App/STM32F4-Discovery/startup/startup_stm32f4xx.o
DMA2_Stream3_IRQHandler                           obj/App/STM32F4-Discovery/startup/startup_stm32f4xx.o
DMA2_Stream4_IRQHandler                           obj/App/STM32F4-Discovery/startup/startup_stm32f4xx.o
DMA2_Stream5_IRQHandler                           obj/App/STM32F4-Discovery/startup/startup_stm32f4xx.o
DMA2_Stream6_IRQHandler                           obj/App/STM32F4-Discovery/startup/startup_stm32f4xx.o
DMA2_Stream7_IRQHandler                           obj/App/STM32F4-Discovery/startup/startup_stm32f4xx.o
DMA_ClearFlag                                     obj/App/STM32F4-Discovery/Libraries/STM32F4xx_StdPeriph_Driver/src/stm32f4xx_dma.o
DMA_ClearITPendingBit                             obj/App/STM32F4-Discovery/Libraries/STM32F4xx_StdPeriph_Driver/src/stm32f4xx_dma.o
DMA_Cmd                                           obj/App/STM32F4-Discovery/Libraries/STM32F4xx_StdPeriph_Driver/src/stm32f4xx_dma.o
DMA_DeInit                                        obj/App/STM32F4-Discovery/Libraries/STM32F4xx_StdPeriph_Driver/src/stm32f4xx_dma.o
DMA_DoubleBufferModeCmd                           obj/App/STM32F4-Discovery/Libraries/STM32F4xx_StdPeriph_Driver/src/stm32f4xx_dma.o
DMA_DoubleBufferModeConfig                        obj/App/STM32F4-Discovery/Libraries/STM32F4xx_StdPeriph_Driver/src/stm32f4xx_dma.o
DMA_FlowControllerConfig                          obj/App/STM32F4-Discovery/Libraries/STM32F4xx_StdPeriph_Driver/src/stm32f4xx_dma.o
DMA_GetCmdStatus                                  obj/App/STM32F4-Discovery/Libraries/STM32F4xx_StdPeriph_Driver/src/stm32f4xx_dma.o
DMA_GetCurrDataCounter                            obj/App/STM32F4-Discovery/Libraries/STM32F4xx_StdPeriph_Driver/src/stm32f4xx_dma.o
DMA_GetCurrentMemoryTarget                        obj/App/STM32F4-Discovery/Libraries/STM32F4xx_StdPeriph_Driver/src/stm32f4xx_dma.o
DMA_GetFIFOStatus                                 obj/App/STM32F4-Discovery/Libraries/STM32F4xx_StdPeriph_Driver/src/stm32f4xx_dma.o
DMA_GetFlagStatus                                 obj/App/STM32F4-Discovery/Libraries/STM32F4xx_StdPeriph_Driver/src/stm32f4xx_dma.o
DMA_GetITStatus                                   obj/App/STM32F4-Discovery/Libraries/STM32F4xx_StdPeriph_Driver/src/stm32f4xx_dma.o
DMA_ITConfig                                      obj/App/STM32F4-Discovery/Libraries/STM32F4xx_StdPeriph_Driver/src/stm32f4xx_dma.o
DMA_Init                                          obj/App/STM32F4-Discovery/Libraries/STM32F4xx_StdPeriph_Driver/src/stm32f4xx_dma.o
DMA_MemoryTargetConfig                            obj/App/STM32F4-Discovery/Libraries/STM32F4xx_StdPeriph_Driver/src/stm32f4xx_dma.o
DMA_PeriphIncOffsetSizeConfig                     obj/App/STM32F4-Discovery/Libraries/STM32F4xx_StdPeriph_Driver/src/stm32f4xx_dma.o
DMA_SetCurrDataCounter                            obj/App/STM32F4-Discovery/Libraries/STM32F4xx_StdPeriph_Driver/src/stm32f4xx_dma.o
DMA_StructInit                                    obj/App/STM32F4-Discovery/Libraries/STM32F4xx_StdPeriph_Driver/src/stm32f4xx_dma.o
DebugMon_Handler                                  obj/App/STM32F4-Discovery/startup/startup_stm32f4xx.o
Default_Handler                                   obj/App/STM32F4-Discovery/startup/startup_stm32f4xx.o
ETH_IRQHandler                                    obj/App/STM32F4-Discovery/startup/startup_stm32f4xx.o
ETH_WKUP_IRQHandler                               obj/App/STM32F4-Discovery/startup/startup_stm32f4xx.o
EXTI0_IRQHandler                                  obj/App/STM32F4-Discovery/startup/startup_stm32f4xx.o
EXTI15_10_IRQHandler                              obj/App/STM32F4-Discovery/startup/startup_stm32f4xx.o
EXTI1_IRQHandler                                  obj/App/STM32F4-Discovery/startup/startup_stm32f4xx.o
EXTI2_IRQHandler                                  obj/App/STM32F4-Discovery/startup/startup_stm32f4xx.o
EXTI3_IRQHandler                                  obj/App/STM32F4-Discovery/startup/startup_stm32f4xx.o
EXTI4_IRQHandler                                  obj/App/STM32F4-Discovery/startup/startup_stm32f4xx.o
EXTI9_5_IRQHandler                                obj/App/STM32F4-Discovery/main.o
EXTI_ClearFlag                                    obj/App/STM32F4-Discovery/Libraries/STM32F4xx_StdPeriph_Driver/src/stm32f4xx_exti.o
EXTI_ClearITPendingBit                            obj/App/STM32F4-Discovery/Libraries/STM32F4xx_StdPeriph_Driver/src/stm32f4xx_exti.o
                                                  obj/App/STM32F4-Discovery/main.o
EXTI_DeInit                                       obj/App/STM32F4-Discovery/Libraries/STM32F4xx_StdPeriph_Driver/src/stm32f4xx_exti.o
EXTI_GenerateSWInterrupt                          obj/App/STM32F4-Discovery/Libraries/STM32F4xx_StdPeriph_Driver/src/stm32f4xx_exti.o
EXTI_GetFlagStatus                                obj/App/STM32F4-Discovery/Libraries/STM32F4xx_StdPeriph_Driver/src/stm32f4xx_exti.o
EXTI_GetITStatus                                  obj/App/STM32F4-Discovery/Libraries/STM32F4xx_StdPeriph_Driver/src/stm32f4xx_exti.o
EXTI_Init                                         obj/App/STM32F4-Discovery/Libraries/STM32F4xx_StdPeriph_Driver/src/stm32f4xx_exti.o
                                                  obj/App/STM32F4-Discovery/board/stm32f4_discovery.o
EXTI_StructInit                                   obj/App/STM32F4-Discovery/Libraries/STM32F4xx_StdPeriph_Driver/src/stm32f4xx_exti.o
FLASH_ClearFlag                                   obj/App/STM32F4-Discovery/Libraries/STM32F4xx_StdPeriph_Driver/src/stm32f4xx_flash.o
FLASH_DataCacheCmd                                obj/App/STM32F4-Discovery/Libraries/STM32F4xx_StdPeriph_Driver/src/stm32f4xx_flash.o
FLASH_DataCacheReset                              obj/App/STM32F4-Discovery/Libraries/STM32F4xx_StdPeriph_Driver/src/stm32f4xx_flash.o
FLASH_EraseAllSectors                             obj/App/STM32F4-Discovery/Libraries/STM32F4xx_StdPeriph_Driver/src/stm32f4xx_flash.o
FLASH_EraseSector                                 obj/App/STM32F4-Discovery/Libraries/STM32F4xx_StdPeriph_Driver/src/stm32f4xx_flash.o
FLASH_GetFlagStatus                               obj/App/STM32F4-Discovery/Libraries/STM32F4xx_StdPeriph_Driver/src/stm32f4xx_flash.o
FLASH_GetStatus                                   obj/App/STM32F4-Discovery/Libraries/STM32F4xx_StdPeriph_Driver/src/stm32f4xx_flash.o
FLASH_IRQHandler                                  obj/App/STM32F4-Discovery/startup/startup_stm32f4xx.o
FLASH_ITConfig                                    obj/App/STM32F4-Discovery/Libraries/STM32F4xx_StdPeriph_Driver/src/stm32f4xx_flash.o
FLASH_InstructionCacheCmd                         obj/App/STM32F4-Discovery/Libraries/STM32F4xx_StdPeriph_Driver/src/stm32f4xx_flash.o
FLASH_InstructionCacheReset                       obj/App/STM32F4-Discovery/Libraries/STM32F4xx_StdPeriph_Driver/src/stm32f4xx_flash.o
FLASH_Lock                                        obj/App/STM32F4-Discovery/Libraries/STM32F4xx_StdPeriph_Driver/src/stm32f4xx_flash.o
FLASH_OB_BORConfig                                obj/App/STM32F4-Discovery/Libraries/STM32F4xx_StdPeriph_Driver/src/stm32f4xx_flash.o
FLASH_OB_GetBOR                                   obj/App/STM32F4-Discovery/Libraries/STM32F4xx_StdPeriph_Driver/src/stm32f4xx_flash.o
FLASH_OB_GetRDP                                   obj/App/STM32F4-Discovery/Libraries/STM32F4xx_StdPeriph_Driver/src/stm32f4xx_flash.o
FLASH_OB_GetUser                                  obj/App/STM32F4-Discovery/Libraries/STM32F4xx_StdPeriph_Driver/src/stm32f4xx_flash.o
FLASH_OB_GetWRP                                   obj/App/STM32F4-Discovery/Libraries/STM32F4xx_StdPeriph_Driver/src/stm32f4xx_flash.o
FLASH_OB_Launch                                   obj/App/STM32F4-Discovery/Libraries/STM32F4xx_StdPeriph_Driver/src/stm32f4xx_flash.o
FLASH_OB_Lock                                     obj/App/STM32F4-Discovery/Libraries/STM32F4xx_StdPeriph_Driver/src/stm32f4xx_flash.o
FLASH_OB_RDPConfig                                obj/App/STM32F4-Discovery/Libraries/STM32F4xx_StdPeriph_Driver/src/stm32f4xx_flash.o
FLASH_OB_Unlock                                   obj/App/STM32F4-Discovery/Libraries/STM32F4xx_StdPeriph_Driver/src/stm32f4xx_flash.o
FLASH_OB_UserConfig                               obj/App/STM32F4-Discovery/Libraries/STM32F4xx_StdPeriph_Driver/src/stm32f4xx_flash.o
FLASH_OB_WRPConfig                                obj/App/STM32F4-Discovery/Libraries/STM32F4xx_StdPeriph_Driver/src/stm32f4xx_flash.o
FLASH_PrefetchBufferCmd                           obj/App/STM32F4-Discovery/Libraries/STM32F4xx_StdPeriph_Driver/src/stm32f4xx_flash.o
FLASH_ProgramByte                                 obj/App/STM32F4-Discovery/Libraries/STM32F4xx_StdPeriph_Driver/src/stm32f4xx_flash.o
FLASH_ProgramDoubleWord                           obj/App/STM32F4-Discovery/Libraries/STM32F4xx_StdPeriph_Driver/src/stm32f4xx_flash.o
FLASH_ProgramHalfWord                             obj/App/STM32F4-Discovery/Libraries/STM32F4xx_StdPeriph_Driver/src/stm32f4xx_flash.o
FLASH_ProgramWord                                 obj/App/STM32F4-Discovery/Libraries/STM32F4xx_StdPeriph_Driver/src/stm32f4xx_flash.o
FLASH_SetLatency                                  obj/App/STM32F4-Discovery/Libraries/STM32F4xx_StdPeriph_Driver/src/stm32f4xx_flash.o
FLASH_Unlock                                      obj/App/STM32F4-Discovery/Libraries/STM32F4xx_StdPeriph_Driver/src/stm32f4xx_flash.o
FLASH_WaitForLastOperation                        obj/App/STM32F4-Discovery/Libraries/STM32F4xx_StdPeriph_Driver/src/stm32f4xx_flash.o
FPU_IRQHandler                                    obj/App/STM32F4-Discovery/startup/startup_stm32f4xx.o
FSMC_ClearFlag                                    obj/App/STM32F4-Discovery/Libraries/STM32F4xx_StdPeriph_Driver/src/stm32f4xx_fsmc.o
FSMC_ClearITPendingBit                            obj/App/STM32F4-Discovery/Libraries/STM32F4xx_StdPeriph_Driver/src/stm32f4xx_fsmc.o
FSMC_GetECC                                       obj/App/STM32F4-Discovery/Libraries/STM32F4xx_StdPeriph_Driver/src/stm32f4xx_fsmc.o
FSMC_GetFlagStatus                                obj/App/STM32F4-Discovery/Libraries/STM32F4xx_StdPeriph_Driver/src/stm32f4xx_fsmc.o
FSMC_GetITStatus                                  obj/App/STM32F4-Discovery/Libraries/STM32F4xx_StdPeriph_Driver/src/stm32f4xx_fsmc.o
FSMC_IRQHandler                                   obj/App/STM32F4-Discovery/startup/startup_stm32f4xx.o
FSMC_ITConfig                                     obj/App/STM32F4-Discovery/Libraries/STM32F4xx_StdPeriph_Driver/src/stm32f4xx_fsmc.o
FSMC_NANDCmd                                      obj/App/STM32F4-Discovery/Libraries/STM32F4xx_StdPeriph_Driver/src/stm32f4xx_fsmc.o
FSMC_NANDDeInit                                   obj/App/STM32F4-Discovery/Libraries/STM32F4xx_StdPeriph_Driver/src/stm32f4xx_fsmc.o
FSMC_NANDECCCmd                                   obj/App/STM32F4-Discovery/Libraries/STM32F4xx_StdPeriph_Driver/src/stm32f4xx_fsmc.o
FSMC_NANDInit                                     obj/App/STM32F4-Discovery/Libraries/STM32F4xx_StdPeriph_Driver/src/stm32f4xx_fsmc.o
FSMC_NANDStructInit                               obj/App/STM32F4-Discovery/Libraries/STM32F4xx_StdPeriph_Driver/src/stm32f4xx_fsmc.o
FSMC_NORSRAMCmd                                   obj/App/STM32F4-Discovery/Libraries/STM32F4xx_StdPeriph_Driver/src/stm32f4xx_fsmc.o
FSMC_NORSRAMDeInit                                obj/App/STM32F4-Discovery/Libraries/STM32F4xx_StdPeriph_Driver/src/stm32f4xx_fsmc.o
FSMC_NORSRAMInit                                  obj/App/STM32F4-Discovery/Libraries/STM32F4xx_StdPeriph_Driver/src/stm32f4xx_fsmc.o
FSMC_NORSRAMStructInit                            obj/App/STM32F4-Discovery/Libraries/STM32F4xx_StdPeriph_Driver/src/stm32f4xx_fsmc.o
FSMC_PCCARDCmd                                    obj/App/STM32F4-Discovery/Libraries/STM32F4xx_StdPeriph_Driver/src/stm32f4xx_fsmc.o
FSMC_PCCARDDeInit                                 obj/App/STM32F4-Discovery/Libraries/STM32F4xx_StdPeriph_Driver/src/stm32f4xx_fsmc.o
FSMC_PCCARDInit                                   obj/App/STM32F4-Discovery/Libraries/STM32F4xx_StdPeriph_Driver/src/stm32f4xx_fsmc.o
FSMC_PCCARDStructInit                             obj/App/STM32F4-Discovery/Libraries/STM32F4xx_StdPeriph_Driver/src/stm32f4xx_fsmc.o
GPIO_CLK                                          obj/App/STM32F4-Discovery/board/stm32f4_discovery.o
GPIO_DeInit                                       obj/App/STM32F4-Discovery/Libraries/STM32F4xx_StdPeriph_Driver/src/stm32f4xx_gpio.o
GPIO_Init                                         obj/App/STM32F4-Discovery/Libraries/STM32F4xx_StdPeriph_Driver/src/stm32f4xx_gpio.o
                                                  obj/App/STM32F4-Discovery/board/stm32f4_discovery.o
GPIO_PIN                                          obj/App/STM32F4-Discovery/board/stm32f4_discovery.o
GPIO_PORT                                         obj/App/STM32F4-Discovery/board/stm32f4_discovery.o
GPIO_PinAFConfig                                  obj/App/STM32F4-Discovery/Libraries/STM32F4xx_StdPeriph_Driver/src/stm32f4xx_gpio.o
GPIO_PinLockConfig                                obj/App/STM32F4-Discovery/Libraries/STM32F4xx_StdPeriph_Driver/src/stm32f4xx_gpio.o
GPIO_ReadInputData                                obj/App/STM32F4-Discovery/Libraries/STM32F4xx_StdPeriph_Driver/src/stm32f4xx_gpio.o
GPIO_ReadInputDataBit                             obj/App/STM32F4-Discovery/Libraries/STM32F4xx_StdPeriph_Driver/src/stm32f4xx_gpio.o
                                                  obj/App/STM32F4-Discovery/board/stm32f4_discovery.o
GPIO_ReadOutputData                               obj/App/STM32F4-Discovery/Libraries/STM32F4xx_StdPeriph_Driver/src/stm32f4xx_gpio.o
GPIO_ReadOutputDataBit                            obj/App/STM32F4-Discovery/Libraries/STM32F4xx_StdPeriph_Driver/src/stm32f4xx_gpio.o
GPIO_ResetBits                                    obj/App/STM32F4-Discovery/Libraries/STM32F4xx_StdPeriph_Driver/src/stm32f4xx_gpio.o
GPIO_SetBits                                      obj/App/STM32F4-Discovery/Libraries/STM32F4xx_StdPeriph_Driver/src/stm32f4xx_gpio.o
GPIO_StructInit                                   obj/App/STM32F4-Discovery/Libraries/STM32F4xx_StdPeriph_Driver/src/stm32f4xx_gpio.o
GPIO_ToggleBits                                   obj/App/STM32F4-Discovery/Libraries/STM32F4xx_StdPeriph_Driver/src/stm32f4xx_gpio.o
GPIO_Write                                        obj/App/STM32F4-Discovery/Libraries/STM32F4xx_StdPeriph_Driver/src/stm32f4xx_gpio.o
GPIO_WriteBit                                     obj/App/STM32F4-Discovery/Libraries/STM32F4xx_StdPeriph_Driver/src/stm32f4xx_gpio.o
HASH_ClearFlag                                    obj/App/STM32F4-Discovery/Libraries/STM32F4xx_StdPeriph_Driver/src/stm32f4xx_hash.o
HASH_ClearITPendingBit                            obj/App/STM32F4-Discovery/Libraries/STM32F4xx_StdPeriph_Driver/src/stm32f4xx_hash.o
HASH_DMACmd                                       obj/App/STM32F4-Discovery/Libraries/STM32F4xx_StdPeriph_Driver/src/stm32f4xx_hash.o
HASH_DataIn                                       obj/App/STM32F4-Discovery/Libraries/STM32F4xx_StdPeriph_Driver/src/stm32f4xx_hash.o
                                                  obj/App/STM32F4-Discovery/Libraries/STM32F4xx_StdPeriph_Driver/src/stm32f4xx_hash_sha1.o
                                                  obj/App/STM32F4-Discovery/Libraries/STM32F4xx_StdPeriph_Driver/src/stm32f4xx_hash_md5.o